[www.w3schools.com/mysql/index.html]
[backblue.gif]
[fade.gif]
[index.html]
[www.w3schools.com/images/w3schools_logo_436_2.png]
[www.w3schools.com/lib/w3schools31.css]
[www.w3schools.com/lib/uic3447.js]
[cdn.snigelweb.com/adengine/w3schools.com/loader.js]
[www.w3schools.com/lib/common-depse209.js]
[www.w3schools.com/lib/user-session0ff5.js]
[www.w3schools.com/lib/my-learning248b.js]
[www.w3schools.com/mysql/default.html]
[www.w3schools.com/mysql/mysql_ref_functions.html]
[www.w3schools.com/mysql/mysql_exercises.html]
[www.w3schools.com/mysql/mysql_quiz.html]
[www.w3schools.com/mysql/mysql_intro.html]
[www.w3schools.com/mysql/mysql_rdbms.html]
[www.w3schools.com/mysql/mysql_sql.html]
[www.w3schools.com/mysql/mysql_select.html]
[www.w3schools.com/mysql/mysql_where.html]
[www.w3schools.com/mysql/mysql_orderby.html]
[www.w3schools.com/mysql/mysql_and_or.html]
[www.w3schools.com/mysql/mysql_insert.html]
[www.w3schools.com/mysql/mysql_null_values.html]
[www.w3schools.com/mysql/mysql_update.html]
[www.w3schools.com/mysql/mysql_delete.html]
[www.w3schools.com/mysql/mysql_limit.html]
[www.w3schools.com/mysql/mysql_min_max.html]
[www.w3schools.com/mysql/mysql_count_avg_sum.html]
[www.w3schools.com/mysql/mysql_like.html]
[www.w3schools.com/mysql/mysql_wildcards.html]
[www.w3schools.com/mysql/mysql_in.html]
[www.w3schools.com/mysql/mysql_between.html]
[www.w3schools.com/mysql/mysql_alias.html]
[www.w3schools.com/mysql/mysql_join.html]
[www.w3schools.com/mysql/mysql_join_inner.html]
[www.w3schools.com/mysql/mysql_join_left.html]
[www.w3schools.com/mysql/mysql_join_right.html]
[www.w3schools.com/mysql/mysql_join_cross.html]
[www.w3schools.com/mysql/mysql_join_self.html]
[www.w3schools.com/mysql/mysql_union.html]
[www.w3schools.com/mysql/mysql_groupby.html]
[www.w3schools.com/mysql/mysql_having.html]
[www.w3schools.com/mysql/mysql_exists.html]
[www.w3schools.com/mysql/mysql_any_all.html]
[www.w3schools.com/mysql/mysql_insert_into_select.html]
[www.w3schools.com/mysql/mysql_case.html]
[www.w3schools.com/mysql/mysql_ifnull.html]
[www.w3schools.com/mysql/mysql_comments.html]
[www.w3schools.com/mysql/mysql_operators.html]
[www.w3schools.com/mysql/mysql_create_db.html]
[www.w3schools.com/mysql/mysql_drop_db.html]
[www.w3schools.com/mysql/mysql_create_table.html]
[www.w3schools.com/mysql/mysql_drop_table.html]
[www.w3schools.com/mysql/mysql_alter.html]
[www.w3schools.com/mysql/mysql_constraints.html]
[www.w3schools.com/mysql/mysql_notnull.html]
[www.w3schools.com/mysql/mysql_unique.html]
[www.w3schools.com/mysql/mysql_primarykey.html]
[www.w3schools.com/mysql/mysql_foreignkey.html]
[www.w3schools.com/mysql/mysql_check.html]
[www.w3schools.com/mysql/mysql_default.html]
[www.w3schools.com/mysql/mysql_create_index.html]
[www.w3schools.com/mysql/mysql_autoincrement.html]
[www.w3schools.com/mysql/mysql_dates.html]
[www.w3schools.com/mysql/mysql_view.html]
[www.w3schools.com/mysql/mysql_datatypes.html]
[www.w3schools.com/mysql/func_mysql_ascii.html]
[www.w3schools.com/mysql/func_mysql_char_length.html]
[www.w3schools.com/mysql/func_mysql_character_length.html]
[www.w3schools.com/mysql/func_mysql_concat.html]
[www.w3schools.com/mysql/func_mysql_concat_ws.html]
[www.w3schools.com/mysql/func_mysql_find_in_set.html]
[www.w3schools.com/mysql/func_mysql_field.html]
[www.w3schools.com/mysql/func_mysql_format.html]
[www.w3schools.com/mysql/func_mysql_instr.html]
[www.w3schools.com/mysql/func_mysql_insert.html]
[www.w3schools.com/mysql/func_mysql_lcase.html]
[www.w3schools.com/mysql/func_mysql_left.html]
[www.w3schools.com/mysql/func_mysql_length.html]
[www.w3schools.com/mysql/func_mysql_locate.html]
[www.w3schools.com/mysql/func_mysql_lower.html]
[www.w3schools.com/mysql/func_mysql_lpad.html]
[www.w3schools.com/mysql/func_mysql_ltrim.html]
[www.w3schools.com/mysql/func_mysql_mid.html]
[www.w3schools.com/mysql/func_mysql_position.html]
[www.w3schools.com/mysql/func_mysql_repeat.html]
[www.w3schools.com/mysql/func_mysql_replace.html]
[www.w3schools.com/mysql/func_mysql_reverse.html]
[www.w3schools.com/mysql/func_mysql_right.html]
[www.w3schools.com/mysql/func_mysql_rpad.html]
[www.w3schools.com/mysql/func_mysql_rtrim.html]
[www.w3schools.com/mysql/func_mysql_space.html]
[www.w3schools.com/mysql/func_mysql_strcmp.html]
[www.w3schools.com/mysql/func_mysql_substr.html]
[www.w3schools.com/mysql/func_mysql_substring.html]
[www.w3schools.com/mysql/func_mysql_substring_index.html]
[www.w3schools.com/mysql/func_mysql_trim.html]
[www.w3schools.com/mysql/func_mysql_ucase.html]
[www.w3schools.com/mysql/func_mysql_upper.html]
[www.w3schools.com/mysql/func_mysql_abs.html]
[www.w3schools.com/mysql/func_mysql_acos.html]
[www.w3schools.com/mysql/func_mysql_asin.html]
[www.w3schools.com/mysql/func_mysql_atan.html]
[www.w3schools.com/mysql/func_mysql_avg.html]
[www.w3schools.com/mysql/func_mysql_atan2.html]
[www.w3schools.com/mysql/func_mysql_ceil.html]
[www.w3schools.com/mysql/func_mysql_cos.html]
[www.w3schools.com/mysql/func_mysql_ceiling.html]
[www.w3schools.com/mysql/func_mysql_cot.html]
[www.w3schools.com/mysql/func_mysql_degrees.html]
[www.w3schools.com/mysql/func_mysql_count.html]
[www.w3schools.com/mysql/func_mysql_div.html]
[www.w3schools.com/mysql/func_mysql_exp.html]
[www.w3schools.com/mysql/func_mysql_floor.html]
[www.w3schools.com/mysql/func_mysql_greatest.html]
[www.w3schools.com/mysql/func_mysql_least.html]
[www.w3schools.com/mysql/func_mysql_ln.html]
[www.w3schools.com/mysql/func_mysql_log.html]
[www.w3schools.com/mysql/func_mysql_log10.html]
[www.w3schools.com/mysql/func_mysql_log2.html]
[www.w3schools.com/mysql/func_mysql_max.html]
[www.w3schools.com/mysql/func_mysql_min.html]
[www.w3schools.com/mysql/func_mysql_mod.html]
[www.w3schools.com/mysql/func_mysql_pi.html]
[www.w3schools.com/mysql/func_mysql_pow.html]
[www.w3schools.com/mysql/func_mysql_power.html]
[www.w3schools.com/mysql/func_mysql_radians.html]
[www.w3schools.com/mysql/func_mysql_rand.html]
[www.w3schools.com/mysql/func_mysql_round.html]
[www.w3schools.com/mysql/func_mysql_sign.html]
[www.w3schools.com/mysql/func_mysql_sin.html]
[www.w3schools.com/mysql/func_mysql_sqrt.html]
[www.w3schools.com/mysql/func_mysql_sum.html]
[www.w3schools.com/mysql/func_mysql_tan.html]
[www.w3schools.com/mysql/func_mysql_truncate.html]
[www.w3schools.com/mysql/func_mysql_adddate.html]
[www.w3schools.com/mysql/func_mysql_addtime.html]
[www.w3schools.com/mysql/func_mysql_curdate.html]
[www.w3schools.com/mysql/func_mysql_current_date.html]
[www.w3schools.com/mysql/func_mysql_current_time.html]
[www.w3schools.com/mysql/func_mysql_current_timestamp.html]
[www.w3schools.com/mysql/func_mysql_curtime.html]
[www.w3schools.com/mysql/func_mysql_date.html]
[www.w3schools.com/mysql/func_mysql_datediff.html]
[www.w3schools.com/mysql/func_mysql_date_add.html]
[www.w3schools.com/mysql/func_mysql_date_format.html]
[www.w3schools.com/mysql/func_mysql_date_sub.html]
[www.w3schools.com/mysql/func_mysql_day.html]
[www.w3schools.com/mysql/func_mysql_dayname.html]
[www.w3schools.com/mysql/func_mysql_dayofmonth.html]
[www.w3schools.com/mysql/func_mysql_dayofweek.html]
[www.w3schools.com/mysql/func_mysql_dayofyear.html]
[www.w3schools.com/mysql/func_mysql_from_days.html]
[www.w3schools.com/mysql/func_mysql_extract.html]
[www.w3schools.com/mysql/func_mysql_last_day.html]
[www.w3schools.com/mysql/func_mysql_hour.html]
[www.w3schools.com/mysql/func_mysql_localtime.html]
[www.w3schools.com/mysql/func_mysql_localtimestamp.html]
[www.w3schools.com/mysql/func_mysql_makedate.html]
[www.w3schools.com/mysql/func_mysql_maketime.html]
[www.w3schools.com/mysql/func_mysql_microsecond.html]
[www.w3schools.com/mysql/func_mysql_minute.html]
[www.w3schools.com/mysql/func_mysql_month.html]
[www.w3schools.com/mysql/func_mysql_monthname.html]
[www.w3schools.com/mysql/func_mysql_now.html]
[www.w3schools.com/mysql/func_mysql_period_add.html]
[www.w3schools.com/mysql/func_mysql_period_diff.html]
[www.w3schools.com/mysql/func_mysql_quarter.html]
[www.w3schools.com/mysql/func_mysql_sec_to_time.html]
[www.w3schools.com/mysql/func_mysql_second.html]
[www.w3schools.com/mysql/func_mysql_str_to_date.html]
[www.w3schools.com/mysql/func_mysql_subdate.html]
[www.w3schools.com/mysql/func_mysql_subtime.html]
[www.w3schools.com/mysql/func_mysql_sysdate.html]
[www.w3schools.com/mysql/func_mysql_time.html]
[www.w3schools.com/mysql/func_mysql_time_format.html]
[www.w3schools.com/mysql/func_mysql_time_to_sec.html]
[www.w3schools.com/mysql/func_mysql_timediff.html]
[www.w3schools.com/mysql/func_mysql_timestamp.html]
[www.w3schools.com/mysql/func_mysql_to_days.html]
[www.w3schools.com/mysql/func_mysql_week.html]
[www.w3schools.com/mysql/func_mysql_weekday.html]
[www.w3schools.com/mysql/func_mysql_weekofyear.html]
[www.w3schools.com/mysql/func_mysql_year.html]
[www.w3schools.com/mysql/func_mysql_yearweek.html]
[www.w3schools.com/mysql/func_mysql_bin.html]
[www.w3schools.com/mysql/func_mysql_binary.html]
[www.w3schools.com/mysql/func_mysql_case.html]
[www.w3schools.com/mysql/func_mysql_cast.html]
[www.w3schools.com/mysql/func_mysql_coalesce.html]
[www.w3schools.com/mysql/func_mysql_connection_id.html]
[www.w3schools.com/mysql/func_mysql_conv.html]
[www.w3schools.com/mysql/func_mysql_convert.html]
[www.w3schools.com/mysql/func_mysql_current_user.html]
[www.w3schools.com/mysql/func_mysql_database.html]
[www.w3schools.com/mysql/func_mysql_if.html]
[www.w3schools.com/mysql/func_mysql_ifnull.html]
[www.w3schools.com/mysql/func_mysql_isnull.html]
[www.w3schools.com/mysql/func_mysql_last_insert_id.html]
[www.w3schools.com/mysql/func_mysql_nullif.html]
[www.w3schools.com/mysql/func_mysql_session_user.html]
[www.w3schools.com/mysql/func_mysql_user.html]
[www.w3schools.com/mysql/func_mysql_system_user.html]
[www.w3schools.com/mysql/mysql_examples.html]
[www.w3schools.com/mysql/mysql_editor.html]
[www.w3schools.com/mysql/func_mysql_version.html]
[www.w3schools.com/mysql/mysql_exam.html]
[www.w3schools.com/mysql/trymysql786e.html]
[www.w3schools.com/images/mylearning.png]
[www.w3schools.com/mysql/exercise79a6.html]
[www.w3schools.com/images/img_backend_300.png]
[www.w3schools.com/images/colorpicker2000.png]
[www.w3schools.com/images/img_subs_300.png]
[www.w3schools.com/images/img_subs_120.png]
[www.w3schools.com/images/img_subs_160.png]
[www.w3schools.com/images/img_bootcamp_120.png]
[www.w3schools.com/images/img_bootcamp_160.png]
[www.w3schools.com/images/img_bootcamp_300.png]
[www.w3schools.com/images/img_backend_120.png]
[www.w3schools.com/images/img_backend_160.png]
[www.w3schools.com/images/img_backend_120_react.png]
[www.w3schools.com/images/img_backend_160_react.png]
[www.w3schools.com/images/img_backend_300_react.png]
[www.w3schools.com/images/img_backend_120_php.png]
[www.w3schools.com/images/img_backend_160_php.png]
[www.w3schools.com/images/img_backend_300_php.png]
[www.w3schools.com/images/img_backend_120_numpy.png]
[www.w3schools.com/images/img_backend_160_numpy.png]
[www.w3schools.com/images/img_backend_300_numpy.png]
[www.w3schools.com/images/img_backend_120_django.png]
[www.w3schools.com/images/img_backend_160_django.png]
[www.w3schools.com/images/img_backend_300_django.png]
[www.w3schools.com/images/img_backend_120_ts.png]
[www.w3schools.com/images/img_backend_160_ts.png]
[www.w3schools.com/images/img_backend_300_ts.png]
[www.w3schools.com/images/img_backend_120_node.png]
[www.w3schools.com/images/img_backend_160_node.png]
[www.w3schools.com/images/img_backend_300_node.png]
[www.w3schools.com/images/img_backend_120_pandas.png]
[www.w3schools.com/images/img_backend_160_pandas.png]
[www.w3schools.com/images/img_backend_300_pandas.png]
[www.w3schools.com/images/img_backend_120_python.png]
[www.w3schools.com/images/img_backend_160_python.png]
[www.w3schools.com/images/img_backend_300_python.png]
[www.w3schools.com/lib/w3schools_footer721a.js]
[www.w3schools.com/mysql/index.html]
[www.w3schools.com/lib/fonts/source-code-pro-v14-latin-regular.eot]
[www.w3schools.com/lib/fonts/source-code-pro-v14-latin-regulard41d.eot]
[www.w3schools.com/lib/fonts/source-code-pro-v14-latin-regular.woff2]
[www.w3schools.com/lib/fonts/source-code-pro-v14-latin-regular.woff]
[www.w3schools.com/lib/fonts/source-code-pro-v14-latin-regular.ttf]
[www.w3schools.com/lib/fonts/source-code-pro-v14-latin-regular.svg]
[www.w3schools.com/lib/fonts/roboto-mono-v13-latin-500.eot]
[www.w3schools.com/lib/fonts/roboto-mono-v13-latin-500d41d.eot]
[www.w3schools.com/lib/fonts/roboto-mono-v13-latin-500.woff2]
[www.w3schools.com/lib/fonts/roboto-mono-v13-latin-500.woff]
[www.w3schools.com/lib/fonts/roboto-mono-v13-latin-500.ttf]
[www.w3schools.com/lib/fonts/roboto-mono-v13-latin-500.svg]
[www.w3schools.com/lib/fonts/source-sans-pro-v14-latin-700.eot]
[www.w3schools.com/lib/fonts/source-sans-pro-v14-latin-700d41d.eot]
[www.w3schools.com/lib/fonts/source-sans-pro-v14-latin-700.woff2]
[www.w3schools.com/lib/fonts/source-sans-pro-v14-latin-700.woff]
[www.w3schools.com/lib/fonts/source-sans-pro-v14-latin-700.ttf]
[www.w3schools.com/lib/fonts/source-sans-pro-v14-latin-700.svg]
[www.w3schools.com/lib/fonts/source-sans-pro-v14-latin-600.eot]
[www.w3schools.com/lib/fonts/source-sans-pro-v14-latin-600d41d.eot]
[www.w3schools.com/lib/fonts/source-sans-pro-v14-latin-600.woff2]
[www.w3schools.com/lib/fonts/source-sans-pro-v14-latin-600.woff]
[www.w3schools.com/lib/fonts/source-sans-pro-v14-latin-600.ttf]
[www.w3schools.com/lib/fonts/source-sans-pro-v14-latin-600.svg]
[www.w3schools.com/lib/fonts/freckle-face-v9-latin-regular.eot]
[www.w3schools.com/lib/fonts/freckle-face-v9-latin-regulard41d.eot]
[www.w3schools.com/lib/fonts/freckle-face-v9-latin-regular.woff2]
[www.w3schools.com/lib/fonts/freckle-face-v9-latin-regular.woff]
[www.w3schools.com/lib/fonts/freckle-face-v9-latin-regular.ttf]
[www.w3schools.com/lib/fonts/freckle-face-v9-latin-regular.svg]
[www.w3schools.com/lib/fonts/montserrat-v18-latin-regular.eot]
[www.w3schools.com/lib/fonts/montserrat-v18-latin-regulard41d.eot]
[www.w3schools.com/lib/fonts/montserrat-v18-latin-regular.woff2]
[www.w3schools.com/lib/fonts/montserrat-v18-latin-regular.woff]
[www.w3schools.com/lib/fonts/montserrat-v18-latin-regular.ttf]
[www.w3schools.com/lib/fonts/montserrat-v18-latin-regular.svg]
[www.w3schools.com/lib/fonts/fontawesome8deb.eot]
[www.w3schools.com/lib/fonts/fontawesome8deb.woff2]
[www.w3schools.com/lib/fonts/fontawesome8deb.woff]
[www.w3schools.com/lib/fonts/fontawesome8deb.ttf]
[www.w3schools.com/lib/w3schools31.css]
[www.googletagmanager.com/gtm5445.html]
[www.w3schools.com/mysql/python/index.html]
[www.w3schools.com/mysql/numpy/index.html]
[www.w3schools.com/mysql/pandas/index.html]
[www.w3schools.com/mysql/scipy/index.html]
[www.w3schools.com/mysql/default.html]
[www.w3schools.com/mysql/mysql_ref_functions.html]
[www.w3schools.com/lib/fonts/fontawesome8deb.svg]
[www.w3schools.com/mysql/mysql_exercises.html]
[www.w3schools.com/mysql/mysql_quiz.html]
[www.w3schools.com/mysql/mysql_intro.html]
[www.w3schools.com/mysql/mysql_rdbms.html]
[www.w3schools.com/mysql/mysql_sql.html]
[www.w3schools.com/mysql/exercise.html]
[www.w3schools.com/mysql/trymysqld73d.html]
[www.w3schools.com/mysql/trymysql27c7.html]
[www.w3schools.com/mysql/trymysql5458.html]
[www.w3schools.com/mysql/trymysqlf770.html]
[www.w3schools.com/mysql/mysql_select.html]
[www.w3schools.com/mysql/trymysql03b0.html]
[www.w3schools.com/mysql/trymysql3a0e.html]
[www.w3schools.com/mysql/trymysql5c63.html]
[www.w3schools.com/mysql/trymysql015f.html]
[www.w3schools.com/mysql/trymysqlef1e.html]
[www.w3schools.com/mysql/trymysql12f8.html]
[www.w3schools.com/mysql/trymysql262a.html]
[www.w3schools.com/mysql/trymysql8c94.html]
[www.w3schools.com/mysql/trymysql3fd0.html]
[www.w3schools.com/mysql/trymysql6665.html]
[www.w3schools.com/mysql/trymysql559d.html]
[www.w3schools.com/mysql/mysql_where.html]
[www.w3schools.com/mysql/exercised7d6.html]
[www.w3schools.com/mysql/trymysql78bc.html]
[www.w3schools.com/mysql/trymysql825f.html]
[www.w3schools.com/mysql/trymysqlcfb5.html]
[www.w3schools.com/mysql/trymysql27ec.html]
[www.w3schools.com/mysql/trymysql0a27.html]
[www.w3schools.com/mysql/trymysql1f53.html]
[www.w3schools.com/mysql/mysql_and_or.html]
[www.w3schools.com/mysql/exercise3120.html]
[www.w3schools.com/mysql/trymysql5221.html]
[www.w3schools.com/mysql/trymysql26ab.html]
[www.w3schools.com/mysql/trymysqled6e.html]
[www.w3schools.com/mysql/trymysqleda3.html]
[www.w3schools.com/mysql/mysql_orderby.html]
[www.w3schools.com/mysql/exercise6b0d.html]
[www.w3schools.com/mysql/mysql_insert.html]
[www.w3schools.com/mysql/exercise995e.html]
[www.w3schools.com/mysql/trymysql5a91.html]
[www.w3schools.com/mysql/trymysql6c13.html]
[www.w3schools.com/mysql/mysql_null_values.html]
[www.w3schools.com/mysql/exercise2749.html]
[www.w3schools.com/mysql/mysql_update.html]
[www.w3schools.com/mysql/exerciseb326.html]
[www.w3schools.com/mysql/mysql_delete.html]
[www.w3schools.com/mysql/exercise7375.html]
[www.w3schools.com/mysql/trymysql5298.html]
[www.w3schools.com/mysql/trymysql2614.html]
[www.w3schools.com/mysql/mysql_limit.html]
[www.w3schools.com/mysql/trymysql411b.html]
[www.w3schools.com/mysql/trymysqle2a2.html]
[www.w3schools.com/mysql/mysql_min_max.html]
[www.w3schools.com/mysql/exercise75c3.html]
[www.w3schools.com/mysql/trymysqle806.html]
[www.w3schools.com/mysql/trymysqlf8e8.html]
[www.w3schools.com/mysql/trymysqle7ad.html]
[www.w3schools.com/mysql/mysql_count_avg_sum.html]
[www.w3schools.com/mysql/exercisef48c.html]
[www.w3schools.com/mysql/trymysql2c3e.html]
[www.w3schools.com/mysql/trymysql9d73.html]
[www.w3schools.com/mysql/trymysqle1fb.html]
[www.w3schools.com/mysql/trymysqld6fe.html]
[www.w3schools.com/mysql/trymysql89e0.html]
[www.w3schools.com/mysql/trymysqlf65e.html]
[www.w3schools.com/mysql/trymysql1fc3.html]
[www.w3schools.com/mysql/mysql_like.html]
[www.w3schools.com/mysql/exercised397.html]
[www.w3schools.com/mysql/trymysql0d68.html]
[www.w3schools.com/mysql/trymysqlde9a.html]
[www.w3schools.com/mysql/trymysqlfcd8.html]
[www.w3schools.com/mysql/trymysql7227.html]
[www.w3schools.com/mysql/mysql_wildcards.html]
[www.w3schools.com/mysql/exercisec715.html]
[www.w3schools.com/mysql/trymysql41d1.html]
[www.w3schools.com/mysql/trymysql83f3.html]
[www.w3schools.com/mysql/trymysql20d7.html]
[www.w3schools.com/mysql/mysql_in.html]
[www.w3schools.com/mysql/exercisec808.html]
[www.w3schools.com/mysql/trymysql16e2.html]
[www.w3schools.com/mysql/trymysql961d.html]
[www.w3schools.com/mysql/trymysqlae87.html]
[www.w3schools.com/mysql/trymysql702b.html]
[www.w3schools.com/mysql/trymysql2a67.html]
[www.w3schools.com/mysql/trymysqldcb9.html]
[www.w3schools.com/mysql/trymysqlcd29.html]
[www.w3schools.com/mysql/mysql_between.html]
[www.w3schools.com/mysql/exercise86d4.html]
[www.w3schools.com/mysql/trymysqla326.html]
[www.w3schools.com/mysql/trymysqlb41f.html]
[www.w3schools.com/mysql/trymysql7913.html]
[www.w3schools.com/mysql/trymysql2461.html]
[www.w3schools.com/mysql/trymysql2923.html]
[www.w3schools.com/mysql/mysql_alias.html]
[www.w3schools.com/mysql/exercisef602.html]
[www.w3schools.com/mysql/trymysqld4a8.html]
[www.w3schools.com/mysql/img_innerjoin.gif]
[www.w3schools.com/mysql/img_leftjoin.gif]
[www.w3schools.com/mysql/img_rightjoin.gif]
[www.w3schools.com/mysql/img_crossjoin.png]
[www.w3schools.com/mysql/mysql_join.html]
[www.w3schools.com/mysql/exercisebe91.html]
[www.w3schools.com/mysql/trymysql2d1f.html]
[www.w3schools.com/mysql/trymysqlb08f.html]
[www.w3schools.com/mysql/mysql_join_inner.html]
[www.w3schools.com/mysql/exercisecab4.html]
[www.w3schools.com/mysql/trymysql4e45.html]
[www.w3schools.com/mysql/mysql_join_left.html]
[www.w3schools.com/mysql/trymysql564b.html]
[www.w3schools.com/mysql/mysql_join_right.html]
[www.w3schools.com/mysql/exercise545d.html]
[www.w3schools.com/mysql/trymysql2812.html]
[www.w3schools.com/mysql/trymysql6246.html]
[www.w3schools.com/mysql/mysql_join_cross.html]
[www.w3schools.com/mysql/trymysql795f.html]
[www.w3schools.com/mysql/mysql_join_self.html]
[www.w3schools.com/mysql/trymysqld1d0.html]
[www.w3schools.com/mysql/trymysqlb50d.html]
[www.w3schools.com/mysql/trymysql6206.html]
[www.w3schools.com/mysql/trymysqlc4c7.html]
[www.w3schools.com/mysql/mysql_union.html]
[www.w3schools.com/mysql/trymysql6946.html]
[www.w3schools.com/mysql/trymysql2fd2.html]
[www.w3schools.com/mysql/trymysql8002.html]
[www.w3schools.com/mysql/trymysqlf3cc.html]
[www.w3schools.com/mysql/mysql_groupby.html]
[www.w3schools.com/mysql/exercised32f.html]
[www.w3schools.com/mysql/trymysqld5a7.html]
[www.w3schools.com/mysql/trymysqlc151.html]
[www.w3schools.com/mysql/trymysqlcb84.html]
[www.w3schools.com/mysql/trymysqlc5c8.html]
[www.w3schools.com/mysql/mysql_having.html]
[www.w3schools.com/mysql/trymysql77ff.html]
[www.w3schools.com/mysql/trymysql7fc1.html]
[www.w3schools.com/mysql/mysql_exists.html]
[www.w3schools.com/mysql/trymysqla9d0.html]
[www.w3schools.com/mysql/trymysql356a.html]
[www.w3schools.com/mysql/trymysqlc165.html]
[www.w3schools.com/mysql/trymysql1785.html]
[www.w3schools.com/mysql/trymysqld178.html]
[www.w3schools.com/mysql/mysql_any_all.html]
[www.w3schools.com/mysql/mysql_insert_into_select.html]
[www.w3schools.com/mysql/trymysqld945.html]
[www.w3schools.com/mysql/trymysql8936.html]
[www.w3schools.com/mysql/mysql_case.html]
[www.w3schools.com/mysql/mysql_ifnull.html]
[www.w3schools.com/mysql/trymysqlc799.html]
[www.w3schools.com/mysql/trymysql9808.html]
[www.w3schools.com/mysql/trymysqled2f.html]
[www.w3schools.com/mysql/trymysql1e86.html]
[www.w3schools.com/mysql/trymysql7af1.html]
[www.w3schools.com/mysql/trymysql061e.html]
[www.w3schools.com/mysql/mysql_comments.html]
[www.w3schools.com/mysql/trymysql3964.html]
[www.w3schools.com/mysql/trymysql5ecc.html]
[www.w3schools.com/mysql/trymysqlb181.html]
[www.w3schools.com/mysql/trymysqlc3fa.html]
[www.w3schools.com/mysql/trymysqlc0e1.html]
[www.w3schools.com/mysql/trymysqlf253.html]
[www.w3schools.com/mysql/trymysql026f.html]
[www.w3schools.com/mysql/trymysqlc815.html]
[www.w3schools.com/mysql/trymysqle848.html]
[www.w3schools.com/mysql/trymysql3a43.html]
[www.w3schools.com/mysql/trymysqlc298.html]
[www.w3schools.com/mysql/trymysql2d79.html]
[www.w3schools.com/mysql/trymysql546a.html]
[www.w3schools.com/mysql/mysql_operators.html]
[www.w3schools.com/mysql/mysql_create_db.html]
[www.w3schools.com/mysql/exerciseb658.html]
[www.w3schools.com/mysql/mysql_drop_db.html]
[www.w3schools.com/mysql/exercised17d.html]
[www.w3schools.com/mysql/mysql_create_table.html]
[www.w3schools.com/mysql/exercise4540.html]
[www.w3schools.com/mysql/mysql_drop_table.html]
[www.w3schools.com/mysql/exercise10dd.html]
[www.w3schools.com/mysql/mysql_alter.html]
[www.w3schools.com/mysql/mysql_constraints.html]
[www.w3schools.com/mysql/mysql_notnull.html]
[www.w3schools.com/mysql/mysql_unique.html]
[www.w3schools.com/mysql/mysql_primarykey.html]
[www.w3schools.com/mysql/mysql_foreignkey.html]
[www.w3schools.com/mysql/mysql_check.html]
[www.w3schools.com/mysql/mysql_default.html]
[www.w3schools.com/mysql/mysql_create_index.html]
[www.w3schools.com/mysql/mysql_autoincrement.html]
[www.w3schools.com/mysql/mysql_dates.html]
[www.w3schools.com/mysql/mysql_view.html]
[www.w3schools.com/mysql/mysql_datatypes.html]
[www.w3schools.com/mysql/exerciseabc7.html]
[www.w3schools.com/mysql/func_mysql_ascii.html]
[www.w3schools.com/mysql/trymysql787b.html]
[www.w3schools.com/mysql/trymysqlb149.html]
[www.w3schools.com/mysql/trymysql52e7.html]
[www.w3schools.com/mysql/func_mysql_char_length.html]
[www.w3schools.com/mysql/trymysql0116.html]
[www.w3schools.com/mysql/trymysql31d5.html]
[www.w3schools.com/mysql/func_mysql_character_length.html]
[www.w3schools.com/mysql/trymysql4c6d.html]
[www.w3schools.com/mysql/trymysql1b24.html]
[www.w3schools.com/mysql/func_mysql_concat.html]
[www.w3schools.com/mysql/trymysql6c0e.html]
[www.w3schools.com/mysql/func_mysql_concat_ws.html]
[www.w3schools.com/mysql/trymysql9a3b.html]
[www.w3schools.com/mysql/trymysql3f87.html]
[www.w3schools.com/mysql/trymysql335b.html]
[www.w3schools.com/mysql/trymysql23f2.html]
[www.w3schools.com/mysql/trymysql7990.html]
[www.w3schools.com/mysql/func_mysql_field.html]
[www.w3schools.com/mysql/trymysqld7bf.html]
[www.w3schools.com/mysql/trymysqlc281.html]
[www.w3schools.com/mysql/trymysql7ecd.html]
[www.w3schools.com/mysql/func_mysql_find_in_set.html]
[www.w3schools.com/mysql/trymysqlc724.html]
[www.w3schools.com/mysql/trymysql952e.html]
[www.w3schools.com/mysql/func_mysql_format.html]
[www.w3schools.com/mysql/trymysql0218.html]
[www.w3schools.com/mysql/trymysql601e.html]
[www.w3schools.com/mysql/func_mysql_insert.html]
[www.w3schools.com/mysql/trymysql7cb5.html]
[www.w3schools.com/mysql/trymysql58d2.html]
[www.w3schools.com/mysql/trymysqlb6e8.html]
[www.w3schools.com/mysql/func_mysql_instr.html]
[www.w3schools.com/mysql/trymysql45e7.html]
[www.w3schools.com/mysql/trymysql58cf.html]
[www.w3schools.com/mysql/func_mysql_lcase.html]
[www.w3schools.com/mysql/trymysql25f8.html]
[www.w3schools.com/mysql/trymysqld4c2.html]
[www.w3schools.com/mysql/func_mysql_left.html]
[www.w3schools.com/mysql/trymysql52ac.html]
[www.w3schools.com/mysql/trymysqlac40.html]
[www.w3schools.com/mysql/func_mysql_length.html]
[www.w3schools.com/mysql/trymysqlf7c2.html]
[www.w3schools.com/mysql/trymysqlf73d.html]
[www.w3schools.com/mysql/trymysql1d1d.html]
[www.w3schools.com/mysql/func_mysql_locate.html]
[www.w3schools.com/mysql/trymysql42ce.html]
[www.w3schools.com/mysql/trymysql6545.html]
[www.w3schools.com/mysql/func_mysql_lower.html]
[www.w3schools.com/mysql/trymysql0373.html]
[www.w3schools.com/mysql/trymysql38e4.html]
[www.w3schools.com/mysql/func_mysql_lpad.html]
[www.w3schools.com/mysql/func_mysql_ltrim.html]
[www.w3schools.com/mysql/trymysql34d5.html]
[www.w3schools.com/mysql/trymysqle60f.html]
[www.w3schools.com/mysql/trymysqlc334.html]
[www.w3schools.com/mysql/func_mysql_mid.html]
[www.w3schools.com/mysql/trymysql5063.html]
[www.w3schools.com/mysql/trymysql292d.html]
[www.w3schools.com/mysql/trymysql85ff.html]
[www.w3schools.com/mysql/func_mysql_position.html]
[www.w3schools.com/mysql/trymysql680f.html]
[www.w3schools.com/mysql/trymysqle8c4.html]
[www.w3schools.com/mysql/trymysql6f48.html]
[www.w3schools.com/mysql/trymysql2b83.html]
[www.w3schools.com/mysql/func_mysql_repeat.html]
[www.w3schools.com/mysql/trymysql86b0.html]
[www.w3schools.com/mysql/trymysql7c19.html]
[www.w3schools.com/mysql/trymysql0baa.html]
[www.w3schools.com/mysql/func_mysql_replace.html]
[www.w3schools.com/mysql/trymysql66f0.html]
[www.w3schools.com/mysql/trymysqle952.html]
[www.w3schools.com/mysql/trymysql2fe9.html]
[www.w3schools.com/mysql/func_mysql_reverse.html]
[www.w3schools.com/mysql/trymysql3ec3.html]
[www.w3schools.com/mysql/trymysqld036.html]
[www.w3schools.com/mysql/func_mysql_right.html]
[www.w3schools.com/mysql/trymysqla388.html]
[www.w3schools.com/mysql/trymysql8c3e.html]
[www.w3schools.com/mysql/func_mysql_rpad.html]
[www.w3schools.com/mysql/trymysql89ad.html]
[www.w3schools.com/mysql/func_mysql_rtrim.html]
[www.w3schools.com/mysql/trymysqle1ad.html]
[www.w3schools.com/mysql/func_mysql_space.html]
[www.w3schools.com/mysql/trymysqlb6f6.html]
[www.w3schools.com/mysql/func_mysql_strcmp.html]
[www.w3schools.com/mysql/trymysql9009.html]
[www.w3schools.com/mysql/trymysql7d8a.html]
[www.w3schools.com/mysql/trymysql87f0.html]
[www.w3schools.com/mysql/func_mysql_substr.html]
[www.w3schools.com/mysql/trymysql171e.html]
[www.w3schools.com/mysql/trymysql472a.html]
[www.w3schools.com/mysql/trymysqlb1ef.html]
[www.w3schools.com/mysql/trymysqlcf7f.html]
[www.w3schools.com/mysql/func_mysql_substring.html]
[www.w3schools.com/mysql/trymysql2675.html]
[www.w3schools.com/mysql/trymysqle5bf.html]
[www.w3schools.com/mysql/func_mysql_substring_index.html]
[www.w3schools.com/mysql/trymysqlb92e.html]
[www.w3schools.com/mysql/func_mysql_trim.html]
[www.w3schools.com/mysql/trymysqlf10a.html]
[www.w3schools.com/mysql/trymysql1395.html]
[www.w3schools.com/mysql/func_mysql_ucase.html]
[www.w3schools.com/mysql/trymysqlac27.html]
[www.w3schools.com/mysql/func_mysql_upper.html]
[www.w3schools.com/mysql/trymysqla48b.html]
[www.w3schools.com/mysql/func_mysql_abs.html]
[www.w3schools.com/mysql/trymysqlfd8b.html]
[www.w3schools.com/mysql/trymysqlb218.html]
[www.w3schools.com/mysql/func_mysql_acos.html]
[www.w3schools.com/mysql/trymysqlc17e.html]
[www.w3schools.com/mysql/trymysqlaf15.html]
[www.w3schools.com/mysql/trymysqlfd15.html]
[www.w3schools.com/mysql/func_mysql_asin.html]
[www.w3schools.com/mysql/trymysql0255.html]
[www.w3schools.com/mysql/func_mysql_atan.html]
[www.w3schools.com/mysql/trymysql7827.html]
[www.w3schools.com/mysql/trymysql8ac2.html]
[www.w3schools.com/mysql/func_mysql_atan2.html]
[www.w3schools.com/mysql/trymysql86c3.html]
[www.w3schools.com/mysql/trymysqlfd87.html]
[www.w3schools.com/mysql/trymysqlcaf2.html]
[www.w3schools.com/mysql/func_mysql_avg.html]
[www.w3schools.com/mysql/trymysql5891.html]
[www.w3schools.com/mysql/func_mysql_ceil.html]
[www.w3schools.com/mysql/trymysql083f.html]
[www.w3schools.com/mysql/trymysql2441.html]
[www.w3schools.com/mysql/trymysqla533.html]
[www.w3schools.com/mysql/func_mysql_ceiling.html]
[www.w3schools.com/mysql/trymysqlf697.html]
[www.w3schools.com/mysql/func_mysql_cos.html]
[www.w3schools.com/mysql/trymysql1638.html]
[www.w3schools.com/mysql/trymysqledd3.html]
[www.w3schools.com/mysql/func_mysql_cot.html]
[www.w3schools.com/mysql/trymysqla9aa.html]
[www.w3schools.com/mysql/trymysqlf27a.html]
[www.w3schools.com/mysql/func_mysql_count.html]
[www.w3schools.com/mysql/trymysql9aba.html]
[www.w3schools.com/mysql/func_mysql_degrees.html]
[www.w3schools.com/mysql/trymysql502e.html]
[www.w3schools.com/mysql/trymysql125d.html]
[www.w3schools.com/mysql/func_mysql_div.html]
[www.w3schools.com/mysql/trymysql9ac8.html]
[www.w3schools.com/mysql/trymysql41c2.html]
[www.w3schools.com/mysql/func_mysql_exp.html]
[www.w3schools.com/mysql/trymysql9784.html]
[www.w3schools.com/mysql/trymysql6935.html]
[www.w3schools.com/mysql/trymysqlf989.html]
[www.w3schools.com/mysql/func_mysql_floor.html]
[www.w3schools.com/mysql/trymysql0dc0.html]
[www.w3schools.com/mysql/func_mysql_greatest.html]
[www.w3schools.com/mysql/trymysql6c85.html]
[www.w3schools.com/mysql/trymysqle582.html]
[www.w3schools.com/mysql/trymysql20a9.html]
[www.w3schools.com/mysql/func_mysql_least.html]
[www.w3schools.com/mysql/trymysqlbafa.html]
[www.w3schools.com/mysql/trymysqlac93.html]
[www.w3schools.com/mysql/func_mysql_ln.html]
[www.w3schools.com/mysql/trymysql062b.html]
[www.w3schools.com/mysql/func_mysql_log.html]
[www.w3schools.com/mysql/trymysqla5ce.html]
[www.w3schools.com/mysql/trymysql2161.html]
[www.w3schools.com/mysql/func_mysql_log10.html]
[www.w3schools.com/mysql/trymysql392b.html]
[www.w3schools.com/mysql/trymysqldd63.html]
[www.w3schools.com/mysql/trymysql2129.html]
[www.w3schools.com/mysql/func_mysql_log2.html]
[www.w3schools.com/mysql/func_mysql_max.html]
[www.w3schools.com/mysql/trymysqlde05.html]
[www.w3schools.com/mysql/trymysql6ddf.html]
[www.w3schools.com/mysql/func_mysql_min.html]
[www.w3schools.com/mysql/trymysqlfebd.html]
[www.w3schools.com/mysql/trymysql07e5.html]
[www.w3schools.com/mysql/trymysql3f60.html]
[www.w3schools.com/mysql/func_mysql_mod.html]
[www.w3schools.com/mysql/trymysqle98e.html]
[www.w3schools.com/mysql/func_mysql_pi.html]
[www.w3schools.com/mysql/trymysql6477.html]
[www.w3schools.com/mysql/trymysql6b44.html]
[www.w3schools.com/mysql/func_mysql_pow.html]
[www.w3schools.com/mysql/trymysql7935.html]
[www.w3schools.com/mysql/func_mysql_power.html]
[www.w3schools.com/mysql/trymysql40cf.html]
[www.w3schools.com/mysql/trymysql1927.html]
[www.w3schools.com/mysql/func_mysql_radians.html]
[www.w3schools.com/mysql/trymysql8245.html]
[www.w3schools.com/mysql/trymysql7614.html]
[www.w3schools.com/mysql/trymysqlae44.html]
[www.w3schools.com/mysql/trymysql181b.html]
[www.w3schools.com/mysql/trymysql9de6.html]
[www.w3schools.com/mysql/func_mysql_rand.html]
[www.w3schools.com/mysql/trymysql4d40.html]
[www.w3schools.com/mysql/trymysqlba1c.html]
[www.w3schools.com/mysql/func_mysql_round.html]
[www.w3schools.com/mysql/trymysql3c62.html]
[www.w3schools.com/mysql/func_mysql_sign.html]
[www.w3schools.com/mysql/trymysql79b9.html]
[www.w3schools.com/mysql/trymysql7397.html]
[www.w3schools.com/mysql/trymysql2eba.html]
[www.w3schools.com/mysql/func_mysql_sin.html]
[www.w3schools.com/mysql/trymysql561f.html]
[www.w3schools.com/mysql/trymysqlbd74.html]
[www.w3schools.com/mysql/func_mysql_sqrt.html]
[www.w3schools.com/mysql/trymysql2f7f.html]
[www.w3schools.com/mysql/func_mysql_sum.html]
[www.w3schools.com/mysql/trymysqlc0ed.html]
[www.w3schools.com/mysql/trymysql26d0.html]
[www.w3schools.com/mysql/func_mysql_tan.html]
[www.w3schools.com/mysql/trymysql7f69.html]
[www.w3schools.com/mysql/trymysqlaeba.html]
[www.w3schools.com/mysql/func_mysql_truncate.html]
[www.w3schools.com/mysql/trymysqlb006.html]
[www.w3schools.com/mysql/trymysql4a7a.html]
[www.w3schools.com/mysql/trymysql0002.html]
[www.w3schools.com/mysql/func_mysql_adddate.html]
[www.w3schools.com/mysql/trymysqldd60.html]
[www.w3schools.com/mysql/trymysqlf2c6.html]
[www.w3schools.com/mysql/trymysqla512.html]
[www.w3schools.com/mysql/trymysqlf942.html]
[www.w3schools.com/mysql/trymysql75ad.html]
[www.w3schools.com/mysql/trymysql5b05.html]
[www.w3schools.com/mysql/func_mysql_addtime.html]
[www.w3schools.com/mysql/trymysql6888.html]
[www.w3schools.com/mysql/trymysqlca5e.html]
[www.w3schools.com/mysql/func_mysql_curdate.html]
[www.w3schools.com/mysql/trymysqlac48.html]
[www.w3schools.com/mysql/trymysql494f.html]
[www.w3schools.com/mysql/func_mysql_current_date.html]
[www.w3schools.com/mysql/trymysql330e.html]
[www.w3schools.com/mysql/trymysqlbf4a.html]
[www.w3schools.com/mysql/func_mysql_current_time.html]
[www.w3schools.com/mysql/trymysql8b6f.html]
[www.w3schools.com/mysql/trymysqlf503.html]
[www.w3schools.com/mysql/func_mysql_current_timestamp.html]
[www.w3schools.com/mysql/trymysql87ae.html]
[www.w3schools.com/mysql/trymysql82c8.html]
[www.w3schools.com/mysql/func_mysql_curtime.html]
[www.w3schools.com/mysql/trymysql61b3.html]
[www.w3schools.com/mysql/trymysqldde7.html]
[www.w3schools.com/mysql/trymysql4d28.html]
[www.w3schools.com/mysql/func_mysql_date.html]
[www.w3schools.com/mysql/trymysqlba56.html]
[www.w3schools.com/mysql/trymysqlcce6.html]
[www.w3schools.com/mysql/trymysql0522.html]
[www.w3schools.com/mysql/trymysqlb55a.html]
[www.w3schools.com/mysql/func_mysql_datediff.html]
[www.w3schools.com/mysql/trymysql8856.html]
[www.w3schools.com/mysql/trymysql0cf5.html]
[www.w3schools.com/mysql/trymysqle049.html]
[www.w3schools.com/mysql/trymysqlbcd4.html]
[www.w3schools.com/mysql/func_mysql_date_add.html]
[www.w3schools.com/mysql/trymysqle3cd.html]
[www.w3schools.com/mysql/trymysqla921.html]
[www.w3schools.com/mysql/trymysql756a.html]
[www.w3schools.com/mysql/trymysqlb522.html]
[www.w3schools.com/mysql/func_mysql_date_format.html]
[www.w3schools.com/mysql/trymysqlba1d.html]
[www.w3schools.com/mysql/trymysql7306.html]
[www.w3schools.com/mysql/trymysql7b38.html]
[www.w3schools.com/mysql/func_mysql_date_sub.html]
[www.w3schools.com/mysql/trymysql45c5.html]
[www.w3schools.com/mysql/trymysql258e.html]
[www.w3schools.com/mysql/trymysqldcdb.html]
[www.w3schools.com/mysql/trymysqlcb56.html]
[www.w3schools.com/mysql/func_mysql_day.html]
[www.w3schools.com/mysql/trymysql23a9.html]
[www.w3schools.com/mysql/trymysqlc48c.html]
[www.w3schools.com/mysql/func_mysql_dayname.html]
[www.w3schools.com/mysql/trymysqla988.html]
[www.w3schools.com/mysql/trymysqlb2a3.html]
[www.w3schools.com/mysql/trymysqlece3.html]
[www.w3schools.com/mysql/func_mysql_dayofmonth.html]
[www.w3schools.com/mysql/trymysql71a3.html]
[www.w3schools.com/mysql/trymysql901f.html]
[www.w3schools.com/mysql/trymysql792d.html]
[www.w3schools.com/mysql/trymysqlf684.html]
[www.w3schools.com/mysql/func_mysql_dayofweek.html]
[www.w3schools.com/mysql/trymysqle3c8.html]
[www.w3schools.com/mysql/trymysqlcbc5.html]
[www.w3schools.com/mysql/trymysqla245.html]
[www.w3schools.com/mysql/func_mysql_dayofyear.html]
[www.w3schools.com/mysql/trymysql5d94.html]
[www.w3schools.com/mysql/trymysql8a6b.html]
[www.w3schools.com/mysql/trymysqld31d.html]
[www.w3schools.com/mysql/func_mysql_extract.html]
[www.w3schools.com/mysql/trymysql81c5.html]
[www.w3schools.com/mysql/trymysqle5fb.html]
[www.w3schools.com/mysql/func_mysql_from_days.html]
[www.w3schools.com/mysql/trymysqlcc0b.html]
[www.w3schools.com/mysql/trymysql0ccf.html]
[www.w3schools.com/mysql/func_mysql_hour.html]
[www.w3schools.com/mysql/trymysqla7aa.html]
[www.w3schools.com/mysql/trymysql5baf.html]
[www.w3schools.com/mysql/trymysql554d.html]
[www.w3schools.com/mysql/func_mysql_last_day.html]
[www.w3schools.com/mysql/trymysql03d9.html]
[www.w3schools.com/mysql/func_mysql_localtime.html]
[www.w3schools.com/mysql/trymysql3c19.html]
[www.w3schools.com/mysql/trymysqld727.html]
[www.w3schools.com/mysql/trymysqlf61f.html]
[www.w3schools.com/mysql/func_mysql_localtimestamp.html]
[www.w3schools.com/mysql/trymysqlaadc.html]
[www.w3schools.com/mysql/trymysql0461.html]
[www.w3schools.com/mysql/trymysql5df1.html]
[www.w3schools.com/mysql/trymysql7af0.html]
[www.w3schools.com/mysql/func_mysql_makedate.html]
[www.w3schools.com/mysql/trymysql0907.html]
[www.w3schools.com/mysql/trymysqla93e.html]
[www.w3schools.com/mysql/trymysql74ee.html]
[www.w3schools.com/mysql/trymysqla4dc.html]
[www.w3schools.com/mysql/func_mysql_maketime.html]
[www.w3schools.com/mysql/trymysqle20c.html]
[www.w3schools.com/mysql/trymysql3ea4.html]
[www.w3schools.com/mysql/func_mysql_microsecond.html]
[www.w3schools.com/mysql/trymysql9dd2.html]
[www.w3schools.com/mysql/trymysql0ac2.html]
[www.w3schools.com/mysql/func_mysql_minute.html]
[www.w3schools.com/mysql/trymysql7c34.html]
[www.w3schools.com/mysql/trymysql8a6c.html]
[www.w3schools.com/mysql/func_mysql_month.html]
[www.w3schools.com/mysql/trymysql1085.html]
[www.w3schools.com/mysql/trymysql4c2d.html]
[www.w3schools.com/mysql/trymysql7bcd.html]
[www.w3schools.com/mysql/func_mysql_monthname.html]
[www.w3schools.com/mysql/trymysql23ee.html]
[www.w3schools.com/mysql/trymysql0b15.html]
[www.w3schools.com/mysql/trymysql812b.html]
[www.w3schools.com/mysql/func_mysql_now.html]
[www.w3schools.com/mysql/trymysql9c24.html]
[www.w3schools.com/mysql/trymysql8451.html]
[www.w3schools.com/mysql/trymysql7a02.html]
[www.w3schools.com/mysql/func_mysql_period_add.html]
[www.w3schools.com/mysql/trymysql28a0.html]
[www.w3schools.com/mysql/trymysql2b63.html]
[www.w3schools.com/mysql/func_mysql_period_diff.html]
[www.w3schools.com/mysql/trymysql107d.html]
[www.w3schools.com/mysql/trymysql8a5b.html]
[www.w3schools.com/mysql/trymysqlae6d.html]
[www.w3schools.com/mysql/trymysql96a0.html]
[www.w3schools.com/mysql/func_mysql_quarter.html]
[www.w3schools.com/mysql/trymysqle237.html]
[www.w3schools.com/mysql/trymysqlccf0.html]
[www.w3schools.com/mysql/func_mysql_second.html]
[www.w3schools.com/mysql/trymysqlf001.html]
[www.w3schools.com/mysql/func_mysql_sec_to_time.html]
[www.w3schools.com/mysql/trymysql56c6.html]
[www.w3schools.com/mysql/trymysql15f8.html]
[www.w3schools.com/mysql/trymysql9d55.html]
[www.w3schools.com/mysql/trymysql2dd8.html]
[www.w3schools.com/mysql/func_mysql_str_to_date.html]
[www.w3schools.com/mysql/trymysqlbfed.html]
[www.w3schools.com/mysql/trymysqle8a6.html]
[www.w3schools.com/mysql/trymysql745b.html]
[www.w3schools.com/mysql/trymysql6126.html]
[www.w3schools.com/mysql/trymysqld8a6.html]
[www.w3schools.com/mysql/func_mysql_subdate.html]
[www.w3schools.com/mysql/trymysqle9fe.html]
[www.w3schools.com/mysql/trymysql3d40.html]
[www.w3schools.com/mysql/trymysql8c92.html]
[www.w3schools.com/mysql/trymysql33ad.html]
[www.w3schools.com/mysql/trymysqlc50f.html]
[www.w3schools.com/mysql/func_mysql_subtime.html]
[www.w3schools.com/mysql/trymysql0246.html]
[www.w3schools.com/mysql/func_mysql_sysdate.html]
[www.w3schools.com/mysql/trymysql3b42.html]
[www.w3schools.com/mysql/trymysql8092.html]
[www.w3schools.com/mysql/trymysqlb5bd.html]
[www.w3schools.com/mysql/trymysql1514.html]
[www.w3schools.com/mysql/trymysql5b4f.html]
[www.w3schools.com/mysql/func_mysql_time.html]
[www.w3schools.com/mysql/trymysql8e96.html]
[www.w3schools.com/mysql/trymysql0bc2.html]
[www.w3schools.com/mysql/trymysql4e19.html]
[www.w3schools.com/mysql/trymysql3b49.html]
[www.w3schools.com/mysql/func_mysql_time_format.html]
[www.w3schools.com/mysql/trymysql557c.html]
[www.w3schools.com/mysql/trymysqla575.html]
[www.w3schools.com/mysql/trymysql831b.html]
[www.w3schools.com/mysql/trymysqla874.html]
[www.w3schools.com/mysql/func_mysql_time_to_sec.html]
[www.w3schools.com/mysql/trymysql84b6.html]
[www.w3schools.com/mysql/trymysql40f8.html]
[www.w3schools.com/mysql/func_mysql_timediff.html]
[www.w3schools.com/mysql/trymysql1a9d.html]
[www.w3schools.com/mysql/trymysql5449.html]
[www.w3schools.com/mysql/func_mysql_timestamp.html]
[www.w3schools.com/mysql/trymysql4fa9.html]
[www.w3schools.com/mysql/trymysql1f67.html]
[www.w3schools.com/mysql/func_mysql_to_days.html]
[www.w3schools.com/mysql/trymysqld6d1.html]
[www.w3schools.com/mysql/trymysql5dd5.html]
[www.w3schools.com/mysql/trymysql8d36.html]
[www.w3schools.com/mysql/func_mysql_week.html]
[www.w3schools.com/mysql/trymysql2ce3.html]
[www.w3schools.com/mysql/trymysql1d76.html]
[www.w3schools.com/mysql/trymysqlf265.html]
[www.w3schools.com/mysql/func_mysql_weekday.html]
[www.w3schools.com/mysql/trymysql3709.html]
[www.w3schools.com/mysql/trymysqlec65.html]
[www.w3schools.com/mysql/trymysql2647.html]
[www.w3schools.com/mysql/func_mysql_weekofyear.html]
[www.w3schools.com/mysql/trymysql3a29.html]
[www.w3schools.com/mysql/trymysql9886.html]
[www.w3schools.com/mysql/func_mysql_year.html]
[www.w3schools.com/mysql/trymysql4780.html]
[www.w3schools.com/mysql/trymysql50f9.html]
[www.w3schools.com/mysql/trymysqlee97.html]
[www.w3schools.com/mysql/trymysqlca87.html]
[www.w3schools.com/mysql/func_mysql_yearweek.html]
[www.w3schools.com/mysql/trymysql13c6.html]
[www.w3schools.com/mysql/trymysql3887.html]
[www.w3schools.com/mysql/func_mysql_bin.html]
[www.w3schools.com/mysql/trymysqla596.html]
[www.w3schools.com/mysql/trymysql9118.html]
[www.w3schools.com/mysql/trymysql17da.html]
[www.w3schools.com/mysql/func_mysql_binary.html]
[www.w3schools.com/mysql/func_mysql_case.html]
[www.w3schools.com/mysql/trymysql6919.html]
[www.w3schools.com/mysql/trymysqlcc6c.html]
[www.w3schools.com/mysql/trymysqldd6d.html]
[www.w3schools.com/mysql/trymysql8de5.html]
[www.w3schools.com/mysql/trymysqlbf47.html]
[www.w3schools.com/mysql/func_mysql_cast.html]
[www.w3schools.com/mysql/trymysqlad30.html]
[www.w3schools.com/mysql/trymysql1c19.html]
[www.w3schools.com/mysql/func_mysql_coalesce.html]
[www.w3schools.com/mysql/func_mysql_connection_id.html]
[www.w3schools.com/mysql/trymysql9c58.html]
[www.w3schools.com/mysql/trymysqlcda9.html]
[www.w3schools.com/mysql/trymysql425d.html]
[www.w3schools.com/mysql/trymysqle39a.html]
[www.w3schools.com/mysql/func_mysql_conv.html]
[www.w3schools.com/mysql/trymysqlc06c.html]
[www.w3schools.com/mysql/trymysql22b4.html]
[www.w3schools.com/mysql/trymysql773c.html]
[www.w3schools.com/mysql/trymysql113c.html]
[www.w3schools.com/mysql/func_mysql_convert.html]
[www.w3schools.com/mysql/trymysqle212.html]
[www.w3schools.com/mysql/func_mysql_current_user.html]
[www.w3schools.com/mysql/func_mysql_database.html]
[www.w3schools.com/mysql/trymysqlcca0.html]
[www.w3schools.com/mysql/trymysqlc9f4.html]
[www.w3schools.com/mysql/trymysql297e.html]
[www.w3schools.com/mysql/trymysql461f.html]
[www.w3schools.com/mysql/func_mysql_if.html]
[www.w3schools.com/mysql/trymysqle4c0.html]
[www.w3schools.com/mysql/trymysqlf605.html]
[www.w3schools.com/mysql/trymysql11cf.html]
[www.w3schools.com/mysql/func_mysql_ifnull.html]
[www.w3schools.com/mysql/trymysql5935.html]
[www.w3schools.com/mysql/trymysql47c6.html]
[www.w3schools.com/mysql/trymysql956c.html]
[www.w3schools.com/mysql/trymysql8699.html]
[www.w3schools.com/mysql/trymysql433e.html]
[www.w3schools.com/mysql/func_mysql_isnull.html]
[www.w3schools.com/mysql/func_mysql_last_insert_id.html]
[www.w3schools.com/mysql/trymysqlf74c.html]
[www.w3schools.com/mysql/trymysqld238.html]
[www.w3schools.com/mysql/trymysqla768.html]
[www.w3schools.com/mysql/trymysql0b75.html]
[www.w3schools.com/mysql/trymysql5001.html]
[www.w3schools.com/mysql/func_mysql_nullif.html]
[www.w3schools.com/mysql/trymysqlb4db.html]
[www.w3schools.com/mysql/func_mysql_session_user.html]
[www.w3schools.com/mysql/trymysql0289.html]
[www.w3schools.com/mysql/func_mysql_system_user.html]
[www.w3schools.com/mysql/trymysql6af6.html]
[www.w3schools.com/mysql/func_mysql_user.html]
[www.w3schools.com/mysql/func_mysql_version.html]
[www.w3schools.com/mysql/trymysql7952.html]
[www.w3schools.com/mysql/mysql_examples.html]
[www.w3schools.com/mysql/trymysqla3e9.html]
[www.w3schools.com/spaces/dynamicspaces.gif]
[www.w3schools.com/spaces/languages.png]
[www.w3schools.com/images/packages_spaces.png]
[www.w3schools.com/spaces/portfolio_template.png]
[www.w3schools.com/spaces/blog_template.png]
[www.w3schools.com/spaces/webshop_template.png]
[www.w3schools.com/spaces/tutor_template.png]
[www.w3schools.com/spaces/how-spaces-works3.png]
[www.w3schools.com/mysql/mysql_editor.html]
[www.w3schools.com/images/diploma_full.png]
[www.w3schools.com/mysql/mysql_exam.html]
[www.w3schools.com/lib/codemirror.css]
[www.w3schools.com/lib/codemirror.js]
[www.w3schools.com/lib/codemirror_sql.js]
[www.w3schools.com/images/incompatible_ie2020.gif]
[www.w3schools.com/images/compatible_chrome2020.gif]
[www.w3schools.com/images/incompatible_firefox2020.gif]
[www.w3schools.com/images/compatible_safari2020.gif]
[www.w3schools.com/images/compatible_opera2020.gif]
[www.w3schools.com/mysql/trymysql786e.html]
[connect.facebook.net/nb_NO/sdk.js]
[www.w3schools.com/mysql/exerciseef8f.html]
[www.w3schools.com/mysql/exercise9327.html]
[www.w3schools.com/mysql/exercise733b.html]
[www.w3schools.com/mysql/exercisefc43.html]
[www.w3schools.com/mysql/exercise64c7.html]
[www.w3schools.com/mysql/exerciseac30.html]
[www.w3schools.com/mysql/exercise0c72.html]
[www.w3schools.com/mysql/exercise4372.html]
[www.w3schools.com/mysql/exercise54eb.html]
[www.w3schools.com/mysql/exercise96c6.html]
[www.w3schools.com/mysql/exercise9a87.html]
[www.w3schools.com/mysql/exercise2f71.html]
[www.w3schools.com/mysql/exercise70bd.html]
[www.w3schools.com/mysql/exercise4be6.html]
[www.w3schools.com/mysql/exerciseebb4.html]
[www.w3schools.com/mysql/exercise33aa.html]
[www.w3schools.com/mysql/exercise470a.html]
[www.w3schools.com/mysql/exercise72ac.html]
[www.w3schools.com/mysql/exercise4075.html]
[www.w3schools.com/mysql/exercisebf34.html]
[www.w3schools.com/mysql/exercise455b.html]
[www.w3schools.com/mysql/exercisece85.html]
[www.w3schools.com/mysql/exercisef74a.html]
[www.w3schools.com/mysql/exercise4c61.html]
[www.w3schools.com/mysql/exercisef0f0.html]
[www.w3schools.com/lib/codemirror_jsx.js]
[www.w3schools.com/mysql/exercise79a6.html]
[www.w3schools.com/mysql/React.html]
[www.w3schools.com/mysql/Node.html]
[www.w3schools.com/lib/fonts/source-code-pro-v14-latin-regular.svg]
[www.w3schools.com/lib/fonts/roboto-mono-v13-latin-500.svg]
[www.w3schools.com/lib/fonts/source-sans-pro-v14-latin-700.svg]
[www.w3schools.com/lib/fonts/source-sans-pro-v14-latin-600.svg]
[www.w3schools.com/lib/fonts/freckle-face-v9-latin-regular.svg]
[www.w3schools.com/lib/fonts/montserrat-v18-latin-regular.svg]
[www.w3schools.com/lib/fonts/fontawesome8deb.svg]
[www.w3schools.com/mysql/exercise.html]
[www.w3schools.com/mysql/trymysqld73d.html]
[www.w3schools.com/mysql/trymysql27c7.html]
[www.w3schools.com/mysql/trymysql5458.html]
[www.w3schools.com/mysql/trymysqlf770.html]
[www.w3schools.com/mysql/trymysql03b0.html]
[www.w3schools.com/mysql/trymysql3a0e.html]
[www.w3schools.com/mysql/trymysql5c63.html]
[www.w3schools.com/mysql/trymysql015f.html]
[www.w3schools.com/mysql/trymysqlef1e.html]
[www.w3schools.com/mysql/trymysql12f8.html]
[www.w3schools.com/mysql/trymysql262a.html]
[www.w3schools.com/mysql/trymysql8c94.html]
[www.w3schools.com/mysql/trymysql3fd0.html]
[www.w3schools.com/mysql/trymysql6665.html]
[www.w3schools.com/mysql/trymysql559d.html]
[www.w3schools.com/mysql/exercised7d6.html]
[www.w3schools.com/mysql/trymysql78bc.html]
[www.w3schools.com/mysql/trymysql825f.html]
[www.w3schools.com/mysql/trymysqlcfb5.html]
[www.w3schools.com/mysql/trymysql27ec.html]
[www.w3schools.com/mysql/trymysql0a27.html]
[www.w3schools.com/mysql/trymysql1f53.html]
[www.w3schools.com/mysql/exercise3120.html]
[www.w3schools.com/mysql/trymysql5221.html]
[www.w3schools.com/mysql/trymysql26ab.html]
[www.w3schools.com/mysql/trymysqled6e.html]
[www.w3schools.com/mysql/trymysqleda3.html]
[www.w3schools.com/mysql/exercise6b0d.html]
[www.w3schools.com/mysql/exercise995e.html]
[www.w3schools.com/mysql/trymysql5a91.html]
[www.w3schools.com/mysql/trymysql6c13.html]
[www.w3schools.com/mysql/exercise2749.html]
[www.w3schools.com/mysql/exerciseb326.html]
[www.w3schools.com/mysql/exercise7375.html]
[www.w3schools.com/mysql/trymysql5298.html]
[www.w3schools.com/mysql/trymysql2614.html]
[www.w3schools.com/mysql/trymysql411b.html]
[www.w3schools.com/mysql/trymysqle2a2.html]
[www.w3schools.com/mysql/exercise75c3.html]
[www.w3schools.com/mysql/trymysqle806.html]
[www.w3schools.com/mysql/trymysqlf8e8.html]
[www.w3schools.com/mysql/trymysqle7ad.html]
[www.w3schools.com/mysql/exercisef48c.html]
[www.w3schools.com/mysql/trymysql2c3e.html]
[www.w3schools.com/mysql/trymysql9d73.html]
[www.w3schools.com/mysql/trymysqle1fb.html]
[www.w3schools.com/mysql/trymysqld6fe.html]
[www.w3schools.com/mysql/trymysql89e0.html]
[www.w3schools.com/mysql/trymysqlf65e.html]
[www.w3schools.com/mysql/trymysql1fc3.html]
[www.w3schools.com/mysql/exercised397.html]
[www.w3schools.com/mysql/trymysql0d68.html]
[www.w3schools.com/mysql/trymysqlde9a.html]
[www.w3schools.com/mysql/trymysqlfcd8.html]
[www.w3schools.com/mysql/trymysql7227.html]
[www.w3schools.com/mysql/exercisec715.html]
[www.w3schools.com/mysql/trymysql41d1.html]
[www.w3schools.com/mysql/trymysql83f3.html]
[www.w3schools.com/mysql/trymysql20d7.html]
[www.w3schools.com/mysql/exercisec808.html]
[www.w3schools.com/mysql/trymysql16e2.html]
[www.w3schools.com/mysql/trymysql961d.html]
[www.w3schools.com/mysql/trymysqlae87.html]
[www.w3schools.com/mysql/trymysql702b.html]
[www.w3schools.com/mysql/trymysql2a67.html]
[www.w3schools.com/mysql/trymysqldcb9.html]
[www.w3schools.com/mysql/trymysqlcd29.html]
[www.w3schools.com/mysql/exercise86d4.html]
[www.w3schools.com/mysql/trymysqla326.html]
[www.w3schools.com/mysql/trymysqlb41f.html]
[www.w3schools.com/mysql/trymysql7913.html]
[www.w3schools.com/mysql/trymysql2461.html]
[www.w3schools.com/mysql/trymysql2923.html]
[www.w3schools.com/mysql/exercisef602.html]
[www.w3schools.com/mysql/trymysqld4a8.html]
[www.w3schools.com/mysql/exercisebe91.html]
[www.w3schools.com/mysql/trymysql2d1f.html]
[www.w3schools.com/mysql/trymysqlb08f.html]
[www.w3schools.com/mysql/exercisecab4.html]
[www.w3schools.com/mysql/trymysql4e45.html]
[www.w3schools.com/mysql/trymysql564b.html]
[www.w3schools.com/mysql/exercise545d.html]
[www.w3schools.com/mysql/trymysql2812.html]
[www.w3schools.com/mysql/trymysql6246.html]
[www.w3schools.com/mysql/trymysql795f.html]
[www.w3schools.com/mysql/trymysqld1d0.html]
[www.w3schools.com/mysql/trymysqlb50d.html]
[www.w3schools.com/mysql/trymysql6206.html]
[www.w3schools.com/mysql/trymysqlc4c7.html]
[www.w3schools.com/mysql/trymysql6946.html]
[www.w3schools.com/mysql/trymysql2fd2.html]
[www.w3schools.com/mysql/trymysql8002.html]
[www.w3schools.com/mysql/trymysqlf3cc.html]
[www.w3schools.com/mysql/exercised32f.html]
[www.w3schools.com/mysql/trymysqld5a7.html]
[www.w3schools.com/mysql/trymysqlc151.html]
[www.w3schools.com/mysql/trymysqlcb84.html]
[www.w3schools.com/mysql/trymysqlc5c8.html]
[www.w3schools.com/mysql/trymysql77ff.html]
[www.w3schools.com/mysql/trymysql7fc1.html]
[www.w3schools.com/mysql/trymysqla9d0.html]
[www.w3schools.com/mysql/trymysql356a.html]
[www.w3schools.com/mysql/trymysqlc165.html]
[www.w3schools.com/mysql/trymysql1785.html]
[www.w3schools.com/mysql/trymysqld178.html]
[www.w3schools.com/mysql/trymysqld945.html]
[www.w3schools.com/mysql/trymysql8936.html]
[www.w3schools.com/mysql/trymysqlc799.html]
[www.w3schools.com/mysql/trymysql9808.html]
[www.w3schools.com/mysql/trymysqled2f.html]
[www.w3schools.com/mysql/trymysql1e86.html]
[www.w3schools.com/mysql/trymysql7af1.html]
[www.w3schools.com/mysql/trymysql061e.html]
[www.w3schools.com/mysql/trymysql3964.html]
[www.w3schools.com/mysql/trymysql5ecc.html]
[www.w3schools.com/mysql/trymysqlb181.html]
[www.w3schools.com/mysql/trymysqlc3fa.html]
[www.w3schools.com/mysql/trymysqlc0e1.html]
[www.w3schools.com/mysql/trymysqlf253.html]
[www.w3schools.com/mysql/trymysql026f.html]
[www.w3schools.com/mysql/trymysqlc815.html]
[www.w3schools.com/mysql/trymysqle848.html]
[www.w3schools.com/mysql/trymysql3a43.html]
[www.w3schools.com/mysql/trymysqlc298.html]
[www.w3schools.com/mysql/trymysql2d79.html]
[www.w3schools.com/mysql/trymysql546a.html]
[www.w3schools.com/mysql/exerciseb658.html]
[www.w3schools.com/mysql/exercised17d.html]
[www.w3schools.com/mysql/exercise4540.html]
[www.w3schools.com/mysql/exercised46c.html]
[www.w3schools.com/mysql/exercise10dd.html]
[www.w3schools.com/mysql/exerciseabc7.html]
[www.w3schools.com/mysql/trymysql787b.html]
[www.w3schools.com/mysql/trymysqlb149.html]
[www.w3schools.com/mysql/trymysql52e7.html]
[www.w3schools.com/mysql/trymysql0116.html]
[www.w3schools.com/mysql/trymysql31d5.html]
[www.w3schools.com/mysql/trymysql4c6d.html]
[www.w3schools.com/mysql/trymysql1b24.html]
[www.w3schools.com/mysql/trymysql6c0e.html]
[www.w3schools.com/mysql/trymysql9a3b.html]
[www.w3schools.com/mysql/trymysql3f87.html]
[www.w3schools.com/mysql/trymysql335b.html]
[www.w3schools.com/mysql/trymysql23f2.html]
[www.w3schools.com/mysql/trymysql7990.html]
[www.w3schools.com/mysql/trymysqld7bf.html]
[www.w3schools.com/mysql/trymysqlc281.html]
[www.w3schools.com/mysql/trymysql7ecd.html]
[www.w3schools.com/mysql/trymysqlc724.html]
[www.w3schools.com/mysql/trymysql952e.html]
[www.w3schools.com/mysql/trymysql0218.html]
[www.w3schools.com/mysql/trymysql601e.html]
[www.w3schools.com/mysql/trymysql7cb5.html]
[www.w3schools.com/mysql/trymysql58d2.html]
[www.w3schools.com/mysql/trymysqlb6e8.html]
[www.w3schools.com/mysql/trymysql45e7.html]
[www.w3schools.com/mysql/trymysql58cf.html]
[www.w3schools.com/mysql/trymysql25f8.html]
[www.w3schools.com/mysql/trymysqld4c2.html]
[www.w3schools.com/mysql/trymysql52ac.html]
[www.w3schools.com/mysql/trymysqlac40.html]
[www.w3schools.com/mysql/trymysqlf7c2.html]
[www.w3schools.com/mysql/trymysqlf73d.html]
[www.w3schools.com/mysql/trymysql1d1d.html]
[www.w3schools.com/mysql/trymysql42ce.html]
[www.w3schools.com/mysql/trymysql6545.html]
[www.w3schools.com/mysql/trymysql0373.html]
[www.w3schools.com/mysql/trymysql38e4.html]
[www.w3schools.com/mysql/trymysql34d5.html]
[www.w3schools.com/mysql/trymysqle60f.html]
[www.w3schools.com/mysql/trymysqlc334.html]
[www.w3schools.com/mysql/trymysql5063.html]
[www.w3schools.com/mysql/trymysql292d.html]
[www.w3schools.com/mysql/trymysql85ff.html]
[www.w3schools.com/mysql/trymysql680f.html]
[www.w3schools.com/mysql/trymysqle8c4.html]
[www.w3schools.com/mysql/trymysql6f48.html]
[www.w3schools.com/mysql/trymysql2b83.html]
[www.w3schools.com/mysql/trymysql86b0.html]
[www.w3schools.com/mysql/trymysql7c19.html]
[www.w3schools.com/mysql/trymysql0baa.html]
[www.w3schools.com/mysql/trymysql66f0.html]
[www.w3schools.com/mysql/trymysqle952.html]
[www.w3schools.com/mysql/trymysql2fe9.html]
[www.w3schools.com/mysql/trymysql3ec3.html]
[www.w3schools.com/mysql/trymysqld036.html]
[www.w3schools.com/mysql/trymysqla388.html]
[www.w3schools.com/mysql/trymysql8c3e.html]
[www.w3schools.com/mysql/trymysql89ad.html]
[www.w3schools.com/mysql/trymysqle1ad.html]
[www.w3schools.com/mysql/trymysqlb6f6.html]
[www.w3schools.com/mysql/trymysql9009.html]
[www.w3schools.com/mysql/trymysql7d8a.html]
[www.w3schools.com/mysql/trymysql87f0.html]
[www.w3schools.com/mysql/trymysql171e.html]
[www.w3schools.com/mysql/trymysql472a.html]
[www.w3schools.com/mysql/trymysqlb1ef.html]
[www.w3schools.com/mysql/trymysqlcf7f.html]
[www.w3schools.com/mysql/trymysql2675.html]
[www.w3schools.com/mysql/trymysqle5bf.html]
[www.w3schools.com/mysql/trymysqlb92e.html]
[www.w3schools.com/mysql/trymysqlf10a.html]
[www.w3schools.com/mysql/trymysql1395.html]
[www.w3schools.com/mysql/trymysqlac27.html]
[www.w3schools.com/mysql/trymysqla48b.html]
[www.w3schools.com/mysql/trymysqlfd8b.html]
[www.w3schools.com/mysql/trymysqlb218.html]
[www.w3schools.com/mysql/trymysqlc17e.html]
[www.w3schools.com/mysql/trymysqlaf15.html]
[www.w3schools.com/mysql/trymysqlfd15.html]
[www.w3schools.com/mysql/trymysql0255.html]
[www.w3schools.com/mysql/trymysql7827.html]
[www.w3schools.com/mysql/trymysql8ac2.html]
[www.w3schools.com/mysql/trymysql86c3.html]
[www.w3schools.com/mysql/trymysqlfd87.html]
[www.w3schools.com/mysql/trymysqlcaf2.html]
[www.w3schools.com/mysql/trymysql5891.html]
[www.w3schools.com/mysql/trymysql083f.html]
[www.w3schools.com/mysql/trymysql2441.html]
[www.w3schools.com/mysql/trymysqla533.html]
[www.w3schools.com/mysql/trymysqlf697.html]
[www.w3schools.com/mysql/trymysql1638.html]
[www.w3schools.com/mysql/trymysqledd3.html]
[www.w3schools.com/mysql/trymysqla9aa.html]
[www.w3schools.com/mysql/trymysqlf27a.html]
[www.w3schools.com/mysql/trymysql9aba.html]
[www.w3schools.com/mysql/trymysql502e.html]
[www.w3schools.com/mysql/trymysql125d.html]
[www.w3schools.com/mysql/trymysql9ac8.html]
[www.w3schools.com/mysql/trymysql41c2.html]
[www.w3schools.com/mysql/trymysql9784.html]
[www.w3schools.com/mysql/trymysql6935.html]
[www.w3schools.com/mysql/trymysqlf989.html]
[www.w3schools.com/mysql/trymysql0dc0.html]
[www.w3schools.com/mysql/trymysql6c85.html]
[www.w3schools.com/mysql/trymysqle582.html]
[www.w3schools.com/mysql/trymysql20a9.html]
[www.w3schools.com/mysql/trymysqlbafa.html]
[www.w3schools.com/mysql/trymysqlac93.html]
[www.w3schools.com/mysql/trymysql062b.html]
[www.w3schools.com/mysql/trymysqla5ce.html]
[www.w3schools.com/mysql/trymysql2161.html]
[www.w3schools.com/mysql/trymysql392b.html]
[www.w3schools.com/mysql/trymysqldd63.html]
[www.w3schools.com/mysql/trymysql2129.html]
[www.w3schools.com/mysql/trymysqlde05.html]
[www.w3schools.com/mysql/trymysql6ddf.html]
[www.w3schools.com/mysql/trymysqlfebd.html]
[www.w3schools.com/mysql/trymysql07e5.html]
[www.w3schools.com/mysql/trymysql3f60.html]
[www.w3schools.com/mysql/trymysqle98e.html]
[www.w3schools.com/mysql/trymysql6477.html]
[www.w3schools.com/mysql/trymysql6b44.html]
[www.w3schools.com/mysql/trymysql7935.html]
[www.w3schools.com/mysql/trymysql40cf.html]
[www.w3schools.com/mysql/trymysql1927.html]
[www.w3schools.com/mysql/trymysql8245.html]
[www.w3schools.com/mysql/trymysql7614.html]
[www.w3schools.com/mysql/trymysqlae44.html]
[www.w3schools.com/mysql/trymysql181b.html]
[www.w3schools.com/mysql/trymysql9de6.html]
[www.w3schools.com/mysql/trymysql4d40.html]
[www.w3schools.com/mysql/trymysqlba1c.html]
[www.w3schools.com/mysql/trysql2b58.html]
[www.w3schools.com/mysql/trymysql3c62.html]
[www.w3schools.com/mysql/trymysql79b9.html]
[www.w3schools.com/mysql/trymysql7397.html]
[www.w3schools.com/mysql/trymysql2eba.html]
[www.w3schools.com/mysql/trymysql561f.html]
[www.w3schools.com/mysql/trymysqlbd74.html]
[www.w3schools.com/mysql/trymysql2f7f.html]
[www.w3schools.com/mysql/trymysqlc0ed.html]
[www.w3schools.com/mysql/trymysql26d0.html]
[www.w3schools.com/mysql/trymysql7f69.html]
[www.w3schools.com/mysql/trymysqlaeba.html]
[www.w3schools.com/mysql/trymysqlb006.html]
[www.w3schools.com/mysql/trymysql4a7a.html]
[www.w3schools.com/mysql/trymysql0002.html]
[www.w3schools.com/mysql/trymysqldd60.html]
[www.w3schools.com/mysql/trymysqlf2c6.html]
[www.w3schools.com/mysql/trymysqla512.html]
[www.w3schools.com/mysql/trymysqlf942.html]
[www.w3schools.com/mysql/trymysql75ad.html]
[www.w3schools.com/mysql/trymysql5b05.html]
[www.w3schools.com/mysql/trymysql6888.html]
[www.w3schools.com/mysql/trymysqlca5e.html]
[www.w3schools.com/mysql/trymysqlac48.html]
[www.w3schools.com/mysql/trymysql494f.html]
[www.w3schools.com/mysql/trymysql330e.html]
[www.w3schools.com/mysql/trymysqlbf4a.html]
[www.w3schools.com/mysql/trymysql8b6f.html]
[www.w3schools.com/mysql/trymysqlf503.html]
[www.w3schools.com/mysql/trymysql87ae.html]
[www.w3schools.com/mysql/trymysql82c8.html]
[www.w3schools.com/mysql/trymysql61b3.html]
[www.w3schools.com/mysql/trymysqldde7.html]
[www.w3schools.com/mysql/trymysql4d28.html]
[www.w3schools.com/mysql/trymysqlba56.html]
[www.w3schools.com/mysql/trymysqlcce6.html]
[www.w3schools.com/mysql/trymysql0522.html]
[www.w3schools.com/mysql/trymysqlb55a.html]
[www.w3schools.com/mysql/trymysql8856.html]
[www.w3schools.com/mysql/trymysql0cf5.html]
[www.w3schools.com/mysql/trymysqle049.html]
[www.w3schools.com/mysql/trymysqlbcd4.html]
[www.w3schools.com/mysql/trymysqle3cd.html]
[www.w3schools.com/mysql/trymysqla921.html]
[www.w3schools.com/mysql/trymysql756a.html]
[www.w3schools.com/mysql/trymysqlb522.html]
[www.w3schools.com/mysql/trymysqlba1d.html]
[www.w3schools.com/mysql/trymysql7306.html]
[www.w3schools.com/mysql/trymysql7b38.html]
[www.w3schools.com/mysql/trymysql45c5.html]
[www.w3schools.com/mysql/trymysql258e.html]
[www.w3schools.com/mysql/trymysqldcdb.html]
[www.w3schools.com/mysql/trymysqlcb56.html]
[www.w3schools.com/mysql/trymysql23a9.html]
[www.w3schools.com/mysql/trymysqlc48c.html]
[www.w3schools.com/mysql/trymysqla988.html]
[www.w3schools.com/mysql/trymysqlb2a3.html]
[www.w3schools.com/mysql/trymysqlece3.html]
[www.w3schools.com/mysql/trymysql71a3.html]
[www.w3schools.com/mysql/trymysql901f.html]
[www.w3schools.com/mysql/trymysql792d.html]
[www.w3schools.com/mysql/trymysqlf684.html]
[www.w3schools.com/mysql/trymysqle3c8.html]
[www.w3schools.com/mysql/trymysqlcbc5.html]
[www.w3schools.com/mysql/trymysqla245.html]
[www.w3schools.com/mysql/trymysql5d94.html]
[www.w3schools.com/mysql/trymysql8a6b.html]
[www.w3schools.com/mysql/trymysqld31d.html]
[www.w3schools.com/mysql/trymysql81c5.html]
[www.w3schools.com/mysql/trymysqle5fb.html]
[www.w3schools.com/mysql/trymysqlcc0b.html]
[www.w3schools.com/mysql/trymysql0ccf.html]
[www.w3schools.com/mysql/trymysqla7aa.html]
[www.w3schools.com/mysql/trymysql5baf.html]
[www.w3schools.com/mysql/trymysql554d.html]
[www.w3schools.com/mysql/trymysql03d9.html]
[www.w3schools.com/mysql/trymysql3c19.html]
[www.w3schools.com/mysql/trymysqld727.html]
[www.w3schools.com/mysql/trymysqlf61f.html]
[www.w3schools.com/mysql/trymysqlaadc.html]
[www.w3schools.com/mysql/trymysql0461.html]
[www.w3schools.com/mysql/trymysql5df1.html]
[www.w3schools.com/mysql/trymysql7af0.html]
[www.w3schools.com/mysql/trymysql0907.html]
[www.w3schools.com/mysql/trymysqla93e.html]
[www.w3schools.com/mysql/trymysql74ee.html]
[www.w3schools.com/mysql/trymysqla4dc.html]
[www.w3schools.com/mysql/trymysqle20c.html]
[www.w3schools.com/mysql/trymysql3ea4.html]
[www.w3schools.com/mysql/trymysql9dd2.html]
[www.w3schools.com/mysql/trymysql0ac2.html]
[www.w3schools.com/mysql/trymysql7c34.html]
[www.w3schools.com/mysql/trymysql8a6c.html]
[www.w3schools.com/mysql/trymysql1085.html]
[www.w3schools.com/mysql/trymysql4c2d.html]
[www.w3schools.com/mysql/trymysql7bcd.html]
[www.w3schools.com/mysql/trymysql23ee.html]
[www.w3schools.com/mysql/trymysql0b15.html]
[www.w3schools.com/mysql/trymysql812b.html]
[www.w3schools.com/mysql/trymysql9c24.html]
[www.w3schools.com/mysql/trymysql8451.html]
[www.w3schools.com/mysql/trymysql7a02.html]
[www.w3schools.com/mysql/trymysql28a0.html]
[www.w3schools.com/mysql/trymysql2b63.html]
[www.w3schools.com/mysql/trymysql107d.html]
[www.w3schools.com/mysql/trymysql8a5b.html]
[www.w3schools.com/mysql/trymysqlae6d.html]
[www.w3schools.com/mysql/trymysql96a0.html]
[www.w3schools.com/mysql/trymysqle237.html]
[www.w3schools.com/mysql/trymysqlccf0.html]
[www.w3schools.com/mysql/trymysqlf001.html]
[www.w3schools.com/mysql/trymysql56c6.html]
[www.w3schools.com/mysql/trymysql15f8.html]
[www.w3schools.com/mysql/trymysql9d55.html]
[www.w3schools.com/mysql/trymysql2dd8.html]
[www.w3schools.com/mysql/trymysqlbfed.html]
[www.w3schools.com/mysql/trymysqle8a6.html]
[www.w3schools.com/mysql/trymysql745b.html]
[www.w3schools.com/mysql/trymysql6126.html]
[www.w3schools.com/mysql/trymysqld8a6.html]
[www.w3schools.com/mysql/trymysqle9fe.html]
[www.w3schools.com/mysql/trymysql3d40.html]
[www.w3schools.com/mysql/trymysql8c92.html]
[www.w3schools.com/mysql/trymysql33ad.html]
[www.w3schools.com/mysql/trymysqlc50f.html]
[www.w3schools.com/mysql/trymysql0246.html]
[www.w3schools.com/mysql/trymysql3b42.html]
[www.w3schools.com/mysql/trymysql8092.html]
[www.w3schools.com/mysql/trymysqlb5bd.html]
[www.w3schools.com/mysql/trymysql1514.html]
[www.w3schools.com/mysql/trymysql5b4f.html]
[www.w3schools.com/mysql/trymysql8e96.html]
[www.w3schools.com/mysql/trymysql0bc2.html]
[www.w3schools.com/mysql/trymysql4e19.html]
[www.w3schools.com/mysql/trymysql3b49.html]
[www.w3schools.com/mysql/trymysql557c.html]
[www.w3schools.com/mysql/trymysqla575.html]
[www.w3schools.com/mysql/trymysql831b.html]
[www.w3schools.com/mysql/trymysqla874.html]
[www.w3schools.com/mysql/trymysql84b6.html]
[www.w3schools.com/mysql/trymysql40f8.html]
[www.w3schools.com/mysql/trymysql1a9d.html]
[www.w3schools.com/mysql/trymysql5449.html]
[www.w3schools.com/mysql/trymysql4fa9.html]
[www.w3schools.com/mysql/trymysql1f67.html]
[www.w3schools.com/mysql/trymysqld6d1.html]
[www.w3schools.com/mysql/trymysql5dd5.html]
[www.w3schools.com/mysql/trymysql8d36.html]
[www.w3schools.com/mysql/trymysql2ce3.html]
[www.w3schools.com/mysql/trymysql1d76.html]
[www.w3schools.com/mysql/trymysqlf265.html]
[www.w3schools.com/mysql/trymysql3709.html]
[www.w3schools.com/mysql/trymysqlec65.html]
[www.w3schools.com/mysql/trymysql2647.html]
[www.w3schools.com/mysql/trymysql3a29.html]
[www.w3schools.com/mysql/trymysql9886.html]
[www.w3schools.com/mysql/trymysql4780.html]
[www.w3schools.com/mysql/trymysql50f9.html]
[www.w3schools.com/mysql/trymysqlee97.html]
[www.w3schools.com/mysql/trymysqlca87.html]
[www.w3schools.com/mysql/trymysql13c6.html]
[www.w3schools.com/mysql/trymysql3887.html]
[www.w3schools.com/mysql/trymysqla596.html]
[www.w3schools.com/mysql/trymysql9118.html]
[www.w3schools.com/mysql/trymysql17da.html]
[www.w3schools.com/mysql/trymysql6919.html]
[www.w3schools.com/mysql/trymysqlcc6c.html]
[www.w3schools.com/mysql/trymysqldd6d.html]
[www.w3schools.com/mysql/trymysql8de5.html]
[www.w3schools.com/mysql/trymysqlbf47.html]
[www.w3schools.com/mysql/trymysqlad30.html]
[www.w3schools.com/mysql/trymysql1c19.html]
[www.w3schools.com/mysql/trymysql9c58.html]
[www.w3schools.com/mysql/trymysqlcda9.html]
[www.w3schools.com/mysql/trymysql425d.html]
[www.w3schools.com/mysql/trymysqle39a.html]
[www.w3schools.com/mysql/trymysqlc06c.html]
[www.w3schools.com/mysql/trymysql22b4.html]
[www.w3schools.com/mysql/trymysql773c.html]
[www.w3schools.com/mysql/trymysql113c.html]
[www.w3schools.com/mysql/trymysqle212.html]
[www.w3schools.com/mysql/trymysqlcca0.html]
[www.w3schools.com/mysql/trymysqlc9f4.html]
[www.w3schools.com/mysql/trymysql297e.html]
[www.w3schools.com/mysql/trymysql461f.html]
[www.w3schools.com/mysql/trymysqle4c0.html]
[www.w3schools.com/mysql/trymysqlf605.html]
[www.w3schools.com/mysql/trymysql11cf.html]
[www.w3schools.com/mysql/trymysql5935.html]
[www.w3schools.com/mysql/trymysql47c6.html]
[www.w3schools.com/mysql/trymysql956c.html]
[www.w3schools.com/mysql/trymysql8699.html]
[www.w3schools.com/mysql/trymysql433e.html]
[www.w3schools.com/mysql/trymysqlf74c.html]
[www.w3schools.com/mysql/trymysqld238.html]
[www.w3schools.com/mysql/trymysqla768.html]
[www.w3schools.com/mysql/trymysql0b75.html]
[www.w3schools.com/mysql/trymysql5001.html]
[www.w3schools.com/mysql/trymysqlb4db.html]
[www.w3schools.com/mysql/trymysql0289.html]
[www.w3schools.com/mysql/trymysql6af6.html]
[www.w3schools.com/mysql/trymysql7952.html]
[www.w3schools.com/mysql/trymysqla3e9.html]
[www.w3schools.com/lib/codemirror.css]
[www.w3schools.com/mysql/api.exercise.html]
[connect.facebook.net/nb_NO/sdk.js]
[www.w3schools.com/mysql/exercise4ec8.html]
[www.w3schools.com/mysql/exerciseef8f.html]
[www.w3schools.com/mysql/exercise9327.html]
[www.w3schools.com/mysql/exercise733b.html]
[www.w3schools.com/mysql/exercisefc43.html]
[www.w3schools.com/mysql/exercise64c7.html]
[www.w3schools.com/mysql/exerciseac30.html]
[www.w3schools.com/mysql/exercise0c72.html]
[www.w3schools.com/mysql/exercise4372.html]
[www.w3schools.com/mysql/exercise54eb.html]
[www.w3schools.com/mysql/exercise96c6.html]
[www.w3schools.com/mysql/exercise9a87.html]
[www.w3schools.com/mysql/exercise2f71.html]
[www.w3schools.com/mysql/exercise70bd.html]
[www.w3schools.com/mysql/exercise4be6.html]
[www.w3schools.com/mysql/exerciseebb4.html]
[www.w3schools.com/mysql/exercise33aa.html]
[www.w3schools.com/mysql/exercise470a.html]
[www.w3schools.com/mysql/exercise72ac.html]
[www.w3schools.com/mysql/exercise4075.html]
[www.w3schools.com/mysql/exercisebf34.html]
[www.w3schools.com/mysql/exercise455b.html]
[www.w3schools.com/mysql/exercisece85.html]
[www.w3schools.com/mysql/exercisef74a.html]
[www.w3schools.com/mysql/exercise4c61.html]
[www.w3schools.com/mysql/exercisef0f0.html]
[www.w3schools.com/mysql/exercised46c.html]
