[docs.djangoproject.com/en/4.1/index.html]
[backblue.gif]
[fade.gif]
[index.html]
[docs.djangoproject.com/en/4.1/search/description/index.html]
[static.djangoproject.com/img/icon-touch.e4872c4da341.png]
[static.djangoproject.com/img/icon-tile.b01ac0ef9f67.png]
[static.djangoproject.com/img/logos/django-logo-negative.1d528e2cb5fb.png]
[static.djangoproject.com/css/output.1adc4207e45f.css]
[static.djangoproject.com/js/lib/webfontloader/webfontloader.e75218f5f090.js]
[static.djangoproject.com/js/lib/modernizr.3b36762e418a.js]
[static.djangoproject.com/js/mod/switch-dark-mode.a0e0dca32970.js]
[static.djangoproject.com/js/lib/jquery/dist/jquery.min.87e69028f78d.js]
[static.djangoproject.com/js/lib/jquery.inview/jquery.inview.min.4edba1c65592.js]
[static.djangoproject.com/js/lib/jquery.payment/lib/jquery.payment.e99c05ca79ae.js]
[docs.djangoproject.com/en/4.1/faq/help/index.html]
[static.djangoproject.com/js/lib/unveil/jquery.unveil.min.ac79eb277093.js]
[static.djangoproject.com/js/lib/jquery-flot/jquery.flot.min.9964206e9d7f.js]
[static.djangoproject.com/js/lib/clipboard/dist/clipboard.min.bd70fd596a23.js]
[static.djangoproject.com/js/mod/floating-warning.a21b2abd2884.js]
[docs.djangoproject.com/en/4.1/intro/overview/index.html]
[static.djangoproject.com/js/mod/list-collapsing.c1a08d3ef9e9.js]
[static.djangoproject.com/js/mod/list-feature.73529480f25b.js]
[static.djangoproject.com/js/mod/mobile-menu.6012f4745df8.js]
[docs.djangoproject.com/en/4.1/intro/install/index.html]
[static.djangoproject.com/js/mod/version-switcher.c56ff7ed5481.js]
[static.djangoproject.com/js/mod/search-key.ae7292327b47.js]
[static.djangoproject.com/js/mod/stripe-change-card.682c710317a8.js]
[static.djangoproject.com/js/mod/console-tabs.70ce882faaf3.js]
[docs.djangoproject.com/en/4.1/index.html]
[static.djangoproject.com/js/lib/require.177879fbe7dd.js]
[docs.djangoproject.com/en/4.1/intro/tutorial01/index.html]
[docs.djangoproject.com/en/4.1/intro/tutorial02/index.html]
[static.djangoproject.com/img/logo-django.90b49074bac7.png]
[static.djangoproject.com/img/company-mozilla.6278ad7bf955.png]
[docs.djangoproject.com/en/4.1/intro/tutorial03/index.html]
[static.djangoproject.com/img/company-pinterest.a2ff6a5f0ac9.png]
[docs.djangoproject.com/en/4.1/intro/tutorial04/index.html]
[static.djangoproject.com/img/company-theguardian.3d5d9d4eea5c.png]
[static.djangoproject.com/img/company-instagram.6e8564d2efc8.png]
[static.djangoproject.com/img/company-rdio.62c6dbd39ec4.png]
[static.djangoproject.com/img/logo-threespot.9dcef46828f6.png]
[docs.djangoproject.com/en/4.1/intro/tutorial05/index.html]
[static.djangoproject.com/img/logo-andrevv.e16766da19e5.png]
[static.djangoproject.com/img/logo-knight.d7dac8e273af.png]
[static.djangoproject.com/img/logo-mozilla.9891ff2c5029.png]
[docs.djangoproject.com/en/4.1/intro/tutorial06/index.html]
[static.djangoproject.com/img/logo-disqus.768fe8c2a4b6.png]
[static.djangoproject.com/css/output.1adc4207e45f.css]
[static.djangoproject.com/js/lib/webfontloader/webfontloader.e75218f5f090.js]
[static.djangoproject.com/js/lib/modernizr.3b36762e418a.js]
[docs.djangoproject.com/en/4.1/intro/tutorial07/index.html]
[docs.djangoproject.com/en/4.1/intro/reusable-apps/index.html]
[static.djangoproject.com/js/mod/switch-dark-mode.a0e0dca32970.js]
[docs.djangoproject.com/en/4.1/faq/help/index.html]
[docs.djangoproject.com/en/4.1/intro/contributing/index.html]
[docs.djangoproject.com/en/4.1/intro/overview/index.html]
[docs.djangoproject.com/en/4.1/faq/index.html]
[docs.djangoproject.com/en/4.1/intro/install/index.html]
[docs.djangoproject.com/en/4.1/py-modindex/index.html]
[docs.djangoproject.com/en/4.1/intro/tutorial01/index.html]
[docs.djangoproject.com/en/4.1/genindex/index.html]
[docs.djangoproject.com/en/4.1/topics/index.html]
[docs.djangoproject.com/en/4.1/intro/index.html]
[docs.djangoproject.com/en/4.1/contents/index.html]
[docs.djangoproject.com/en/4.1/ref/index.html]
[docs.djangoproject.com/en/4.1/_images/admin01.png]
[docs.djangoproject.com/en/4.1/howto/index.html]
[docs.djangoproject.com/en/4.1/_images/admin02.png]
[docs.djangoproject.com/en/4.1/_images/admin03t.png]
[docs.djangoproject.com/en/4.1/_images/admin04t.png]
[docs.djangoproject.com/en/4.1/topics/db/models/index.html]
[docs.djangoproject.com/en/4.1/_images/admin05t.png]
[docs.djangoproject.com/en/4.1/_images/admin06t.png]
[docs.djangoproject.com/en/4.1/intro/tutorial02/index.html]
[docs.djangoproject.com/en/4.1/intro/tutorial03/index.html]
[docs.djangoproject.com/en/4.1/intro/tutorial04/index.html]
[docs.djangoproject.com/en/4.1/ref/models/fields/index.html]
[docs.djangoproject.com/en/4.1/intro/tutorial05/index.html]
[docs.djangoproject.com/en/4.1/intro/tutorial06/index.html]
[docs.djangoproject.com/en/4.1/ref/models/indexes/index.html]
[docs.djangoproject.com/en/4.1/ref/models/class/index.html]
[docs.djangoproject.com/en/4.1/ref/models/options/index.html]
[docs.djangoproject.com/en/4.1/topics/db/queries/index.html]
[docs.djangoproject.com/en/4.1/_images/admin07.png]
[docs.djangoproject.com/en/4.1/_images/admin08t.png]
[docs.djangoproject.com/en/4.1/ref/models/querysets/index.html]
[docs.djangoproject.com/en/4.1/_images/admin09.png]
[docs.djangoproject.com/en/4.1/_images/admin10t.png]
[docs.djangoproject.com/en/4.1/ref/models/lookups/index.html]
[docs.djangoproject.com/en/4.1/_images/admin14t.png]
[docs.djangoproject.com/en/4.1/_images/admin11t.png]
[docs.djangoproject.com/en/4.1/_images/admin12t.png]
[docs.djangoproject.com/en/4.1/_images/admin13t.png]
[docs.djangoproject.com/en/4.1/intro/tutorial07/index.html]
[docs.djangoproject.com/en/4.1/intro/reusable-apps/index.html]
[docs.djangoproject.com/en/4.1/ref/models/instances/index.html]
[docs.djangoproject.com/en/4.1/ref/models/relations/index.html]
[docs.djangoproject.com/en/4.1/intro/contributing/index.html]
[docs.djangoproject.com/en/4.1/faq/index.html]
[docs.djangoproject.com/en/4.1/topics/migrations/index.html]
[docs.djangoproject.com/en/4.1/genindex/index.html]
[docs.djangoproject.com/en/4.1/ref/migration-operations/index.html]
[docs.djangoproject.com/en/4.1/ref/schema-editor/index.html]
[docs.djangoproject.com/en/4.1/howto/writing-migrations/index.html]
[docs.djangoproject.com/en/4.1/topics/db/managers/index.html]
[docs.djangoproject.com/en/4.1/topics/db/sql/index.html]
[docs.djangoproject.com/en/4.1/topics/db/transactions/index.html]
[docs.djangoproject.com/en/4.1/topics/db/aggregation/index.html]
[docs.djangoproject.com/en/4.1/topics/db/search/index.html]
[docs.djangoproject.com/en/4.1/howto/custom-model-fields/index.html]
[docs.djangoproject.com/en/4.1/topics/db/multi-db/index.html]
[docs.djangoproject.com/en/4.1/howto/custom-lookups/index.html]
[docs.djangoproject.com/en/4.1/ref/models/expressions/index.html]
[docs.djangoproject.com/en/4.1/ref/models/conditional-expressions/index.html]
[docs.djangoproject.com/en/4.1/ref/models/database-functions/index.html]
[docs.djangoproject.com/en/4.1/ref/databases/index.html]
[docs.djangoproject.com/en/4.1/howto/legacy-databases/index.html]
[docs.djangoproject.com/en/4.1/howto/initial-data/index.html]
[docs.djangoproject.com/en/4.1/topics/db/optimization/index.html]
[docs.djangoproject.com/en/4.1/ref/contrib/postgres/index.html]
[docs.djangoproject.com/en/4.1/topics/http/urls/index.html]
[docs.djangoproject.com/en/4.1/topics/http/views/index.html]
[docs.djangoproject.com/en/4.1/topics/http/shortcuts/index.html]
[docs.djangoproject.com/en/4.1/topics/http/decorators/index.html]
[docs.djangoproject.com/en/4.1/topics/async/index.html]
[docs.djangoproject.com/en/4.1/ref/views/index.html]
[docs.djangoproject.com/en/4.1/ref/request-response/index.html]
[docs.djangoproject.com/en/4.1/ref/template-response/index.html]
[docs.djangoproject.com/en/4.1/topics/http/file-uploads/index.html]
[docs.djangoproject.com/en/4.1/ref/files/file/index.html]
[docs.djangoproject.com/en/4.1/ref/files/storage/index.html]
[docs.djangoproject.com/en/4.1/topics/files/index.html]
[docs.djangoproject.com/en/4.1/howto/custom-file-storage/index.html]
[docs.djangoproject.com/en/4.1/topics/class-based-views/index.html]
[docs.djangoproject.com/en/4.1/topics/class-based-views/generic-display/index.html]
[docs.djangoproject.com/en/4.1/topics/class-based-views/generic-editing/index.html]
[docs.djangoproject.com/en/4.1/topics/class-based-views/mixins/index.html]
[docs.djangoproject.com/en/4.1/py-modindex/index.html]
[docs.djangoproject.com/en/4.1/contents/index.html]
[docs.djangoproject.com/en/4.1/intro/index.html]
[docs.djangoproject.com/en/4.1/ref/class-based-views/flattened-index/index.html]
[docs.djangoproject.com/en/4.1/ref/class-based-views/index.html]
[docs.djangoproject.com/en/4.1/topics/index.html]
[docs.djangoproject.com/en/4.1/ref/index.html]
[docs.djangoproject.com/en/4.1/topics/http/middleware/index.html]
[docs.djangoproject.com/en/4.1/howto/outputting-pdf/index.html]
[docs.djangoproject.com/en/4.1/howto/outputting-csv/index.html]
[docs.djangoproject.com/en/4.1/ref/middleware/index.html]
[docs.djangoproject.com/en/4.1/howto/index.html]
[docs.djangoproject.com/en/4.1/topics/db/models/index.html]
[docs.djangoproject.com/en/4.1/topics/templates/index.html]
[docs.djangoproject.com/en/4.1/ref/models/fields/index.html]
[docs.djangoproject.com/en/4.1/ref/models/indexes/index.html]
[docs.djangoproject.com/en/4.1/ref/templates/builtins/index.html]
[docs.djangoproject.com/en/4.1/ref/contrib/humanize/index.html]
[docs.djangoproject.com/en/4.1/ref/models/options/index.html]
[docs.djangoproject.com/en/4.1/ref/models/class/index.html]
[docs.djangoproject.com/en/4.1/ref/templates/language/index.html]
[docs.djangoproject.com/en/4.1/ref/templates/api/index.html]
[docs.djangoproject.com/en/4.1/topics/db/queries/index.html]
[docs.djangoproject.com/en/4.1/howto/custom-template-tags/index.html]
[docs.djangoproject.com/en/4.1/ref/models/querysets/index.html]
[docs.djangoproject.com/en/4.1/howto/custom-template-backend/index.html]
[docs.djangoproject.com/en/4.1/topics/forms/index.html]
[docs.djangoproject.com/en/4.1/ref/models/lookups/index.html]
[docs.djangoproject.com/en/4.1/ref/models/instances/index.html]
[docs.djangoproject.com/en/4.1/ref/forms/api/index.html]
[docs.djangoproject.com/en/4.1/ref/models/relations/index.html]
[docs.djangoproject.com/en/4.1/ref/forms/fields/index.html]
[docs.djangoproject.com/en/4.1/topics/migrations/index.html]
[docs.djangoproject.com/en/4.1/ref/forms/widgets/index.html]
[docs.djangoproject.com/en/4.1/ref/migration-operations/index.html]
[docs.djangoproject.com/en/4.1/topics/forms/modelforms/index.html]
[docs.djangoproject.com/en/4.1/ref/schema-editor/index.html]
[docs.djangoproject.com/en/4.1/topics/forms/media/index.html]
[docs.djangoproject.com/en/4.1/howto/writing-migrations/index.html]
[docs.djangoproject.com/en/4.1/topics/forms/formsets/index.html]
[docs.djangoproject.com/en/4.1/ref/forms/validation/index.html]
[docs.djangoproject.com/en/4.1/topics/db/managers/index.html]
[docs.djangoproject.com/en/4.1/topics/settings/index.html]
[docs.djangoproject.com/en/4.1/topics/db/sql/index.html]
[docs.djangoproject.com/en/4.1/topics/db/transactions/index.html]
[docs.djangoproject.com/en/4.1/ref/settings/index.html]
[docs.djangoproject.com/en/4.1/ref/applications/index.html]
[docs.djangoproject.com/en/4.1/topics/db/aggregation/index.html]
[docs.djangoproject.com/en/4.1/topics/db/search/index.html]
[docs.djangoproject.com/en/4.1/howto/custom-model-fields/index.html]
[docs.djangoproject.com/en/4.1/ref/django-admin/index.html]
[docs.djangoproject.com/en/4.1/ref/exceptions/index.html]
[docs.djangoproject.com/en/4.1/howto/custom-management-commands/index.html]
[docs.djangoproject.com/en/4.1/topics/db/multi-db/index.html]
[docs.djangoproject.com/en/4.1/topics/testing/index.html]
[docs.djangoproject.com/en/4.1/howto/custom-lookups/index.html]
[docs.djangoproject.com/en/4.1/topics/testing/tools/index.html]
[docs.djangoproject.com/en/4.1/topics/testing/advanced/index.html]
[docs.djangoproject.com/en/4.1/ref/models/expressions/index.html]
[docs.djangoproject.com/en/4.1/topics/testing/overview/index.html]
[docs.djangoproject.com/en/4.1/howto/deployment/index.html]
[docs.djangoproject.com/en/4.1/howto/deployment/wsgi/index.html]
[docs.djangoproject.com/en/4.1/ref/models/conditional-expressions/index.html]
[docs.djangoproject.com/en/4.1/ref/models/database-functions/index.html]
[docs.djangoproject.com/en/4.1/howto/deployment/asgi/index.html]
[docs.djangoproject.com/en/4.1/ref/databases/index.html]
[docs.djangoproject.com/en/4.1/howto/deployment/checklist/index.html]
[docs.djangoproject.com/en/4.1/howto/static-files/deployment/index.html]
[docs.djangoproject.com/en/4.1/ref/contrib/admin/index.html]
[docs.djangoproject.com/en/4.1/ref/contrib/admin/actions/index.html]
[docs.djangoproject.com/en/4.1/howto/error-reporting/index.html]
[docs.djangoproject.com/en/4.1/howto/legacy-databases/index.html]
[docs.djangoproject.com/en/4.1/topics/security/index.html]
[docs.djangoproject.com/en/4.1/ref/contrib/admin/admindocs/index.html]
[docs.djangoproject.com/en/4.1/howto/initial-data/index.html]
[docs.djangoproject.com/en/4.1/topics/db/optimization/index.html]
[docs.djangoproject.com/en/4.1/ref/contrib/postgres/index.html]
[docs.djangoproject.com/en/4.1/releases/security/index.html]
[docs.djangoproject.com/en/4.1/topics/http/urls/index.html]
[docs.djangoproject.com/en/4.1/ref/csrf/index.html]
[docs.djangoproject.com/en/4.1/ref/clickjacking/index.html]
[docs.djangoproject.com/en/4.1/topics/http/views/index.html]
[docs.djangoproject.com/en/4.1/topics/i18n/index.html]
[docs.djangoproject.com/en/4.1/topics/signing/index.html]
[docs.djangoproject.com/en/4.1/topics/http/shortcuts/index.html]
[docs.djangoproject.com/en/4.1/topics/i18n/translation/index.html]
[docs.djangoproject.com/en/4.1/topics/i18n/formatting/index.html]
[docs.djangoproject.com/en/4.1/topics/http/decorators/index.html]
[docs.djangoproject.com/en/4.1/topics/async/index.html]
[docs.djangoproject.com/en/4.1/ref/views/index.html]
[docs.djangoproject.com/en/4.1/topics/performance/index.html]
[docs.djangoproject.com/en/4.1/ref/contrib/gis/index.html]
[docs.djangoproject.com/en/4.1/ref/request-response/index.html]
[docs.djangoproject.com/en/4.1/ref/template-response/index.html]
[docs.djangoproject.com/en/4.1/topics/i18n/timezones/index.html]
[docs.djangoproject.com/en/4.1/topics/auth/index.html]
[docs.djangoproject.com/en/4.1/topics/http/file-uploads/index.html]
[docs.djangoproject.com/en/4.1/topics/auth/default/index.html]
[docs.djangoproject.com/en/4.1/ref/files/file/index.html]
[docs.djangoproject.com/en/4.1/topics/auth/passwords/index.html]
[docs.djangoproject.com/en/4.1/ref/files/storage/index.html]
[docs.djangoproject.com/en/4.1/topics/auth/customizing/index.html]
[docs.djangoproject.com/en/4.1/topics/files/index.html]
[docs.djangoproject.com/en/4.1/ref/contrib/auth/index.html]
[docs.djangoproject.com/en/4.1/howto/custom-file-storage/index.html]
[docs.djangoproject.com/en/4.1/topics/cache/index.html]
[docs.djangoproject.com/en/4.1/topics/class-based-views/index.html]
[docs.djangoproject.com/en/4.1/topics/logging/index.html]
[docs.djangoproject.com/en/4.1/topics/class-based-views/generic-display/index.html]
[docs.djangoproject.com/en/4.1/topics/email/index.html]
[docs.djangoproject.com/en/4.1/topics/class-based-views/generic-editing/index.html]
[docs.djangoproject.com/en/4.1/ref/contrib/syndication/index.html]
[docs.djangoproject.com/en/4.1/topics/pagination/index.html]
[docs.djangoproject.com/en/4.1/topics/class-based-views/mixins/index.html]
[docs.djangoproject.com/en/4.1/ref/class-based-views/index.html]
[docs.djangoproject.com/en/4.1/ref/contrib/messages/index.html]
[docs.djangoproject.com/en/4.1/topics/serialization/index.html]
[docs.djangoproject.com/en/4.1/ref/class-based-views/flattened-index/index.html]
[docs.djangoproject.com/en/4.1/howto/outputting-csv/index.html]
[docs.djangoproject.com/en/4.1/topics/http/sessions/index.html]
[docs.djangoproject.com/en/4.1/howto/outputting-pdf/index.html]
[docs.djangoproject.com/en/4.1/ref/contrib/sitemaps/index.html]
[docs.djangoproject.com/en/4.1/topics/http/middleware/index.html]
[docs.djangoproject.com/en/4.1/ref/contrib/staticfiles/index.html]
[docs.djangoproject.com/en/4.1/ref/validators/index.html]
[docs.djangoproject.com/en/4.1/ref/middleware/index.html]
[docs.djangoproject.com/en/4.1/topics/templates/index.html]
[docs.djangoproject.com/en/4.1/topics/conditional-view-processing/index.html]
[docs.djangoproject.com/en/4.1/ref/contrib/contenttypes/index.html]
[docs.djangoproject.com/en/4.1/ref/templates/language/index.html]
[docs.djangoproject.com/en/4.1/ref/contrib/flatpages/index.html]
[docs.djangoproject.com/en/4.1/ref/templates/builtins/index.html]
[docs.djangoproject.com/en/4.1/ref/contrib/humanize/index.html]
[docs.djangoproject.com/en/4.1/ref/contrib/redirects/index.html]
[docs.djangoproject.com/en/4.1/topics/signals/index.html]
[docs.djangoproject.com/en/4.1/ref/templates/api/index.html]
[docs.djangoproject.com/en/4.1/howto/custom-template-tags/index.html]
[docs.djangoproject.com/en/4.1/topics/checks/index.html]
[docs.djangoproject.com/en/4.1/ref/contrib/sites/index.html]
[docs.djangoproject.com/en/4.1/ref/unicode/index.html]
[docs.djangoproject.com/en/4.1/_images/postmortem.png]
[docs.djangoproject.com/en/4.1/internals/contributing/index.html]
[docs.djangoproject.com/en/4.1/_images/template-lines.png]
[docs.djangoproject.com/en/4.1/howto/custom-template-backend/index.html]
[docs.djangoproject.com/en/4.1/topics/forms/index.html]
[docs.djangoproject.com/en/4.1/internals/organization/index.html]
[docs.djangoproject.com/en/4.1/internals/release-process/index.html]
[docs.djangoproject.com/en/4.1/ref/forms/api/index.html]
[docs.djangoproject.com/en/4.1/internals/git/index.html]
[docs.djangoproject.com/en/4.1/ref/forms/fields/index.html]
[docs.djangoproject.com/en/4.1/ref/forms/widgets/index.html]
[docs.djangoproject.com/en/4.1/internals/security/index.html]
[docs.djangoproject.com/en/4.1/internals/mailing-lists/index.html]
[docs.djangoproject.com/en/4.1/topics/forms/modelforms/index.html]
[docs.djangoproject.com/en/4.1/topics/forms/media/index.html]
[docs.djangoproject.com/en/4.1/misc/design-philosophies/index.html]
[docs.djangoproject.com/en/4.1/topics/forms/formsets/index.html]
[docs.djangoproject.com/en/4.1/internals/contributing/writing-documentation/index.html]
[docs.djangoproject.com/en/4.1/ref/forms/validation/index.html]
[docs.djangoproject.com/en/4.1/misc/distributions/index.html]
[docs.djangoproject.com/en/4.1/misc/api-stability/index.html]
[docs.djangoproject.com/en/4.1/topics/settings/index.html]
[docs.djangoproject.com/en/4.1/ref/settings/index.html]
[docs.djangoproject.com/en/4.1/releases/index.html]
[docs.djangoproject.com/en/4.1/ref/applications/index.html]
[docs.djangoproject.com/en/4.1/internals/deprecation/index.html]
[docs.djangoproject.com/en/4.1/ref/exceptions/index.html]
[docs.djangoproject.com/en/4.1/Trident/index.html]
[docs.djangoproject.com/en/4.1/Opera Mini/index.html]
[docs.djangoproject.com/en/4.1/ref/django-admin/index.html]
[docs.djangoproject.com/en/4.1/howto/custom-management-commands/index.html]
[docs.djangoproject.com/en/4.1/Version/index.html]
[docs.djangoproject.com/en/4.1/topics/testing/index.html]
[docs.djangoproject.com/en/4.1/internals/contributing/bugs-and-features/index.html]
[docs.djangoproject.com/en/4.1/topics/testing/overview/index.html]
[docs.djangoproject.com/en/4.1/faq/usage/index.html]
[docs.djangoproject.com/en/4.1/faq/models/index.html]
[docs.djangoproject.com/en/4.1/howto/static-files/index.html]
[docs.djangoproject.com/en/4.1/_images/django_unittest_classes_hierarchy.svg]
[docs.djangoproject.com/en/4.1/topics/testing/tools/index.html]
[docs.djangoproject.com/en/4.1/topics/install/index.html]
[docs.djangoproject.com/en/4.1/topics/testing/advanced/index.html]
[docs.djangoproject.com/en/4.1/howto/deployment/index.html]
[docs.djangoproject.com/en/4.1/faq/install/index.html]
[docs.djangoproject.com/en/4.1/howto/deployment/wsgi/index.html]
[docs.djangoproject.com/en/4.1/glossary/index.html]
[docs.djangoproject.com/en/4.1/faq/troubleshooting/index.html]
[docs.djangoproject.com/en/4.1/howto/deployment/asgi/index.html]
[docs.djangoproject.com/en/4.1/ref/urls/index.html]
[docs.djangoproject.com/en/4.1/howto/static-files/deployment/index.html]
[docs.djangoproject.com/en/4.1/howto/error-reporting/index.html]
[docs.djangoproject.com/en/4.1/ref/utils/index.html]
[docs.djangoproject.com/en/4.1/howto/deployment/checklist/index.html]
[docs.djangoproject.com/en/4.1/ref/urlresolvers/index.html]
[docs.djangoproject.com/en/4.1/ref/class-based-views/generic-display/index.html]
[docs.djangoproject.com/en/4.1/intro/whatsnext/index.html]
[docs.djangoproject.com/en/4.1/_images/fieldsets.png]
[docs.djangoproject.com/en/4.1/_images/raw_id_fields.png]
[docs.djangoproject.com/en/4.1/ref/contrib/admin/index.html]
[docs.djangoproject.com/en/4.1/ref/contrib/index.html]
[docs.djangoproject.com/en/4.1/internals/contributing/writing-code/index.html]
[docs.djangoproject.com/en/4.1/_images/admin-actions.png]
[docs.djangoproject.com/en/4.1/_images/adding-actions-to-the-modeladmin.png]
[docs.djangoproject.com/en/4.1/howto/windows/index.html]
[docs.djangoproject.com/en/4.1/_images/actions-as-modeladmin-methods.png]
[docs.djangoproject.com/en/4.1/ref/contrib/admin/actions/index.html]
[docs.djangoproject.com/en/4.1/ref/contrib/admin/admindocs/index.html]
[docs.djangoproject.com/en/4.1/topics/security/index.html]
[docs.djangoproject.com/en/4.1/internals/contributing/writing-code/unit-tests/index.html]
[docs.djangoproject.com/en/4.1/releases/security/index.html]
[docs.djangoproject.com/en/4.1/internals/contributing/committing-code/index.html]
[docs.djangoproject.com/en/4.1/ref/clickjacking/index.html]
[docs.djangoproject.com/en/4.1/internals/contributing/writing-code/working-with-git/index.html]
[docs.djangoproject.com/en/4.1/ref/csrf/index.html]
[docs.djangoproject.com/en/4.1/internals/contributing/writing-code/submitting-patches/index.html]
[docs.djangoproject.com/en/4.1/topics/signing/index.html]
[docs.djangoproject.com/en/4.1/internals/contributing/new-contributors/index.html]
[docs.djangoproject.com/en/4.1/topics/i18n/index.html]
[docs.djangoproject.com/en/4.1/internals/contributing/triaging-tickets/index.html]
[docs.djangoproject.com/en/4.1/topics/i18n/translation/index.html]
[docs.djangoproject.com/en/4.1/faq/general/index.html]
[docs.djangoproject.com/en/4.1/topics/i18n/formatting/index.html]
[docs.djangoproject.com/en/4.1/faq/admin/index.html]
[docs.djangoproject.com/en/4.1/topics/i18n/timezones/index.html]
[docs.djangoproject.com/en/4.1/faq/contributing/index.html]
[docs.djangoproject.com/en/4.1/topics/performance/index.html]
[docs.djangoproject.com/en/4.1/ref/contrib/gis/commands/index.html]
[docs.djangoproject.com/en/4.1/ref/contrib/gis/index.html]
[docs.djangoproject.com/en/4.1/ref/contrib/gis/measure/index.html]
[docs.djangoproject.com/en/4.1/topics/auth/index.html]
[docs.djangoproject.com/en/4.1/ref/contrib/gis/gdal/index.html]
[docs.djangoproject.com/en/4.1/topics/auth/default/index.html]
[docs.djangoproject.com/en/4.1/ref/contrib/postgres/operations/index.html]
[docs.djangoproject.com/en/4.1/topics/auth/passwords/index.html]
[docs.djangoproject.com/en/4.1/ref/logging/index.html]
[docs.djangoproject.com/en/4.1/topics/auth/customizing/index.html]
[docs.djangoproject.com/en/4.1/ref/class-based-views/mixins-date-based/index.html]
[docs.djangoproject.com/en/4.1/ref/contrib/auth/index.html]
[docs.djangoproject.com/en/4.1/ref/class-based-views/mixins-multiple-object/index.html]
[docs.djangoproject.com/en/4.1/topics/cache/index.html]
[docs.djangoproject.com/en/4.1/ref/paginator/index.html]
[docs.djangoproject.com/en/4.1/topics/logging/index.html]
[docs.djangoproject.com/en/4.1/ref/class-based-views/generic-date-based/index.html]
[docs.djangoproject.com/en/4.1/ref/contrib/gis/functions/index.html]
[docs.djangoproject.com/en/4.1/topics/email/index.html]
[docs.djangoproject.com/en/4.1/ref/contrib/syndication/index.html]
[docs.djangoproject.com/en/4.1/ref/contrib/gis/geos/index.html]
[docs.djangoproject.com/en/4.1/topics/pagination/index.html]
[docs.djangoproject.com/en/4.1/ref/contrib/postgres/aggregates/index.html]
[docs.djangoproject.com/en/4.1/ref/contrib/messages/index.html]
[docs.djangoproject.com/en/4.1/ref/contrib/postgres/fields/index.html]
[docs.djangoproject.com/en/4.1/topics/serialization/index.html]
[docs.djangoproject.com/en/4.1/ref/contrib/postgres/expressions/index.html]
[docs.djangoproject.com/en/4.1/topics/http/sessions/index.html]
[docs.djangoproject.com/en/4.1/ref/class-based-views/base/index.html]
[docs.djangoproject.com/en/4.1/ref/contrib/postgres/forms/index.html]
[docs.djangoproject.com/en/4.1/ref/contrib/sitemaps/index.html]
[docs.djangoproject.com/en/4.1/ref/contrib/staticfiles/index.html]
[docs.djangoproject.com/en/4.1/ref/models/constraints/index.html]
[docs.djangoproject.com/en/4.1/ref/contrib/gis/forms-api/index.html]
[docs.djangoproject.com/en/4.1/ref/validators/index.html]
[docs.djangoproject.com/en/4.1/ref/forms/renderers/index.html]
[docs.djangoproject.com/en/4.1/topics/conditional-view-processing/index.html]
[docs.djangoproject.com/en/4.1/ref/contrib/contenttypes/index.html]
[docs.djangoproject.com/en/4.1/ref/contrib/gis/geoquerysets/index.html]
[docs.djangoproject.com/en/4.1/ref/contrib/postgres/indexes/index.html]
[docs.djangoproject.com/en/4.1/ref/contrib/flatpages/index.html]
[docs.djangoproject.com/en/4.1/ref/files/uploads/index.html]
[docs.djangoproject.com/en/4.1/ref/contrib/redirects/index.html]
[docs.djangoproject.com/en/4.1/topics/signals/index.html]
[docs.djangoproject.com/en/4.1/ref/checks/index.html]
[docs.djangoproject.com/en/4.1/topics/checks/index.html]
[docs.djangoproject.com/en/4.1/ref/contrib/gis/geoip2/index.html]
[docs.djangoproject.com/en/4.1/ref/contrib/postgres/constraints/index.html]
[docs.djangoproject.com/en/4.1/ref/contrib/sites/index.html]
[docs.djangoproject.com/en/4.1/ref/unicode/index.html]
[docs.djangoproject.com/en/4.1/ref/class-based-views/mixins-simple/index.html]
[docs.djangoproject.com/en/4.1/internals/contributing/index.html]
[docs.djangoproject.com/en/4.1/ref/class-based-views/mixins-single-object/index.html]
[docs.djangoproject.com/en/4.1/internals/release-process/index.html]
[docs.djangoproject.com/en/4.1/ref/contrib/gis/admin/index.html]
[docs.djangoproject.com/en/4.1/internals/organization/index.html]
[docs.djangoproject.com/en/4.1/ref/class-based-views/mixins-editing/index.html]
[docs.djangoproject.com/en/4.1/internals/git/index.html]
[docs.djangoproject.com/en/4.1/ref/contrib/gis/model-api/index.html]
[docs.djangoproject.com/en/4.1/internals/security/index.html]
[docs.djangoproject.com/en/4.1/ref/contrib/gis/db-api/index.html]
[docs.djangoproject.com/en/4.1/internals/mailing-lists/index.html]
[docs.djangoproject.com/en/4.1/ref/contrib/gis/feeds/index.html]
[docs.djangoproject.com/en/4.1/misc/design-philosophies/index.html]
[docs.djangoproject.com/en/4.1/ref/contrib/gis/serializers/index.html]
[docs.djangoproject.com/en/4.1/internals/contributing/writing-documentation/index.html]
[docs.djangoproject.com/en/4.1/ref/contrib/gis/utils/index.html]
[docs.djangoproject.com/en/4.1/ref/contrib/gis/layermapping/index.html]
[docs.djangoproject.com/en/4.1/misc/distributions/index.html]
[docs.djangoproject.com/en/4.1/misc/api-stability/index.html]
[docs.djangoproject.com/en/4.1/ref/contrib/gis/ogrinspect/index.html]
[docs.djangoproject.com/en/4.1/releases/index.html]
[docs.djangoproject.com/en/4.1/ref/contrib/postgres/validators/index.html]
[docs.djangoproject.com/en/4.1/internals/deprecation/index.html]
[docs.djangoproject.com/en/4.1/ref/files/index.html]
[docs.djangoproject.com/en/4.1/ref/signals/index.html]
[static.djangoproject.com/js/lib/jquery/dist/jquery.min.87e69028f78d.js]
[static.djangoproject.com/js/lib/jquery.inview/jquery.inview.min.4edba1c65592.js]
[static.djangoproject.com/js/lib/jquery.payment/lib/jquery.payment.e99c05ca79ae.js]
[docs.djangoproject.com/en/4.1/topics/db/index.html]
[docs.djangoproject.com/en/4.1/ref/models/meta/index.html]
[static.djangoproject.com/js/lib/unveil/jquery.unveil.min.ac79eb277093.js]
[docs.djangoproject.com/en/4.1/ref/class-based-views/generic-editing/index.html]
[static.djangoproject.com/js/lib/jquery-flot/jquery.flot.min.9964206e9d7f.js]
[docs.djangoproject.com/en/4.1/releases/3.0.1/index.html]
[docs.djangoproject.com/en/4.1/ref/forms/formsets/index.html]
[docs.djangoproject.com/en/4.1/ref/forms/models/index.html]
[static.djangoproject.com/js/lib/clipboard/dist/clipboard.min.bd70fd596a23.js]
[docs.djangoproject.com/en/4.1/releases/1.2/index.html]
[static.djangoproject.com/js/mod/floating-warning.a21b2abd2884.js]
[static.djangoproject.com/js/mod/list-collapsing.c1a08d3ef9e9.js]
[docs.djangoproject.com/en/4.1/howto/deployment/wsgi/uwsgi/index.html]
[docs.djangoproject.com/en/4.1/internals/contributing/writing-code/coding-style/index.html]
[static.djangoproject.com/js/mod/list-feature.73529480f25b.js]
[static.djangoproject.com/js/mod/mobile-menu.6012f4745df8.js]
[docs.djangoproject.com/en/4.1/releases/2.2.1/index.html]
[docs.djangoproject.com/en/4.1/howto/upgrade-version/index.html]
[static.djangoproject.com/js/mod/version-switcher.c56ff7ed5481.js]
[docs.djangoproject.com/en/4.1/topics/db/instrumentation/index.html]
[static.djangoproject.com/js/mod/search-key.ae7292327b47.js]
[docs.djangoproject.com/en/4.1/ref/contrib/postgres/search/index.html]
[docs.djangoproject.com/en/4.1/ref/contrib/postgres/lookups/index.html]
[static.djangoproject.com/js/mod/stripe-change-card.682c710317a8.js]
[docs.djangoproject.com/en/4.1/releases/1.4/index.html]
[docs.djangoproject.com/en/4.1/ref/contrib/gis/testing/index.html]
[static.djangoproject.com/js/mod/console-tabs.70ce882faaf3.js]
[docs.djangoproject.com/en/4.1/releases/1.6/index.html]
[docs.djangoproject.com/en/4.1/releases/1.7/index.html]
[static.djangoproject.com/js/lib/require.177879fbe7dd.js]
[docs.djangoproject.com/en/4.1/releases/1.8/index.html]
[docs.djangoproject.com/en/4.1/ref/contrib/postgres/functions/index.html]
[docs.djangoproject.com/en/4.1/releases/1.10/index.html]
[docs.djangoproject.com/en/4.1/Trident/index.html]
[docs.djangoproject.com/en/4.1/Opera Mini/index.html]
[docs.djangoproject.com/en/4.1/releases/2.1/index.html]
[docs.djangoproject.com/en/4.1/Version/index.html]
[docs.djangoproject.com/en/4.1/releases/1.9/index.html]
[docs.djangoproject.com/en/4.1/releases/1.8.15/index.html]
[docs.djangoproject.com/en/4.1/releases/1.11/index.html]
[docs.djangoproject.com/en/4.1/internals/contributing/bugs-and-features/index.html]
[docs.djangoproject.com/en/4.1/releases/1.9.10/index.html]
[docs.djangoproject.com/en/4.1/faq/usage/index.html]
[docs.djangoproject.com/en/4.1/releases/3.2/index.html]
[docs.djangoproject.com/en/4.1/faq/models/index.html]
[docs.djangoproject.com/en/4.1/releases/3.0/index.html]
[docs.djangoproject.com/en/4.1/howto/static-files/index.html]
[docs.djangoproject.com/en/4.1/releases/3.1/index.html]
[docs.djangoproject.com/en/4.1/topics/install/index.html]
[docs.djangoproject.com/en/4.1/faq/install/index.html]
[docs.djangoproject.com/en/4.1/glossary/index.html]
[docs.djangoproject.com/en/4.1/faq/troubleshooting/index.html]
[docs.djangoproject.com/en/4.1/topics/db/tablespaces/index.html]
[docs.djangoproject.com/en/4.1/topics/db/examples/index.html]
[docs.djangoproject.com/en/4.1/ref/urls/index.html]
[docs.djangoproject.com/en/4.1/topics/http/index.html]
[docs.djangoproject.com/en/4.1/topics/http/generic-views/index.html]
[docs.djangoproject.com/en/4.1/ref/utils/index.html]
[docs.djangoproject.com/en/4.1/topics/class-based-views/intro/index.html]
[docs.djangoproject.com/en/4.1/topics/external-packages/index.html]
[docs.djangoproject.com/en/4.1/ref/urlresolvers/index.html]
[docs.djangoproject.com/en/4.1/howto/auth-remote-user/index.html]
[docs.djangoproject.com/en/4.1/howto/csrf/index.html]
[docs.djangoproject.com/en/4.1/ref/class-based-views/generic-display/index.html]
[docs.djangoproject.com/en/4.1/howto/logging/index.html]
[docs.djangoproject.com/en/4.1/howto/overriding-templates/index.html]
[docs.djangoproject.com/en/4.1/ref/class-based-views/mixins/index.html]
[docs.djangoproject.com/en/4.1/ref/forms/index.html]
[docs.djangoproject.com/en/4.1/intro/whatsnext/index.html]
[docs.djangoproject.com/en/4.1/ref/models/index.html]
[docs.djangoproject.com/en/4.1/ref/templates/index.html]
[docs.djangoproject.com/en/4.1/ref/contrib/index.html]
[docs.djangoproject.com/en/4.1/misc/index.html]
[docs.djangoproject.com/en/4.1/internals/howto-release-django/index.html]
[docs.djangoproject.com/en/4.1/internals/index.html]
[docs.djangoproject.com/en/4.1/internals/contributing/writing-code/index.html]
[docs.djangoproject.com/en/4.1/topics/db/examples/many_to_one/index.html]
[docs.djangoproject.com/en/4.1/topics/db/examples/many_to_many/index.html]
[docs.djangoproject.com/en/4.1/topics/db/examples/one_to_one/index.html]
[docs.djangoproject.com/en/4.1/_modules/django/db/transaction/index.html]
[docs.djangoproject.com/en/4.1/howto/windows/index.html]
[docs.djangoproject.com/en/4.1/_modules/django/core/files/base/index.html]
[docs.djangoproject.com/en/4.1/_modules/asgiref/sync/index.html]
[docs.djangoproject.com/en/4.1/internals/contributing/writing-code/unit-tests/index.html]
[docs.djangoproject.com/en/4.1/_modules/django/core/files/images/index.html]
[docs.djangoproject.com/en/4.1/_modules/django/core/files/storage/index.html]
[docs.djangoproject.com/en/4.1/internals/contributing/committing-code/index.html]
[docs.djangoproject.com/en/4.1/_modules/django/contrib/messages/middleware/index.html]
[docs.djangoproject.com/en/4.1/_modules/django/contrib/sites/middleware/index.html]
[docs.djangoproject.com/en/4.1/internals/contributing/writing-code/working-with-git/index.html]
[docs.djangoproject.com/en/4.1/_modules/django/middleware/clickjacking/index.html]
[docs.djangoproject.com/en/4.1/ref/contrib/gis/deployment/index.html]
[docs.djangoproject.com/en/4.1/internals/contributing/writing-code/submitting-patches/index.html]
[docs.djangoproject.com/en/4.1/howto/deployment/wsgi/modwsgi/index.html]
[docs.djangoproject.com/en/4.1/releases/4.1/index.html]
[docs.djangoproject.com/en/4.1/internals/contributing/new-contributors/index.html]
[docs.djangoproject.com/en/4.1/_modules/django/apps/config/index.html]
[docs.djangoproject.com/en/4.1/_modules/django/index.html]
[docs.djangoproject.com/en/4.1/_modules/django/core/exceptions/index.html]
[docs.djangoproject.com/en/4.1/_modules/django/db/utils/index.html]
[docs.djangoproject.com/en/4.1/_images/triage_process.svg]
[docs.djangoproject.com/en/4.1/internals/contributing/triaging-tickets/index.html]
[docs.djangoproject.com/en/4.1/faq/general/index.html]
[docs.djangoproject.com/en/4.1/faq/admin/index.html]
[docs.djangoproject.com/en/4.1/howto/deployment/wsgi/gunicorn/index.html]
[docs.djangoproject.com/en/4.1/_modules/django/contrib/sessions/exceptions/index.html]
[docs.djangoproject.com/en/4.1/howto/deployment/asgi/hypercorn/index.html]
[docs.djangoproject.com/en/4.1/howto/deployment/asgi/uvicorn/index.html]
[docs.djangoproject.com/en/4.1/faq/contributing/index.html]
[docs.djangoproject.com/en/4.1/ref/contrib/admin/filters/index.html]
[docs.djangoproject.com/en/4.1/ref/contrib/admin/javascript/index.html]
[docs.djangoproject.com/en/4.1/howto/deployment/asgi/daphne/index.html]
[docs.djangoproject.com/en/4.1/howto/deployment/wsgi/apache-auth/index.html]
[docs.djangoproject.com/en/4.1/ref/contrib/gis/commands/index.html]
[docs.djangoproject.com/en/4.1/_modules/django/core/signing/index.html]
[docs.djangoproject.com/en/4.1/_modules/django/utils/translation/index.html]
[docs.djangoproject.com/en/4.1/ref/contrib/gis/measure/index.html]
[docs.djangoproject.com/en/4.1/releases/0.95/index.html]
[docs.djangoproject.com/en/4.1/ref/contrib/gis/gdal/index.html]
[docs.djangoproject.com/en/4.1/ref/contrib/gis/install/index.html]
[docs.djangoproject.com/en/4.1/ref/contrib/gis/sitemaps/index.html]
[docs.djangoproject.com/en/4.1/ref/contrib/postgres/operations/index.html]
[docs.djangoproject.com/en/4.1/_modules/django/core/mail/message/index.html]
[docs.djangoproject.com/en/4.1/ref/contrib/gis/tutorial/index.html]
[docs.djangoproject.com/en/4.1/_modules/django/core/mail/index.html]
[docs.djangoproject.com/en/4.1/_modules/django/contrib/messages/api/index.html]
[docs.djangoproject.com/en/4.1/ref/logging/index.html]
[docs.djangoproject.com/en/4.1/ref/class-based-views/mixins-date-based/index.html]
[docs.djangoproject.com/en/4.1/ref/class-based-views/mixins-multiple-object/index.html]
[docs.djangoproject.com/en/4.1/_modules/django/dispatch/dispatcher/index.html]
[docs.djangoproject.com/en/4.1/ref/paginator/index.html]
[docs.djangoproject.com/en/4.1/internals/contributing/localizing/index.html]
[docs.djangoproject.com/en/4.1/_modules/django/core/validators/index.html]
[docs.djangoproject.com/en/4.1/internals/contributing/writing-code/javascript/index.html]
[docs.djangoproject.com/en/4.1/ref/class-based-views/generic-date-based/index.html]
[docs.djangoproject.com/en/4.1/ref/contrib/gis/functions/index.html]
[docs.djangoproject.com/en/4.1/releases/4.1.8/index.html]
[docs.djangoproject.com/en/4.1/releases/4.1.7/index.html]
[docs.djangoproject.com/en/4.1/ref/contrib/gis/geos/index.html]
[docs.djangoproject.com/en/4.1/releases/4.1.6/index.html]
[docs.djangoproject.com/en/4.1/ref/contrib/postgres/aggregates/index.html]
[docs.djangoproject.com/en/4.1/ref/contrib/postgres/fields/index.html]
[docs.djangoproject.com/en/4.1/releases/4.1.4/index.html]
[docs.djangoproject.com/en/4.1/ref/contrib/postgres/expressions/index.html]
[docs.djangoproject.com/en/4.1/releases/4.1.5/index.html]
[docs.djangoproject.com/en/4.1/ref/class-based-views/base/index.html]
[docs.djangoproject.com/en/4.1/releases/4.1.3/index.html]
[docs.djangoproject.com/en/4.1/ref/contrib/postgres/forms/index.html]
[docs.djangoproject.com/en/4.1/releases/4.1.2/index.html]
[docs.djangoproject.com/en/4.1/ref/models/constraints/index.html]
[docs.djangoproject.com/en/4.1/ref/contrib/gis/forms-api/index.html]
[docs.djangoproject.com/en/4.1/releases/4.1.1/index.html]
[docs.djangoproject.com/en/4.1/releases/4.0.10/index.html]
[docs.djangoproject.com/en/4.1/ref/forms/renderers/index.html]
[docs.djangoproject.com/en/4.1/releases/4.0.9/index.html]
[docs.djangoproject.com/en/4.1/ref/contrib/gis/geoquerysets/index.html]
[docs.djangoproject.com/en/4.1/ref/contrib/postgres/indexes/index.html]
[docs.djangoproject.com/en/4.1/releases/4.0.8/index.html]
[docs.djangoproject.com/en/4.1/releases/4.0.7/index.html]
[docs.djangoproject.com/en/4.1/ref/files/uploads/index.html]
[docs.djangoproject.com/en/4.1/releases/4.0.6/index.html]
[docs.djangoproject.com/en/4.1/ref/checks/index.html]
[docs.djangoproject.com/en/4.1/releases/4.0.5/index.html]
[docs.djangoproject.com/en/4.1/releases/4.0.4/index.html]
[docs.djangoproject.com/en/4.1/ref/contrib/gis/geoip2/index.html]
[docs.djangoproject.com/en/4.1/ref/contrib/postgres/constraints/index.html]
[docs.djangoproject.com/en/4.1/releases/4.0.3/index.html]
[docs.djangoproject.com/en/4.1/ref/class-based-views/mixins-simple/index.html]
[docs.djangoproject.com/en/4.1/releases/4.0.2/index.html]
[docs.djangoproject.com/en/4.1/ref/class-based-views/mixins-single-object/index.html]
[docs.djangoproject.com/en/4.1/releases/4.0.1/index.html]
[docs.djangoproject.com/en/4.1/ref/contrib/gis/admin/index.html]
[docs.djangoproject.com/en/4.1/releases/4.0/index.html]
[docs.djangoproject.com/en/4.1/ref/class-based-views/mixins-editing/index.html]
[docs.djangoproject.com/en/4.1/releases/3.2.18/index.html]
[docs.djangoproject.com/en/4.1/ref/contrib/gis/model-api/index.html]
[docs.djangoproject.com/en/4.1/releases/3.2.17/index.html]
[docs.djangoproject.com/en/4.1/ref/contrib/gis/db-api/index.html]
[docs.djangoproject.com/en/4.1/releases/3.2.16/index.html]
[docs.djangoproject.com/en/4.1/ref/contrib/gis/feeds/index.html]
[docs.djangoproject.com/en/4.1/releases/3.2.15/index.html]
[docs.djangoproject.com/en/4.1/ref/contrib/gis/serializers/index.html]
[docs.djangoproject.com/en/4.1/releases/3.2.14/index.html]
[docs.djangoproject.com/en/4.1/ref/contrib/gis/utils/index.html]
[docs.djangoproject.com/en/4.1/releases/3.2.13/index.html]
[docs.djangoproject.com/en/4.1/ref/contrib/gis/layermapping/index.html]
[docs.djangoproject.com/en/4.1/releases/3.2.12/index.html]
[docs.djangoproject.com/en/4.1/ref/contrib/gis/ogrinspect/index.html]
[docs.djangoproject.com/en/4.1/releases/3.2.11/index.html]
[docs.djangoproject.com/en/4.1/ref/contrib/postgres/validators/index.html]
[docs.djangoproject.com/en/4.1/releases/3.2.10/index.html]
[docs.djangoproject.com/en/4.1/releases/3.2.9/index.html]
[docs.djangoproject.com/en/4.1/ref/files/index.html]
[docs.djangoproject.com/en/4.1/ref/signals/index.html]
[docs.djangoproject.com/en/4.1/releases/3.2.8/index.html]
[docs.djangoproject.com/en/4.1/topics/db/index.html]
[docs.djangoproject.com/en/4.1/releases/3.2.7/index.html]
[docs.djangoproject.com/en/4.1/ref/models/meta/index.html]
[docs.djangoproject.com/en/4.1/releases/3.2.6/index.html]
[docs.djangoproject.com/en/4.1/ref/forms/formsets/index.html]
[docs.djangoproject.com/en/4.1/releases/3.2.5/index.html]
[docs.djangoproject.com/en/4.1/ref/forms/models/index.html]
[docs.djangoproject.com/en/4.1/releases/3.2.4/index.html]
[docs.djangoproject.com/en/4.1/ref/class-based-views/generic-editing/index.html]
[docs.djangoproject.com/en/4.1/releases/3.2.3/index.html]
[docs.djangoproject.com/en/4.1/releases/3.0.1/index.html]
[docs.djangoproject.com/en/4.1/releases/3.2.2/index.html]
[docs.djangoproject.com/en/4.1/releases/3.2.1/index.html]
[docs.djangoproject.com/en/4.1/releases/1.2/index.html]
[docs.djangoproject.com/en/4.1/releases/3.1.14/index.html]
[docs.djangoproject.com/en/4.1/howto/deployment/wsgi/uwsgi/index.html]
[docs.djangoproject.com/en/4.1/releases/3.1.13/index.html]
[docs.djangoproject.com/en/4.1/internals/contributing/writing-code/coding-style/index.html]
[docs.djangoproject.com/en/4.1/releases/3.1.12/index.html]
[docs.djangoproject.com/en/4.1/releases/1.4/index.html]
[docs.djangoproject.com/en/4.1/releases/1.7/index.html]
[docs.djangoproject.com/en/4.1/releases/3.1.11/index.html]
[docs.djangoproject.com/en/4.1/releases/2.2.1/index.html]
[docs.djangoproject.com/en/4.1/releases/3.1.10/index.html]
[docs.djangoproject.com/en/4.1/howto/upgrade-version/index.html]
[docs.djangoproject.com/en/4.1/releases/3.1.9/index.html]
[docs.djangoproject.com/en/4.1/topics/db/instrumentation/index.html]
[docs.djangoproject.com/en/4.1/releases/3.1.8/index.html]
[docs.djangoproject.com/en/4.1/ref/contrib/postgres/search/index.html]
[docs.djangoproject.com/en/4.1/releases/3.1.7/index.html]
[docs.djangoproject.com/en/4.1/ref/contrib/postgres/lookups/index.html]
[docs.djangoproject.com/en/4.1/releases/3.1.6/index.html]
[docs.djangoproject.com/en/4.1/ref/contrib/gis/testing/index.html]
[docs.djangoproject.com/en/4.1/releases/3.1.5/index.html]
[docs.djangoproject.com/en/4.1/releases/1.6/index.html]
[docs.djangoproject.com/en/4.1/releases/3.1.4/index.html]
[docs.djangoproject.com/en/4.1/releases/3.1.3/index.html]
[docs.djangoproject.com/en/4.1/releases/2.1/index.html]
[docs.djangoproject.com/en/4.1/releases/3.1.2/index.html]
[docs.djangoproject.com/en/4.1/releases/1.8/index.html]
[docs.djangoproject.com/en/4.1/releases/1.10/index.html]
[docs.djangoproject.com/en/4.1/releases/3.1.1/index.html]
[docs.djangoproject.com/en/4.1/ref/contrib/postgres/functions/index.html]
[docs.djangoproject.com/en/4.1/releases/3.0.14/index.html]
[docs.djangoproject.com/en/4.1/releases/1.9/index.html]
[docs.djangoproject.com/en/4.1/releases/3.0.13/index.html]
[docs.djangoproject.com/en/4.1/releases/1.11/index.html]
[docs.djangoproject.com/en/4.1/releases/3.0.12/index.html]
[docs.djangoproject.com/en/4.1/releases/1.8.15/index.html]
[docs.djangoproject.com/en/4.1/releases/3.0.11/index.html]
[docs.djangoproject.com/en/4.1/releases/1.9.10/index.html]
[docs.djangoproject.com/en/4.1/releases/3.0.10/index.html]
[docs.djangoproject.com/en/4.1/releases/3.2/index.html]
[docs.djangoproject.com/en/4.1/releases/3.0.9/index.html]
[docs.djangoproject.com/en/4.1/releases/3.0/index.html]
[docs.djangoproject.com/en/4.1/releases/3.0.8/index.html]
[docs.djangoproject.com/en/4.1/releases/3.1/index.html]
[docs.djangoproject.com/en/4.1/releases/3.0.7/index.html]
[docs.djangoproject.com/en/4.1/ref/contrib/admin/index/index.html]
[docs.djangoproject.com/en/4.1/releases/3.0.6/index.html]
[docs.djangoproject.com/en/4.1/topics/auth/index/index.html]
[docs.djangoproject.com/en/4.1/releases/3.0.5/index.html]
[docs.djangoproject.com/en/4.1/ref/contrib/gis/index/index.html]
[docs.djangoproject.com/en/4.1/releases/3.0.4/index.html]
[docs.djangoproject.com/en/4.1/ref/contrib/postgres/index/index.html]
[docs.djangoproject.com/en/4.1/releases/3.0.3/index.html]
[docs.djangoproject.com/en/4.1/ref/files/index/index.html]
[docs.djangoproject.com/en/4.1/releases/3.0.2/index.html]
[docs.djangoproject.com/en/4.1/topics/db/index/index.html]
[docs.djangoproject.com/en/4.1/releases/2.2.28/index.html]
[docs.djangoproject.com/en/4.1/topics/db/tablespaces/index.html]
[docs.djangoproject.com/en/4.1/releases/2.2.27/index.html]
[docs.djangoproject.com/en/4.1/topics/db/examples/index.html]
[docs.djangoproject.com/en/4.1/releases/2.2.26/index.html]
[docs.djangoproject.com/en/4.1/topics/http/index.html]
[docs.djangoproject.com/en/4.1/releases/2.2.25/index.html]
[docs.djangoproject.com/en/4.1/topics/http/generic-views/index.html]
[docs.djangoproject.com/en/4.1/releases/2.2.24/index.html]
[docs.djangoproject.com/en/4.1/topics/class-based-views/intro/index.html]
[docs.djangoproject.com/en/4.1/releases/2.2.23/index.html]
[docs.djangoproject.com/en/4.1/topics/external-packages/index.html]
[docs.djangoproject.com/en/4.1/releases/2.2.22/index.html]
[docs.djangoproject.com/en/4.1/howto/auth-remote-user/index.html]
[docs.djangoproject.com/en/4.1/releases/2.2.21/index.html]
[docs.djangoproject.com/en/4.1/releases/2.2.20/index.html]
[docs.djangoproject.com/en/4.1/howto/csrf/index.html]
[docs.djangoproject.com/en/4.1/releases/2.2.19/index.html]
[docs.djangoproject.com/en/4.1/howto/logging/index.html]
[docs.djangoproject.com/en/4.1/releases/2.2.18/index.html]
[docs.djangoproject.com/en/4.1/howto/overriding-templates/index.html]
[docs.djangoproject.com/en/4.1/ref/class-based-views/mixins/index.html]
[docs.djangoproject.com/en/4.1/releases/2.2.17/index.html]
[docs.djangoproject.com/en/4.1/ref/forms/index.html]
[docs.djangoproject.com/en/4.1/releases/2.2.16/index.html]
[docs.djangoproject.com/en/4.1/ref/models/index.html]
[docs.djangoproject.com/en/4.1/releases/2.2.15/index.html]
[docs.djangoproject.com/en/4.1/releases/2.2.14/index.html]
[docs.djangoproject.com/en/4.1/ref/templates/index.html]
[docs.djangoproject.com/en/4.1/misc/index.html]
[docs.djangoproject.com/en/4.1/releases/2.2.13/index.html]
[docs.djangoproject.com/en/4.1/releases/2.2.12/index.html]
[docs.djangoproject.com/en/4.1/internals/index.html]
[docs.djangoproject.com/en/4.1/releases/2.2.11/index.html]
[docs.djangoproject.com/en/4.1/internals/howto-release-django/index.html]
[docs.djangoproject.com/en/4.1/topics/db/examples/many_to_one/index.html]
[docs.djangoproject.com/en/4.1/releases/2.2.10/index.html]
[docs.djangoproject.com/en/4.1/topics/db/examples/many_to_many/index.html]
[docs.djangoproject.com/en/4.1/releases/2.2.9/index.html]
[docs.djangoproject.com/en/4.1/topics/db/examples/one_to_one/index.html]
[docs.djangoproject.com/en/4.1/releases/2.2.8/index.html]
[docs.djangoproject.com/en/4.1/_modules/django/db/transaction/index.html]
[docs.djangoproject.com/en/4.1/releases/2.2.7/index.html]
[docs.djangoproject.com/en/4.1/releases/2.2.6/index.html]
[docs.djangoproject.com/en/4.1/_modules/asgiref/sync/index.html]
[docs.djangoproject.com/en/4.1/releases/2.2.5/index.html]
[docs.djangoproject.com/en/4.1/_modules/django/core/files/base/index.html]
[docs.djangoproject.com/en/4.1/_modules/django/core/files/images/index.html]
[docs.djangoproject.com/en/4.1/releases/2.2.4/index.html]
[docs.djangoproject.com/en/4.1/_modules/django/core/files/storage/index.html]
[docs.djangoproject.com/en/4.1/releases/2.2.3/index.html]
[docs.djangoproject.com/en/4.1/_modules/django/contrib/messages/middleware/index.html]
[docs.djangoproject.com/en/4.1/releases/2.2.2/index.html]
[docs.djangoproject.com/en/4.1/_modules/django/contrib/sites/middleware/index.html]
[docs.djangoproject.com/en/4.1/releases/2.2/index.html]
[docs.djangoproject.com/en/4.1/_modules/django/middleware/clickjacking/index.html]
[docs.djangoproject.com/en/4.1/releases/2.1.15/index.html]
[docs.djangoproject.com/en/4.1/ref/contrib/gis/deployment/index.html]
[docs.djangoproject.com/en/4.1/releases/2.1.14/index.html]
[docs.djangoproject.com/en/4.1/releases/2.1.13/index.html]
[docs.djangoproject.com/en/4.1/howto/deployment/wsgi/modwsgi/index.html]
[docs.djangoproject.com/en/4.1/releases/2.1.12/index.html]
[docs.djangoproject.com/en/4.1/releases/4.1/index.html]
[docs.djangoproject.com/en/4.1/releases/2.1.10/index.html]
[docs.djangoproject.com/en/4.1/_modules/django/apps/config/index.html]
[docs.djangoproject.com/en/4.1/releases/2.1.11/index.html]
[docs.djangoproject.com/en/4.1/_modules/django/index.html]
[docs.djangoproject.com/en/4.1/releases/2.1.9/index.html]
[docs.djangoproject.com/en/4.1/_modules/django/core/exceptions/index.html]
[docs.djangoproject.com/en/4.1/releases/2.1.8/index.html]
[docs.djangoproject.com/en/4.1/_modules/django/db/utils/index.html]
[docs.djangoproject.com/en/4.1/releases/2.1.7/index.html]
[docs.djangoproject.com/en/4.1/_modules/django/contrib/sessions/exceptions/index.html]
[docs.djangoproject.com/en/4.1/_images/django_unittest_classes_hierarchy.svg]
[docs.djangoproject.com/en/4.1/releases/2.1.5/index.html]
[docs.djangoproject.com/en/4.1/releases/2.1.6/index.html]
[docs.djangoproject.com/en/4.1/howto/deployment/wsgi/gunicorn/index.html]
[docs.djangoproject.com/en/4.1/releases/2.1.4/index.html]
[docs.djangoproject.com/en/4.1/howto/deployment/wsgi/apache-auth/index.html]
[docs.djangoproject.com/en/4.1/releases/2.1.3/index.html]
[docs.djangoproject.com/en/4.1/howto/deployment/asgi/daphne/index.html]
[docs.djangoproject.com/en/4.1/releases/2.1.2/index.html]
[docs.djangoproject.com/en/4.1/howto/deployment/asgi/hypercorn/index.html]
[docs.djangoproject.com/en/4.1/releases/2.1.1/index.html]
[docs.djangoproject.com/en/4.1/howto/deployment/asgi/uvicorn/index.html]
[docs.djangoproject.com/en/4.1/releases/2.0.13/index.html]
[docs.djangoproject.com/en/4.1/releases/2.0.12/index.html]
[docs.djangoproject.com/en/4.1/releases/2.0.11/index.html]
[docs.djangoproject.com/en/4.1/_images/list_filter.png]
[docs.djangoproject.com/en/4.1/ref/contrib/admin/filters/index.html]
[docs.djangoproject.com/en/4.1/ref/contrib/admin/javascript/index.html]
[docs.djangoproject.com/en/4.1/releases/0.95/index.html]
[docs.djangoproject.com/en/4.1/releases/2.0.10/index.html]
[docs.djangoproject.com/en/4.1/releases/2.0.9/index.html]
[docs.djangoproject.com/en/4.1/_modules/django/core/signing/index.html]
[docs.djangoproject.com/en/4.1/releases/2.0.8/index.html]
[docs.djangoproject.com/en/4.1/_modules/django/utils/translation/index.html]
[docs.djangoproject.com/en/4.1/ref/contrib/gis/tutorial/index.html]
[docs.djangoproject.com/en/4.1/releases/2.0.7/index.html]
[docs.djangoproject.com/en/4.1/ref/contrib/gis/install/index.html]
[docs.djangoproject.com/en/4.1/releases/2.0.5/index.html]
[docs.djangoproject.com/en/4.1/releases/2.0.6/index.html]
[docs.djangoproject.com/en/4.1/ref/contrib/gis/sitemaps/index.html]
[docs.djangoproject.com/en/4.1/releases/2.0.4/index.html]
[docs.djangoproject.com/en/4.1/_modules/django/core/mail/index.html]
[docs.djangoproject.com/en/4.1/releases/2.0.3/index.html]
[docs.djangoproject.com/en/4.1/_modules/django/core/mail/message/index.html]
[docs.djangoproject.com/en/4.1/releases/2.0.2/index.html]
[docs.djangoproject.com/en/4.1/_modules/django/contrib/messages/api/index.html]
[docs.djangoproject.com/en/4.1/_modules/django/core/validators/index.html]
[docs.djangoproject.com/en/4.1/releases/2.0.1/index.html]
[docs.djangoproject.com/en/4.1/releases/2.0/index.html]
[docs.djangoproject.com/en/4.1/_modules/django/dispatch/dispatcher/index.html]
[docs.djangoproject.com/en/4.1/releases/1.11.29/index.html]
[docs.djangoproject.com/en/4.1/internals/contributing/localizing/index.html]
[docs.djangoproject.com/en/4.1/releases/1.11.28/index.html]
[docs.djangoproject.com/en/4.1/internals/contributing/writing-code/javascript/index.html]
[docs.djangoproject.com/en/4.1/releases/4.1.8/index.html]
[docs.djangoproject.com/en/4.1/releases/1.11.27/index.html]
[docs.djangoproject.com/en/4.1/releases/4.1.7/index.html]
[docs.djangoproject.com/en/4.1/releases/1.11.25/index.html]
[docs.djangoproject.com/en/4.1/releases/1.11.26/index.html]
[docs.djangoproject.com/en/4.1/releases/4.1.6/index.html]
[docs.djangoproject.com/en/4.1/releases/4.1.5/index.html]
[docs.djangoproject.com/en/4.1/releases/1.11.23/index.html]
[docs.djangoproject.com/en/4.1/releases/1.11.24/index.html]
[docs.djangoproject.com/en/4.1/releases/4.1.4/index.html]
[docs.djangoproject.com/en/4.1/releases/4.1.3/index.html]
[docs.djangoproject.com/en/4.1/releases/1.11.22/index.html]
[docs.djangoproject.com/en/4.1/releases/4.1.2/index.html]
[docs.djangoproject.com/en/4.1/releases/1.11.21/index.html]
[docs.djangoproject.com/en/4.1/releases/1.11.20/index.html]
[docs.djangoproject.com/en/4.1/releases/4.1.1/index.html]
[docs.djangoproject.com/en/4.1/releases/4.0.10/index.html]
[docs.djangoproject.com/en/4.1/releases/1.11.19/index.html]
[docs.djangoproject.com/en/4.1/releases/4.0.9/index.html]
[docs.djangoproject.com/en/4.1/releases/1.11.18/index.html]
[docs.djangoproject.com/en/4.1/releases/1.11.17/index.html]
[docs.djangoproject.com/en/4.1/releases/4.0.8/index.html]
[docs.djangoproject.com/en/4.1/releases/1.11.16/index.html]
[docs.djangoproject.com/en/4.1/releases/4.0.7/index.html]
[docs.djangoproject.com/en/4.1/releases/4.0.6/index.html]
[docs.djangoproject.com/en/4.1/releases/1.11.15/index.html]
[docs.djangoproject.com/en/4.1/releases/1.11.14/index.html]
[docs.djangoproject.com/en/4.1/releases/1.11.13/index.html]
[docs.djangoproject.com/en/4.1/releases/4.0.5/index.html]
[docs.djangoproject.com/en/4.1/releases/4.0.4/index.html]
[docs.djangoproject.com/en/4.1/releases/1.11.12/index.html]
[docs.djangoproject.com/en/4.1/releases/4.0.3/index.html]
[docs.djangoproject.com/en/4.1/releases/1.11.11/index.html]
[docs.djangoproject.com/en/4.1/releases/4.0.2/index.html]
[docs.djangoproject.com/en/4.1/releases/1.11.10/index.html]
[docs.djangoproject.com/en/4.1/releases/4.0.1/index.html]
[docs.djangoproject.com/en/4.1/releases/1.11.9/index.html]
[docs.djangoproject.com/en/4.1/releases/4.0/index.html]
[docs.djangoproject.com/en/4.1/releases/1.11.8/index.html]
[docs.djangoproject.com/en/4.1/releases/3.2.18/index.html]
[docs.djangoproject.com/en/4.1/releases/1.11.7/index.html]
[docs.djangoproject.com/en/4.1/releases/3.2.17/index.html]
[docs.djangoproject.com/en/4.1/releases/1.11.6/index.html]
[docs.djangoproject.com/en/4.1/releases/3.2.16/index.html]
[docs.djangoproject.com/en/4.1/releases/1.11.5/index.html]
[docs.djangoproject.com/en/4.1/releases/3.2.15/index.html]
[docs.djangoproject.com/en/4.1/releases/1.11.4/index.html]
[docs.djangoproject.com/en/4.1/releases/1.11.3/index.html]
[docs.djangoproject.com/en/4.1/releases/3.2.14/index.html]
[docs.djangoproject.com/en/4.1/releases/3.2.13/index.html]
[docs.djangoproject.com/en/4.1/releases/1.11.2/index.html]
[docs.djangoproject.com/en/4.1/releases/1.11.1/index.html]
[docs.djangoproject.com/en/4.1/releases/3.2.12/index.html]
[docs.djangoproject.com/en/4.1/releases/1.10.8/index.html]
[docs.djangoproject.com/en/4.1/releases/3.2.11/index.html]
[docs.djangoproject.com/en/4.1/releases/1.10.7/index.html]
[docs.djangoproject.com/en/4.1/releases/3.2.10/index.html]
[docs.djangoproject.com/en/4.1/releases/1.10.6/index.html]
[docs.djangoproject.com/en/4.1/releases/3.2.9/index.html]
[docs.djangoproject.com/en/4.1/releases/1.10.5/index.html]
[docs.djangoproject.com/en/4.1/releases/3.2.8/index.html]
[docs.djangoproject.com/en/4.1/releases/1.10.4/index.html]
[docs.djangoproject.com/en/4.1/releases/3.2.7/index.html]
[docs.djangoproject.com/en/4.1/releases/3.2.6/index.html]
[docs.djangoproject.com/en/4.1/releases/1.10.3/index.html]
[docs.djangoproject.com/en/4.1/releases/3.2.5/index.html]
[docs.djangoproject.com/en/4.1/releases/1.10.2/index.html]
[docs.djangoproject.com/en/4.1/releases/3.2.4/index.html]
[docs.djangoproject.com/en/4.1/releases/1.10.1/index.html]
[docs.djangoproject.com/en/4.1/releases/3.2.3/index.html]
[docs.djangoproject.com/en/4.1/releases/1.9.13/index.html]
[docs.djangoproject.com/en/4.1/releases/3.2.2/index.html]
[docs.djangoproject.com/en/4.1/releases/1.9.12/index.html]
[docs.djangoproject.com/en/4.1/releases/3.2.1/index.html]
[docs.djangoproject.com/en/4.1/releases/1.9.11/index.html]
[docs.djangoproject.com/en/4.1/releases/3.1.14/index.html]
[docs.djangoproject.com/en/4.1/releases/1.9.9/index.html]
[docs.djangoproject.com/en/4.1/releases/3.1.13/index.html]
[docs.djangoproject.com/en/4.1/releases/1.9.8/index.html]
[docs.djangoproject.com/en/4.1/releases/3.1.12/index.html]
[docs.djangoproject.com/en/4.1/releases/1.9.7/index.html]
[docs.djangoproject.com/en/4.1/releases/3.1.11/index.html]
[docs.djangoproject.com/en/4.1/releases/1.9.6/index.html]
[docs.djangoproject.com/en/4.1/releases/3.1.10/index.html]
[docs.djangoproject.com/en/4.1/releases/1.9.5/index.html]
[docs.djangoproject.com/en/4.1/releases/3.1.9/index.html]
[docs.djangoproject.com/en/4.1/releases/1.9.4/index.html]
[docs.djangoproject.com/en/4.1/releases/1.9.3/index.html]
[docs.djangoproject.com/en/4.1/releases/3.1.8/index.html]
[docs.djangoproject.com/en/4.1/releases/1.9.2/index.html]
[docs.djangoproject.com/en/4.1/releases/3.1.7/index.html]
[docs.djangoproject.com/en/4.1/releases/1.9.1/index.html]
[docs.djangoproject.com/en/4.1/releases/3.1.6/index.html]
[docs.djangoproject.com/en/4.1/releases/3.1.5/index.html]
[docs.djangoproject.com/en/4.1/releases/1.8.19/index.html]
[docs.djangoproject.com/en/4.1/releases/3.1.4/index.html]
[docs.djangoproject.com/en/4.1/releases/1.8.18/index.html]
[docs.djangoproject.com/en/4.1/releases/3.1.3/index.html]
[docs.djangoproject.com/en/4.1/releases/1.8.17/index.html]
[docs.djangoproject.com/en/4.1/releases/3.1.2/index.html]
[docs.djangoproject.com/en/4.1/releases/1.8.16/index.html]
[docs.djangoproject.com/en/4.1/releases/3.1.1/index.html]
[docs.djangoproject.com/en/4.1/releases/1.8.14/index.html]
[docs.djangoproject.com/en/4.1/releases/1.8.13/index.html]
[docs.djangoproject.com/en/4.1/releases/3.0.14/index.html]
[docs.djangoproject.com/en/4.1/releases/1.8.12/index.html]
[docs.djangoproject.com/en/4.1/releases/3.0.13/index.html]
[docs.djangoproject.com/en/4.1/releases/1.8.11/index.html]
[docs.djangoproject.com/en/4.1/releases/3.0.12/index.html]
[docs.djangoproject.com/en/4.1/releases/1.8.10/index.html]
[docs.djangoproject.com/en/4.1/releases/3.0.11/index.html]
[docs.djangoproject.com/en/4.1/releases/1.8.9/index.html]
[docs.djangoproject.com/en/4.1/releases/3.0.10/index.html]
[docs.djangoproject.com/en/4.1/releases/1.8.8/index.html]
[docs.djangoproject.com/en/4.1/releases/3.0.9/index.html]
[docs.djangoproject.com/en/4.1/releases/3.0.8/index.html]
[docs.djangoproject.com/en/4.1/releases/1.8.7/index.html]
[docs.djangoproject.com/en/4.1/releases/3.0.7/index.html]
[docs.djangoproject.com/en/4.1/releases/1.8.6/index.html]
[docs.djangoproject.com/en/4.1/releases/3.0.6/index.html]
[docs.djangoproject.com/en/4.1/releases/1.8.5/index.html]
[docs.djangoproject.com/en/4.1/releases/3.0.5/index.html]
[docs.djangoproject.com/en/4.1/releases/1.8.4/index.html]
[docs.djangoproject.com/en/4.1/releases/3.0.4/index.html]
[docs.djangoproject.com/en/4.1/releases/1.8.3/index.html]
[docs.djangoproject.com/en/4.1/releases/3.0.3/index.html]
[docs.djangoproject.com/en/4.1/releases/1.8.2/index.html]
[docs.djangoproject.com/en/4.1/releases/3.0.2/index.html]
[docs.djangoproject.com/en/4.1/releases/1.8.1/index.html]
[docs.djangoproject.com/en/4.1/releases/2.2.28/index.html]
[docs.djangoproject.com/en/4.1/releases/1.7.11/index.html]
[docs.djangoproject.com/en/4.1/releases/2.2.27/index.html]
[docs.djangoproject.com/en/4.1/releases/1.7.10/index.html]
[docs.djangoproject.com/en/4.1/releases/2.2.26/index.html]
[docs.djangoproject.com/en/4.1/releases/1.7.9/index.html]
[docs.djangoproject.com/en/4.1/releases/2.2.25/index.html]
[docs.djangoproject.com/en/4.1/releases/1.7.8/index.html]
[docs.djangoproject.com/en/4.1/releases/2.2.24/index.html]
[docs.djangoproject.com/en/4.1/releases/1.7.7/index.html]
[docs.djangoproject.com/en/4.1/releases/2.2.23/index.html]
[docs.djangoproject.com/en/4.1/releases/1.7.6/index.html]
[docs.djangoproject.com/en/4.1/releases/2.2.22/index.html]
[docs.djangoproject.com/en/4.1/releases/1.7.5/index.html]
[docs.djangoproject.com/en/4.1/releases/2.2.21/index.html]
[docs.djangoproject.com/en/4.1/releases/1.7.4/index.html]
[docs.djangoproject.com/en/4.1/releases/2.2.20/index.html]
[docs.djangoproject.com/en/4.1/releases/1.7.3/index.html]
[docs.djangoproject.com/en/4.1/releases/1.7.2/index.html]
[docs.djangoproject.com/en/4.1/releases/2.2.19/index.html]
[docs.djangoproject.com/en/4.1/releases/2.2.18/index.html]
[docs.djangoproject.com/en/4.1/releases/1.7.1/index.html]
[docs.djangoproject.com/en/4.1/releases/2.2.17/index.html]
[docs.djangoproject.com/en/4.1/releases/1.6.11/index.html]
[docs.djangoproject.com/en/4.1/releases/2.2.16/index.html]
[docs.djangoproject.com/en/4.1/releases/1.6.10/index.html]
[docs.djangoproject.com/en/4.1/releases/2.2.15/index.html]
[docs.djangoproject.com/en/4.1/releases/1.6.9/index.html]
[docs.djangoproject.com/en/4.1/releases/2.2.14/index.html]
[docs.djangoproject.com/en/4.1/releases/1.6.8/index.html]
[docs.djangoproject.com/en/4.1/releases/2.2.13/index.html]
[docs.djangoproject.com/en/4.1/releases/1.6.7/index.html]
[docs.djangoproject.com/en/4.1/releases/2.2.12/index.html]
[docs.djangoproject.com/en/4.1/releases/1.6.6/index.html]
[docs.djangoproject.com/en/4.1/releases/2.2.11/index.html]
[docs.djangoproject.com/en/4.1/releases/1.6.5/index.html]
[docs.djangoproject.com/en/4.1/releases/2.2.10/index.html]
[docs.djangoproject.com/en/4.1/releases/1.6.4/index.html]
[docs.djangoproject.com/en/4.1/releases/2.2.9/index.html]
[docs.djangoproject.com/en/4.1/releases/1.6.3/index.html]
[docs.djangoproject.com/en/4.1/releases/2.2.8/index.html]
[docs.djangoproject.com/en/4.1/releases/1.6.2/index.html]
[docs.djangoproject.com/en/4.1/releases/2.2.7/index.html]
[docs.djangoproject.com/en/4.1/releases/1.6.1/index.html]
[docs.djangoproject.com/en/4.1/releases/2.2.6/index.html]
[docs.djangoproject.com/en/4.1/releases/1.5.12/index.html]
[docs.djangoproject.com/en/4.1/releases/2.2.5/index.html]
[docs.djangoproject.com/en/4.1/releases/1.5.11/index.html]
[docs.djangoproject.com/en/4.1/releases/2.2.4/index.html]
[docs.djangoproject.com/en/4.1/releases/1.5.10/index.html]
[docs.djangoproject.com/en/4.1/releases/2.2.3/index.html]
[docs.djangoproject.com/en/4.1/releases/1.5.9/index.html]
[docs.djangoproject.com/en/4.1/releases/2.2.2/index.html]
[docs.djangoproject.com/en/4.1/releases/1.5.8/index.html]
[docs.djangoproject.com/en/4.1/releases/2.2/index.html]
[docs.djangoproject.com/en/4.1/releases/1.5.7/index.html]
[docs.djangoproject.com/en/4.1/releases/2.1.15/index.html]
[docs.djangoproject.com/en/4.1/releases/1.5.6/index.html]
[docs.djangoproject.com/en/4.1/releases/2.1.14/index.html]
[docs.djangoproject.com/en/4.1/releases/1.5.5/index.html]
[docs.djangoproject.com/en/4.1/releases/2.1.13/index.html]
[docs.djangoproject.com/en/4.1/releases/1.5.4/index.html]
[docs.djangoproject.com/en/4.1/releases/2.1.12/index.html]
[docs.djangoproject.com/en/4.1/releases/1.5.3/index.html]
[docs.djangoproject.com/en/4.1/releases/2.1.11/index.html]
[docs.djangoproject.com/en/4.1/releases/1.5.2/index.html]
[docs.djangoproject.com/en/4.1/releases/1.5.1/index.html]
[docs.djangoproject.com/en/4.1/releases/2.1.10/index.html]
[docs.djangoproject.com/en/4.1/releases/2.1.9/index.html]
[docs.djangoproject.com/en/4.1/releases/1.5/index.html]
[docs.djangoproject.com/en/4.1/releases/2.1.8/index.html]
[docs.djangoproject.com/en/4.1/releases/1.4.22/index.html]
[docs.djangoproject.com/en/4.1/releases/2.1.7/index.html]
[docs.djangoproject.com/en/4.1/releases/1.4.21/index.html]
[docs.djangoproject.com/en/4.1/releases/1.4.20/index.html]
[docs.djangoproject.com/en/4.1/releases/2.1.6/index.html]
[docs.djangoproject.com/en/4.1/releases/2.1.5/index.html]
[docs.djangoproject.com/en/4.1/releases/1.4.19/index.html]
[docs.djangoproject.com/en/4.1/releases/2.1.4/index.html]
[docs.djangoproject.com/en/4.1/releases/1.4.18/index.html]
[docs.djangoproject.com/en/4.1/releases/2.1.3/index.html]
[docs.djangoproject.com/en/4.1/releases/1.4.17/index.html]
[docs.djangoproject.com/en/4.1/releases/2.1.2/index.html]
[docs.djangoproject.com/en/4.1/releases/1.4.16/index.html]
[docs.djangoproject.com/en/4.1/releases/2.1.1/index.html]
[docs.djangoproject.com/en/4.1/releases/1.4.15/index.html]
[docs.djangoproject.com/en/4.1/releases/2.0.13/index.html]
[docs.djangoproject.com/en/4.1/releases/1.4.14/index.html]
[docs.djangoproject.com/en/4.1/releases/2.0.12/index.html]
[docs.djangoproject.com/en/4.1/releases/1.4.13/index.html]
[docs.djangoproject.com/en/4.1/releases/2.0.11/index.html]
[docs.djangoproject.com/en/4.1/releases/1.4.12/index.html]
[docs.djangoproject.com/en/4.1/releases/2.0.10/index.html]
[docs.djangoproject.com/en/4.1/releases/1.4.11/index.html]
[docs.djangoproject.com/en/4.1/releases/2.0.9/index.html]
[docs.djangoproject.com/en/4.1/releases/1.4.10/index.html]
[docs.djangoproject.com/en/4.1/releases/2.0.8/index.html]
[docs.djangoproject.com/en/4.1/releases/1.4.9/index.html]
[docs.djangoproject.com/en/4.1/releases/2.0.7/index.html]
[docs.djangoproject.com/en/4.1/releases/1.4.8/index.html]
[docs.djangoproject.com/en/4.1/releases/2.0.6/index.html]
[docs.djangoproject.com/en/4.1/releases/1.4.7/index.html]
[docs.djangoproject.com/en/4.1/releases/2.0.5/index.html]
[docs.djangoproject.com/en/4.1/releases/1.4.6/index.html]
[docs.djangoproject.com/en/4.1/releases/2.0.4/index.html]
[docs.djangoproject.com/en/4.1/releases/1.4.5/index.html]
[docs.djangoproject.com/en/4.1/releases/2.0.3/index.html]
[docs.djangoproject.com/en/4.1/releases/1.4.4/index.html]
[docs.djangoproject.com/en/4.1/releases/2.0.2/index.html]
[docs.djangoproject.com/en/4.1/releases/1.4.3/index.html]
[docs.djangoproject.com/en/4.1/releases/1.4.2/index.html]
[docs.djangoproject.com/en/4.1/releases/2.0.1/index.html]
[docs.djangoproject.com/en/4.1/releases/2.0/index.html]
[docs.djangoproject.com/en/4.1/releases/1.4.1/index.html]
[docs.djangoproject.com/en/4.1/releases/1.3.7/index.html]
[docs.djangoproject.com/en/4.1/releases/1.11.29/index.html]
[docs.djangoproject.com/en/4.1/releases/1.11.28/index.html]
[docs.djangoproject.com/en/4.1/releases/1.3.6/index.html]
[docs.djangoproject.com/en/4.1/releases/1.11.27/index.html]
[docs.djangoproject.com/en/4.1/releases/1.3.5/index.html]
[docs.djangoproject.com/en/4.1/releases/1.11.26/index.html]
[docs.djangoproject.com/en/4.1/releases/1.3.4/index.html]
[docs.djangoproject.com/en/4.1/releases/1.11.25/index.html]
[docs.djangoproject.com/en/4.1/releases/1.3.3/index.html]
[docs.djangoproject.com/en/4.1/releases/1.11.24/index.html]
[docs.djangoproject.com/en/4.1/releases/1.3.2/index.html]
[docs.djangoproject.com/en/4.1/releases/1.3.1/index.html]
[docs.djangoproject.com/en/4.1/releases/1.11.23/index.html]
[docs.djangoproject.com/en/4.1/releases/1.11.22/index.html]
[docs.djangoproject.com/en/4.1/releases/1.3/index.html]
[docs.djangoproject.com/en/4.1/releases/1.11.21/index.html]
[docs.djangoproject.com/en/4.1/releases/1.2.7/index.html]
[docs.djangoproject.com/en/4.1/releases/1.11.20/index.html]
[docs.djangoproject.com/en/4.1/releases/1.2.6/index.html]
[docs.djangoproject.com/en/4.1/releases/1.11.19/index.html]
[docs.djangoproject.com/en/4.1/releases/1.2.5/index.html]
[docs.djangoproject.com/en/4.1/releases/1.11.18/index.html]
[docs.djangoproject.com/en/4.1/releases/1.2.4/index.html]
[docs.djangoproject.com/en/4.1/releases/1.11.17/index.html]
[docs.djangoproject.com/en/4.1/releases/1.2.3/index.html]
[docs.djangoproject.com/en/4.1/releases/1.11.16/index.html]
[docs.djangoproject.com/en/4.1/releases/1.2.2/index.html]
[docs.djangoproject.com/en/4.1/releases/1.11.15/index.html]
[docs.djangoproject.com/en/4.1/releases/1.2.1/index.html]
[docs.djangoproject.com/en/4.1/releases/1.11.14/index.html]
[docs.djangoproject.com/en/4.1/releases/1.1.4/index.html]
[docs.djangoproject.com/en/4.1/releases/1.11.13/index.html]
[docs.djangoproject.com/en/4.1/releases/1.1.3/index.html]
[docs.djangoproject.com/en/4.1/releases/1.11.12/index.html]
[docs.djangoproject.com/en/4.1/releases/1.1.2/index.html]
[docs.djangoproject.com/en/4.1/releases/1.11.11/index.html]
[docs.djangoproject.com/en/4.1/releases/1.1/index.html]
[docs.djangoproject.com/en/4.1/releases/1.11.10/index.html]
[docs.djangoproject.com/en/4.1/releases/1.0.2/index.html]
[docs.djangoproject.com/en/4.1/releases/1.11.9/index.html]
[docs.djangoproject.com/en/4.1/releases/1.0.1/index.html]
[docs.djangoproject.com/en/4.1/releases/1.11.8/index.html]
[docs.djangoproject.com/en/4.1/releases/1.0/index.html]
[docs.djangoproject.com/en/4.1/releases/1.11.7/index.html]
[docs.djangoproject.com/en/4.1/releases/0.96/index.html]
[docs.djangoproject.com/en/4.1/releases/1.11.6/index.html]
[docs.djangoproject.com/en/4.1/_modules/django/utils/decorators/index.html]
[docs.djangoproject.com/en/4.1/releases/1.11.5/index.html]
[docs.djangoproject.com/en/4.1/_modules/django/utils/encoding/index.html]
[docs.djangoproject.com/en/4.1/releases/1.11.4/index.html]
[docs.djangoproject.com/en/4.1/_modules/django/utils/feedgenerator/index.html]
[docs.djangoproject.com/en/4.1/_modules/django/utils/functional/index.html]
[docs.djangoproject.com/en/4.1/releases/1.11.3/index.html]
[docs.djangoproject.com/en/4.1/releases/1.11.2/index.html]
[docs.djangoproject.com/en/4.1/_modules/django/utils/html/index.html]
[docs.djangoproject.com/en/4.1/_modules/django/utils/http/index.html]
[docs.djangoproject.com/en/4.1/releases/1.11.1/index.html]
[docs.djangoproject.com/en/4.1/_modules/django/utils/module_loading/index.html]
[docs.djangoproject.com/en/4.1/releases/1.10.8/index.html]
[docs.djangoproject.com/en/4.1/_modules/django/utils/safestring/index.html]
[docs.djangoproject.com/en/4.1/releases/1.10.7/index.html]
[docs.djangoproject.com/en/4.1/releases/1.10.6/index.html]
[docs.djangoproject.com/en/4.1/_modules/django/utils/text/index.html]
[docs.djangoproject.com/en/4.1/releases/1.10.5/index.html]
[docs.djangoproject.com/en/4.1/_modules/django/contrib/gis/measure/index.html]
[docs.djangoproject.com/en/4.1/releases/1.10.4/index.html]
[docs.djangoproject.com/en/4.1/_modules/django/core/paginator/index.html]
[docs.djangoproject.com/en/4.1/_modules/django/core/files/uploadedfile/index.html]
[docs.djangoproject.com/en/4.1/releases/1.10.3/index.html]
[docs.djangoproject.com/en/4.1/_modules/django/core/files/uploadhandler/index.html]
[docs.djangoproject.com/en/4.1/releases/1.10.2/index.html]
[docs.djangoproject.com/en/4.1/releases/1.10.1/index.html]
[docs.djangoproject.com/en/4.1/ref/contrib/gis/install/spatialite/index.html]
[docs.djangoproject.com/en/4.1/releases/1.9.13/index.html]
[docs.djangoproject.com/en/4.1/_modules/django/contrib/postgres/validators/index.html]
[docs.djangoproject.com/en/4.1/releases/1.9.12/index.html]
[docs.djangoproject.com/en/4.1/ref/contrib/gis/install/postgis/index.html]
[docs.djangoproject.com/en/4.1/releases/1.9.11/index.html]
[docs.djangoproject.com/en/4.1/ref/contrib/gis/install/geolibs/index.html]
[docs.djangoproject.com/en/4.1/releases/1.9.9/index.html]
[docs.djangoproject.com/en/4.1/releases/1.9.8/index.html]
[docs.djangoproject.com/en/4.1/releases/1.9.7/index.html]
[docs.djangoproject.com/en/4.1/releases/1.9.6/index.html]
[docs.djangoproject.com/en/4.1/releases/1.9.5/index.html]
[docs.djangoproject.com/en/4.1/releases/1.9.4/index.html]
[docs.djangoproject.com/en/4.1/releases/1.9.3/index.html]
[docs.djangoproject.com/en/4.1/releases/1.9.2/index.html]
[docs.djangoproject.com/en/4.1/releases/1.9.1/index.html]
[docs.djangoproject.com/en/4.1/releases/1.8.19/index.html]
[docs.djangoproject.com/en/4.1/releases/1.8.18/index.html]
[docs.djangoproject.com/en/4.1/releases/1.8.17/index.html]
[docs.djangoproject.com/en/4.1/_modules/index.html]
[docs.djangoproject.com/en/4.1/releases/1.8.16/index.html]
[docs.djangoproject.com/en/4.1/releases/1.8.14/index.html]
[docs.djangoproject.com/en/4.1/releases/1.8.13/index.html]
[docs.djangoproject.com/en/4.1/releases/1.8.12/index.html]
[docs.djangoproject.com/en/4.1/releases/1.8.11/index.html]
[docs.djangoproject.com/en/4.1/releases/1.8.10/index.html]
[docs.djangoproject.com/en/4.1/releases/1.8.9/index.html]
[docs.djangoproject.com/en/4.1/releases/1.8.8/index.html]
[docs.djangoproject.com/en/4.1/releases/1.8.7/index.html]
[docs.djangoproject.com/en/4.1/releases/1.8.6/index.html]
[docs.djangoproject.com/en/4.1/releases/1.8.5/index.html]
[docs.djangoproject.com/en/4.1/releases/1.8.4/index.html]
[docs.djangoproject.com/en/4.1/releases/1.8.3/index.html]
[docs.djangoproject.com/en/4.1/releases/1.8.2/index.html]
[docs.djangoproject.com/en/4.1/releases/1.8.1/index.html]
[docs.djangoproject.com/en/4.1/releases/1.7.11/index.html]
[docs.djangoproject.com/en/4.1/releases/1.7.10/index.html]
[docs.djangoproject.com/en/4.1/releases/1.7.9/index.html]
[docs.djangoproject.com/en/4.1/releases/1.7.8/index.html]
[docs.djangoproject.com/en/4.1/releases/1.7.7/index.html]
[docs.djangoproject.com/en/4.1/releases/1.7.6/index.html]
[docs.djangoproject.com/en/4.1/releases/1.7.5/index.html]
[docs.djangoproject.com/en/4.1/releases/1.7.4/index.html]
[docs.djangoproject.com/en/4.1/releases/1.7.3/index.html]
[docs.djangoproject.com/en/4.1/releases/1.7.2/index.html]
[docs.djangoproject.com/en/4.1/releases/1.7.1/index.html]
[docs.djangoproject.com/en/4.1/releases/1.6.11/index.html]
[docs.djangoproject.com/en/4.1/releases/1.6.10/index.html]
[docs.djangoproject.com/en/4.1/releases/1.6.9/index.html]
[docs.djangoproject.com/en/4.1/releases/1.6.8/index.html]
[docs.djangoproject.com/en/4.1/releases/1.6.7/index.html]
[docs.djangoproject.com/en/4.1/releases/1.6.6/index.html]
[docs.djangoproject.com/en/4.1/releases/1.6.5/index.html]
[docs.djangoproject.com/en/4.1/releases/1.6.4/index.html]
[docs.djangoproject.com/en/4.1/releases/1.6.3/index.html]
[docs.djangoproject.com/en/4.1/releases/1.6.2/index.html]
[docs.djangoproject.com/en/4.1/releases/1.6.1/index.html]
[docs.djangoproject.com/en/4.1/releases/1.5.12/index.html]
[docs.djangoproject.com/en/4.1/releases/1.5.11/index.html]
[docs.djangoproject.com/en/4.1/releases/1.5.10/index.html]
[docs.djangoproject.com/en/4.1/releases/1.5.9/index.html]
[docs.djangoproject.com/en/4.1/releases/1.5.8/index.html]
[docs.djangoproject.com/en/4.1/releases/1.5.7/index.html]
[docs.djangoproject.com/en/4.1/releases/1.5.6/index.html]
[docs.djangoproject.com/en/4.1/releases/1.5.5/index.html]
[docs.djangoproject.com/en/4.1/releases/1.5.4/index.html]
[docs.djangoproject.com/en/4.1/releases/1.5.3/index.html]
[docs.djangoproject.com/en/4.1/releases/1.5.2/index.html]
[docs.djangoproject.com/en/4.1/releases/1.5.1/index.html]
[docs.djangoproject.com/en/4.1/releases/1.5/index.html]
[docs.djangoproject.com/en/4.1/releases/1.4.22/index.html]
[docs.djangoproject.com/en/4.1/releases/1.4.21/index.html]
[docs.djangoproject.com/en/4.1/releases/1.4.20/index.html]
[docs.djangoproject.com/en/4.1/releases/1.4.19/index.html]
[docs.djangoproject.com/en/4.1/releases/1.4.18/index.html]
[docs.djangoproject.com/en/4.1/releases/1.4.17/index.html]
[docs.djangoproject.com/en/4.1/releases/1.4.16/index.html]
[docs.djangoproject.com/en/4.1/releases/1.4.15/index.html]
[docs.djangoproject.com/en/4.1/releases/1.4.14/index.html]
[docs.djangoproject.com/en/4.1/releases/1.4.13/index.html]
[docs.djangoproject.com/en/4.1/releases/1.4.12/index.html]
[docs.djangoproject.com/en/4.1/releases/1.4.11/index.html]
[docs.djangoproject.com/en/4.1/releases/1.4.10/index.html]
[docs.djangoproject.com/en/4.1/releases/1.4.9/index.html]
[docs.djangoproject.com/en/4.1/releases/1.4.8/index.html]
[docs.djangoproject.com/en/4.1/releases/1.4.7/index.html]
[docs.djangoproject.com/en/4.1/releases/1.4.6/index.html]
[docs.djangoproject.com/en/4.1/releases/1.4.5/index.html]
[docs.djangoproject.com/en/4.1/releases/1.4.4/index.html]
[docs.djangoproject.com/en/4.1/releases/1.4.3/index.html]
[docs.djangoproject.com/en/4.1/releases/1.4.2/index.html]
[docs.djangoproject.com/en/4.1/releases/1.4.1/index.html]
[docs.djangoproject.com/en/4.1/releases/1.3.7/index.html]
[docs.djangoproject.com/en/4.1/releases/1.3.6/index.html]
[docs.djangoproject.com/en/4.1/releases/1.3.5/index.html]
[docs.djangoproject.com/en/4.1/releases/1.3.4/index.html]
[docs.djangoproject.com/en/4.1/releases/1.3.3/index.html]
[docs.djangoproject.com/en/4.1/releases/1.3.2/index.html]
[docs.djangoproject.com/en/4.1/releases/1.3.1/index.html]
[docs.djangoproject.com/en/4.1/releases/1.3/index.html]
[docs.djangoproject.com/en/4.1/releases/1.2.7/index.html]
[docs.djangoproject.com/en/4.1/releases/1.2.6/index.html]
[docs.djangoproject.com/en/4.1/releases/1.2.5/index.html]
[docs.djangoproject.com/en/4.1/releases/1.2.4/index.html]
[docs.djangoproject.com/en/4.1/releases/1.2.3/index.html]
[docs.djangoproject.com/en/4.1/releases/1.2.2/index.html]
[docs.djangoproject.com/en/4.1/releases/1.2.1/index.html]
[docs.djangoproject.com/en/4.1/releases/1.1.4/index.html]
[docs.djangoproject.com/en/4.1/releases/1.1.3/index.html]
[docs.djangoproject.com/en/4.1/releases/1.1.2/index.html]
[docs.djangoproject.com/en/4.1/releases/1.1/index.html]
[docs.djangoproject.com/en/4.1/releases/1.0.2/index.html]
[docs.djangoproject.com/en/4.1/releases/1.0.1/index.html]
[docs.djangoproject.com/en/4.1/releases/1.0/index.html]
[docs.djangoproject.com/en/4.1/releases/0.96/index.html]
[docs.djangoproject.com/en/4.1/_modules/django/utils/decorators/index.html]
[docs.djangoproject.com/en/4.1/_modules/django/utils/encoding/index.html]
[docs.djangoproject.com/en/4.1/_modules/django/utils/feedgenerator/index.html]
[docs.djangoproject.com/en/4.1/_modules/django/utils/functional/index.html]
[docs.djangoproject.com/en/4.1/_modules/django/utils/html/index.html]
[docs.djangoproject.com/en/4.1/_modules/django/utils/http/index.html]
[docs.djangoproject.com/en/4.1/_modules/django/utils/module_loading/index.html]
[docs.djangoproject.com/en/4.1/_modules/django/utils/safestring/index.html]
[docs.djangoproject.com/en/4.1/_modules/django/utils/text/index.html]
[docs.djangoproject.com/en/4.1/_images/triage_process.svg]
[docs.djangoproject.com/en/4.1/_modules/django/contrib/gis/measure/index.html]
[docs.djangoproject.com/en/4.1/_modules/django/core/paginator/index.html]
[docs.djangoproject.com/en/4.1/_modules/django/core/files/uploadedfile/index.html]
[docs.djangoproject.com/en/4.1/_modules/django/core/files/uploadhandler/index.html]
[docs.djangoproject.com/en/4.1/ref/contrib/gis/install/spatialite/index.html]
[docs.djangoproject.com/en/4.1/_modules/django/contrib/postgres/validators/index.html]
[docs.djangoproject.com/en/4.1/ref/contrib/gis/install/postgis/index.html]
[docs.djangoproject.com/en/4.1/ref/contrib/gis/install/geolibs/index.html]
[docs.djangoproject.com/en/4.1/_modules/index.html]
[docs.djangoproject.com/en/4.1/releases/1.0-porting-guide/index.html]
[docs.djangoproject.com/en/4.1/releases/1.0-porting-guide/index.html]
