[www.w3schools.com/django/index.html]
[backblue.gif]
[fade.gif]
[index.html]
[www.w3schools.com/images/w3schools_logo_436_2.png]
[www.w3schools.com/lib/w3schools31.css]
[www.w3schools.com/lib/prism2.js]
[www.w3schools.com/lib/prism1.css]
[www.w3schools.com/lib/uic3447.js]
[cdn.snigelweb.com/adengine/w3schools.com/loader.js]
[www.w3schools.com/lib/common-depsf700.js]
[www.w3schools.com/lib/user-session0ca8.js]
[www.w3schools.com/lib/my-learning17d3.js]
[www.w3schools.com/django/django_intro.html]
[www.w3schools.com/django/django_getstarted.html]
[www.w3schools.com/django/django_create_virtual_environment.html]
[www.w3schools.com/django/django_install_django.html]
[www.w3schools.com/django/django_create_project.html]
[www.w3schools.com/django/django_create_app.html]
[www.w3schools.com/django/django_views.html]
[www.w3schools.com/django/django_urls.html]
[www.w3schools.com/django/django_templates.html]
[www.w3schools.com/django/django_models.html]
[www.w3schools.com/django/django_insert_data.html]
[www.w3schools.com/django/django_update_data.html]
[www.w3schools.com/django/django_delete_data.html]
[www.w3schools.com/django/django_update_model.html]
[www.w3schools.com/django/django_prepare_template.html]
[www.w3schools.com/django/django_add_link_details.html]
[www.w3schools.com/django/django_master_template.html]
[www.w3schools.com/django/django_add_main.html]
[www.w3schools.com/django/django_404.html]
[www.w3schools.com/django/django_test_view.html]
[www.w3schools.com/django/django_admin.html]
[www.w3schools.com/django/django_admin_create_user.html]
[www.w3schools.com/django/django_admin_include_members.html]
[www.w3schools.com/django/django_admin_set_list_display.html]
[www.w3schools.com/django/django_admin_update_members.html]
[www.w3schools.com/django/django_admin_add_members.html]
[www.w3schools.com/django/django_admin_delete_members.html]
[www.w3schools.com/django/django_template_variables.html]
[www.w3schools.com/django/django_template_tags.html]
[www.w3schools.com/django/django_tags_if.html]
[www.w3schools.com/django/django_tags_for.html]
[www.w3schools.com/django/django_tags_comment.html]
[www.w3schools.com/django/django_tags_include.html]
[www.w3schools.com/django/django_queryset.html]
[www.w3schools.com/django/django_queryset_get.html]
[www.w3schools.com/django/django_queryset_filter.html]
[www.w3schools.com/django/django_queryset_orderby.html]
[www.w3schools.com/django/django_add_static_files.html]
[www.w3schools.com/django/django_static_whitenoise.html]
[www.w3schools.com/django/django_collect_static_files.html]
[www.w3schools.com/django/django_add_global_static_files.html]
[www.w3schools.com/django/django_add_css_file_project.html]
[www.w3schools.com/django/django_db_postgresql_intro.html]
[www.w3schools.com/django/django_db_create_aws_account.html]
[www.w3schools.com/django/django_db_create_rds.html]
[www.w3schools.com/django/django_db_connect.html]
[www.w3schools.com/django/django_db_add_members.html]
[www.w3schools.com/django/django_deploy_requirements.html]
[www.w3schools.com/django/django_deploy_provider.html]
[www.w3schools.com/django/django_deploy_config.html]
[www.w3schools.com/django/django_deploy_zip.html]
[www.w3schools.com/django/django_deploy_eb.html]
[www.w3schools.com/django/django_deploy_update.html]
[www.w3schools.com/django/django_slug_field.html]
[www.w3schools.com/django/django_add_bootstrap5.html]
[www.w3schools.com/django/django_ref_template_tags.html]
[www.w3schools.com/django/django_ref_filter.html]
[www.w3schools.com/django/django_ref_field_lookups.html]
[www.w3schools.com/django/django_compiler.html]
[www.w3schools.com/django/django_exercises.html]
[www.w3schools.com/django/django_quiz.html]
[www.w3schools.com/django/exercise4d57.html]
[www.w3schools.com/django/showdjango497d.html]
[www.w3schools.com/images/mylearning.png]
[www.w3schools.com/images/img_backend_300.png]
[www.w3schools.com/images/colorpicker2000.png]
[www.w3schools.com/images/img_subs_300.png]
[www.w3schools.com/images/img_subs_120.png]
[www.w3schools.com/images/img_subs_160.png]
[www.w3schools.com/images/img_bootcamp_120.png]
[www.w3schools.com/images/img_bootcamp_160.png]
[www.w3schools.com/images/img_bootcamp_300.png]
[www.w3schools.com/images/img_fullaccess3_120.png]
[www.w3schools.com/images/img_fullaccess3_160.png]
[www.w3schools.com/images/img_fullaccess3_300.png]
[www.w3schools.com/images/img_backend_120.png]
[www.w3schools.com/images/img_backend_160.png]
[www.w3schools.com/images/img_backend_120_react.png]
[www.w3schools.com/images/img_backend_160_react.png]
[www.w3schools.com/images/img_backend_300_react.png]
[www.w3schools.com/images/img_backend_120_php.png]
[www.w3schools.com/images/img_backend_160_php.png]
[www.w3schools.com/images/img_backend_300_php.png]
[www.w3schools.com/images/img_backend_120_numpy.png]
[www.w3schools.com/images/img_backend_160_numpy.png]
[www.w3schools.com/images/img_backend_300_numpy.png]
[www.w3schools.com/images/img_backend_120_django.png]
[www.w3schools.com/images/img_backend_160_django.png]
[www.w3schools.com/images/img_backend_300_django.png]
[www.w3schools.com/images/img_backend_120_ts.png]
[www.w3schools.com/images/img_backend_160_ts.png]
[www.w3schools.com/images/img_backend_300_ts.png]
[www.w3schools.com/images/img_backend_120_node.png]
[www.w3schools.com/images/img_backend_160_node.png]
[www.w3schools.com/images/img_backend_300_node.png]
[www.w3schools.com/images/img_backend_120_pandas.png]
[www.w3schools.com/images/img_backend_160_pandas.png]
[www.w3schools.com/images/img_backend_300_pandas.png]
[www.w3schools.com/images/img_backend_120_python.png]
[www.w3schools.com/images/img_backend_160_python.png]
[www.w3schools.com/images/img_backend_300_python.png]
[www.w3schools.com/lib/w3schools_footer721a.js]
[www.w3schools.com/django/index.html]
[www.w3schools.com/lib/fonts/source-code-pro-v14-latin-regular.eot]
[www.w3schools.com/lib/fonts/source-code-pro-v14-latin-regulard41d.eot]
[www.w3schools.com/lib/fonts/source-code-pro-v14-latin-regular.woff2]
[www.w3schools.com/lib/fonts/source-code-pro-v14-latin-regular.woff]
[www.w3schools.com/lib/fonts/source-code-pro-v14-latin-regular.ttf]
[www.w3schools.com/lib/fonts/source-code-pro-v14-latin-regular.svg]
[www.w3schools.com/lib/fonts/roboto-mono-v13-latin-500.eot]
[www.w3schools.com/lib/fonts/roboto-mono-v13-latin-500d41d.eot]
[www.w3schools.com/lib/fonts/roboto-mono-v13-latin-500.woff2]
[www.w3schools.com/lib/fonts/roboto-mono-v13-latin-500.woff]
[www.w3schools.com/lib/fonts/roboto-mono-v13-latin-500.ttf]
[www.w3schools.com/lib/fonts/roboto-mono-v13-latin-500.svg]
[www.w3schools.com/lib/fonts/source-sans-pro-v14-latin-700.eot]
[www.w3schools.com/lib/fonts/source-sans-pro-v14-latin-700d41d.eot]
[www.w3schools.com/lib/fonts/source-sans-pro-v14-latin-700.woff2]
[www.w3schools.com/lib/fonts/source-sans-pro-v14-latin-700.woff]
[www.w3schools.com/lib/fonts/source-sans-pro-v14-latin-700.ttf]
[www.w3schools.com/lib/fonts/source-sans-pro-v14-latin-700.svg]
[www.w3schools.com/lib/fonts/source-sans-pro-v14-latin-600.eot]
[www.w3schools.com/lib/fonts/source-sans-pro-v14-latin-600d41d.eot]
[www.w3schools.com/lib/fonts/source-sans-pro-v14-latin-600.woff2]
[www.w3schools.com/lib/fonts/source-sans-pro-v14-latin-600.woff]
[www.w3schools.com/lib/fonts/source-sans-pro-v14-latin-600.ttf]
[www.w3schools.com/lib/fonts/source-sans-pro-v14-latin-600.svg]
[www.w3schools.com/lib/fonts/freckle-face-v9-latin-regular.eot]
[www.w3schools.com/lib/fonts/freckle-face-v9-latin-regulard41d.eot]
[www.w3schools.com/lib/fonts/freckle-face-v9-latin-regular.woff2]
[www.w3schools.com/lib/fonts/freckle-face-v9-latin-regular.woff]
[www.w3schools.com/lib/fonts/freckle-face-v9-latin-regular.ttf]
[www.w3schools.com/lib/fonts/freckle-face-v9-latin-regular.svg]
[www.w3schools.com/lib/fonts/montserrat-v18-latin-regular.eot]
[www.w3schools.com/lib/fonts/montserrat-v18-latin-regulard41d.eot]
[www.w3schools.com/lib/fonts/montserrat-v18-latin-regular.woff2]
[www.w3schools.com/lib/fonts/montserrat-v18-latin-regular.woff]
[www.w3schools.com/lib/fonts/montserrat-v18-latin-regular.ttf]
[www.w3schools.com/lib/fonts/montserrat-v18-latin-regular.svg]
[www.w3schools.com/lib/fonts/fontawesome8deb.eot]
[www.w3schools.com/lib/fonts/fontawesome8deb.woff2]
[www.w3schools.com/lib/fonts/fontawesome8deb.woff]
[www.w3schools.com/lib/fonts/fontawesome8deb.ttf]
[www.w3schools.com/lib/w3schools31.css]
[www.w3schools.com/lib/fonts/fontawesome8deb.svg]
[www.w3schools.com/lib/prism1.css]
[www.googletagmanager.com/gtm5445.html]
[www.w3schools.com/django/python/index.html]
[www.w3schools.com/django/numpy/index.html]
[www.w3schools.com/django/pandas/index.html]
[www.w3schools.com/django/scipy/index.html]
[www.w3schools.com/django/django_intro.html]
[www.w3schools.com/django/django_getstarted.html]
[www.w3schools.com/django/django_create_virtual_environment.html]
[www.w3schools.com/django/django_install_django.html]
[www.w3schools.com/django/screenshot_django1.png]
[www.w3schools.com/django/django_create_project.html]
[www.w3schools.com/django/django_create_app.html]
[www.w3schools.com/django/django_views.html]
[www.w3schools.com/django/screenshot_django_hello_world.png]
[www.w3schools.com/django/django_urls.html]
[www.w3schools.com/django/screenshot_django_template_myfirst.png]
[www.w3schools.com/django/django_templates.html]
[www.w3schools.com/django/django_models.html]
[www.w3schools.com/django/django_insert_data.html]
[www.w3schools.com/django/django_update_data.html]
[www.w3schools.com/django/django_delete_data.html]
[www.w3schools.com/django/django_update_model.html]
[www.w3schools.com/django/showdjangoa7fc.html]
[www.w3schools.com/django/django_prepare_template.html]
[www.w3schools.com/django/showdjangob3be.html]
[www.w3schools.com/django/django_add_link_details.html]
[www.w3schools.com/django/showdjangoc6cb.html]
[www.w3schools.com/django/showdjangoe62c.html]
[www.w3schools.com/django/django_master_template.html]
[www.w3schools.com/django/showdjangofb82.html]
[www.w3schools.com/django/showdjango2dec.html]
[www.w3schools.com/django/django_add_main.html]
[www.w3schools.com/django/screenshot_django_404.png]
[www.w3schools.com/django/screenshot_django_404_2.png]
[www.w3schools.com/django/screenshot_django_404_oops.png]
[www.w3schools.com/django/django_404.html]
[www.w3schools.com/django/showdjango3fe6.html]
[www.w3schools.com/django/screenshot_django_test_view.png]
[www.w3schools.com/django/django_test_view.html]
[www.w3schools.com/django/screenshot_django_admin_login6.png]
[www.w3schools.com/django/screenshot_django_admin_login.png]
[www.w3schools.com/django/django_admin.html]
[www.w3schools.com/django/screenshot_django_admin_login2.png]
[www.w3schools.com/django/screenshot_django_admin1.png]
[www.w3schools.com/django/django_admin_create_user.html]
[www.w3schools.com/django/screenshot_django_admin2.png]
[www.w3schools.com/django/screenshot_django_admin3.png]
[www.w3schools.com/django/django_admin_include_members.html]
[www.w3schools.com/django/screenshot_django_admin4.png]
[www.w3schools.com/django/screenshot_django_admin5.png]
[www.w3schools.com/django/django_admin_set_list_display.html]
[www.w3schools.com/django/screenshot_django_admin6.png]
[www.w3schools.com/django/screenshot_django_admin7.png]
[www.w3schools.com/django/screenshot_django_admin8.png]
[www.w3schools.com/django/screenshot_django_admin9.png]
[www.w3schools.com/django/django_admin_update_members.html]
[www.w3schools.com/django/screenshot_django_admin10.png]
[www.w3schools.com/django/screenshot_django_admin11.png]
[www.w3schools.com/django/screenshot_django_admin12.png]
[www.w3schools.com/django/django_admin_add_members.html]
[www.w3schools.com/django/screenshot_django_admin13.png]
[www.w3schools.com/django/screenvideo_django_admin1.gif]
[www.w3schools.com/django/screenshot_django_admin15.png]
[www.w3schools.com/django/screenvideo_django_admin2.gif]
[www.w3schools.com/django/screenshot_django_admin14.png]
[www.w3schools.com/django/django_admin_delete_members.html]
[www.w3schools.com/django/showdjangoc04f.html]
[www.w3schools.com/django/showdjango27d8.html]
[www.w3schools.com/django/showdjango6311.html]
[www.w3schools.com/django/showdjango86da.html]
[www.w3schools.com/django/django_template_variables.html]
[www.w3schools.com/django/showdjangoa58c.html]
[www.w3schools.com/django/ref_tags_autoescape.html]
[www.w3schools.com/django/ref_tags_block.html]
[www.w3schools.com/django/ref_tags_comment.html]
[www.w3schools.com/django/ref_tags_cycle.html]
[www.w3schools.com/django/ref_tags_extends.html]
[www.w3schools.com/django/ref_tags_filter.html]
[www.w3schools.com/django/ref_tags_firstof.html]
[www.w3schools.com/django/ref_tags_for.html]
[www.w3schools.com/django/ref_tags_if.html]
[www.w3schools.com/django/ref_tags_ifchanged.html]
[www.w3schools.com/django/ref_tags_include.html]
[www.w3schools.com/django/ref_tags_lorem.html]
[www.w3schools.com/django/ref_tags_now.html]
[www.w3schools.com/django/ref_tags_regroup.html]
[www.w3schools.com/django/ref_tags_resetcycle.html]
[www.w3schools.com/django/ref_tags_spaceless.html]
[www.w3schools.com/django/ref_tags_templatetag.html]
[www.w3schools.com/django/ref_tags_verbatim.html]
[www.w3schools.com/django/django_template_tags.html]
[www.w3schools.com/django/ref_tags_with.html]
[www.w3schools.com/django/showdjango0dcc.html]
[www.w3schools.com/django/showdjangodf71.html]
[www.w3schools.com/django/showdjango4aa8.html]
[www.w3schools.com/django/showdjangofa3f.html]
[www.w3schools.com/django/showdjango51b4.html]
[www.w3schools.com/django/showdjango96d0.html]
[www.w3schools.com/django/showdjango9062.html]
[www.w3schools.com/django/showdjango2376.html]
[www.w3schools.com/django/showdjango98aa.html]
[www.w3schools.com/django/showdjango89a6.html]
[www.w3schools.com/django/showdjango7682.html]
[www.w3schools.com/django/showdjango59c1.html]
[www.w3schools.com/django/showdjangob097.html]
[www.w3schools.com/django/showdjango46be.html]
[www.w3schools.com/django/showdjango37bc.html]
[www.w3schools.com/django/showdjango1d07.html]
[www.w3schools.com/django/showdjangoe12e.html]
[www.w3schools.com/django/showdjango8a36.html]
[www.w3schools.com/django/django_tags_if.html]
[www.w3schools.com/django/showdjango98d7.html]
[www.w3schools.com/django/showdjango12f0.html]
[www.w3schools.com/django/showdjango337d.html]
[www.w3schools.com/django/showdjango348a.html]
[www.w3schools.com/django/showdjango0ec3.html]
[www.w3schools.com/django/showdjango1477.html]
[www.w3schools.com/django/showdjango6313.html]
[www.w3schools.com/django/showdjango3633.html]
[www.w3schools.com/django/showdjango719f.html]
[www.w3schools.com/django/showdjangoe5ce.html]
[www.w3schools.com/django/showdjango234f.html]
[www.w3schools.com/django/showdjango32c2.html]
[www.w3schools.com/django/django_tags_for.html]
[www.w3schools.com/django/showdjango86b6.html]
[www.w3schools.com/django/showdjangoeb6c.html]
[www.w3schools.com/django/showdjangoe592.html]
[www.w3schools.com/django/showdjango02ed.html]
[www.w3schools.com/django/django_tags_comment.html]
[www.w3schools.com/django/showdjango7779.html]
[www.w3schools.com/django/django_tags_include.html]
[www.w3schools.com/django/showdjango3117.html]
[www.w3schools.com/django/showdjango4129.html]
[www.w3schools.com/django/django_queryset.html]
[www.w3schools.com/django/showdjangoaeb0.html]
[www.w3schools.com/django/showdjangob461.html]
[www.w3schools.com/django/showdjango0b94.html]
[www.w3schools.com/django/django_queryset_get.html]
[www.w3schools.com/django/showdjango0b56.html]
[www.w3schools.com/django/showdjangof680.html]
[www.w3schools.com/django/showdjangoa976.html]
[www.w3schools.com/django/showdjango2f69.html]
[www.w3schools.com/django/ref_lookups_contains.html]
[www.w3schools.com/django/ref_lookups_icontains.html]
[www.w3schools.com/django/ref_lookups_endswith.html]
[www.w3schools.com/django/ref_lookups_iendswith.html]
[www.w3schools.com/django/ref_lookups_exact.html]
[www.w3schools.com/django/ref_lookups_iexact.html]
[www.w3schools.com/django/ref_lookups_in.html]
[www.w3schools.com/django/ref_lookups_gt.html]
[www.w3schools.com/django/ref_lookups_gte.html]
[www.w3schools.com/django/ref_lookups_lt.html]
[www.w3schools.com/django/ref_lookups_lte.html]
[www.w3schools.com/django/ref_lookups_range.html]
[www.w3schools.com/django/ref_lookups_startswith.html]
[www.w3schools.com/django/django_queryset_filter.html]
[www.w3schools.com/django/ref_lookups_istartswith.html]
[www.w3schools.com/django/showdjango85dc.html]
[www.w3schools.com/django/showdjango5113.html]
[www.w3schools.com/django/showdjangof03e.html]
[www.w3schools.com/django/django_queryset_orderby.html]
[www.w3schools.com/django/showdjango3f1c.html]
[www.w3schools.com/django/django_add_static_files.html]
[www.w3schools.com/django/django_static_whitenoise.html]
[www.w3schools.com/django/django_collect_static_files.html]
[www.w3schools.com/django/showdjangoe5df.html]
[www.w3schools.com/django/django_add_global_static_files.html]
[www.w3schools.com/django/screenshot_django_members1.png]
[www.w3schools.com/django/screenshot_django_members2.png]
[www.w3schools.com/django/showdjango1891.html]
[www.w3schools.com/django/screenshot_django_members3.png]
[www.w3schools.com/django/django_add_css_file_project.html]
[www.w3schools.com/django/django_db_postgresql_intro.html]
[www.w3schools.com/django/showdjango63be.html]
[www.w3schools.com/django/screenshot_aws_index.png]
[www.w3schools.com/django/screenshot_aws_sign_in.png]
[www.w3schools.com/django/screenshot_aws_console.png]
[www.w3schools.com/django/screenshot_aws_rds1.png]
[www.w3schools.com/django/screenshot_aws_rds2.png]
[www.w3schools.com/django/django_db_create_aws_account.html]
[www.w3schools.com/django/screenshot_aws_rds_creation_method.png]
[www.w3schools.com/django/screenshot_aws_rds_engine_options.png]
[www.w3schools.com/django/screenshot_aws_rds_templates.png]
[www.w3schools.com/django/screenshot_aws_rds_settings.png]
[www.w3schools.com/django/screenshot_aws_rds_instance_config.png]
[www.w3schools.com/django/screenshot_aws_rds_storage.png]
[www.w3schools.com/django/screenshot_aws_rds_connectivity.png]
[www.w3schools.com/django/screenshot_aws_rds_db_auth.png]
[www.w3schools.com/django/screenshot_aws_rds_monitoring.png]
[www.w3schools.com/django/screenshot_aws_rds_click_create.png]
[www.w3schools.com/django/django_db_create_rds.html]
[www.w3schools.com/django/screenshot_aws_rds_host_port.png]
[www.w3schools.com/django/django_db_connect.html]
[www.w3schools.com/django/django_db_add_members.html]
[www.w3schools.com/django/screenshot_aws_eb_start.png]
[www.w3schools.com/django/screenvideo_aws_eb.gif]
[www.w3schools.com/django/screenshot_aws_eb_end.png]
[www.w3schools.com/django/django_deploy_provider.html]
[www.w3schools.com/django/django_deploy_requirements.html]
[www.w3schools.com/django/django_deploy_config.html]
[www.w3schools.com/django/django_deploy_zip.html]
[www.w3schools.com/django/screenshot_aws_eb1.png]
[www.w3schools.com/django/screenshot_aws_eb2.png]
[www.w3schools.com/django/screenshot_aws_zip.png]
[www.w3schools.com/django/screenshot_aws_click_deploy.png]
[www.w3schools.com/django/screenshot_aws_eb_deploy.png]
[www.w3schools.com/django/screenshot_aws_uploaded.png]
[www.w3schools.com/django/django_deploy_eb.html]
[www.w3schools.com/django/screenshot_deploy_update.png]
[www.w3schools.com/django/screenshot_deploy_update2.png]
[www.w3schools.com/django/screenshot_deploy_updated.png]
[www.w3schools.com/django/django_deploy_update.html]
[www.w3schools.com/django/screenshot_django_details_1.png]
[www.w3schools.com/django/screenshot_django_details_emil-refsnes.png]
[www.w3schools.com/django/screenshot_admin_slug1.png]
[www.w3schools.com/django/screenshot_admin_slug2.png]
[www.w3schools.com/django/django_slug_field.html]
[www.w3schools.com/django/screenshot_django_bs51.png]
[www.w3schools.com/django/django_add_bootstrap5.html]
[www.w3schools.com/django/django_ref_template_tags.html]
[www.w3schools.com/django/ref_filters_add.html]
[www.w3schools.com/django/ref_filters_addslashes.html]
[www.w3schools.com/django/ref_filters_capfirst.html]
[www.w3schools.com/django/ref_filters_center.html]
[www.w3schools.com/django/ref_filters_cut.html]
[www.w3schools.com/django/ref_filters_default.html]
[www.w3schools.com/django/ref_filters_default_if_none.html]
[www.w3schools.com/django/ref_filters_dictsort.html]
[www.w3schools.com/django/ref_filters_dictsortreversed.html]
[www.w3schools.com/django/ref_filters_divisibleby.html]
[www.w3schools.com/django/ref_filters_escape.html]
[www.w3schools.com/django/ref_filters_escapejs.html]
[www.w3schools.com/django/ref_filters_filesizeformat.html]
[www.w3schools.com/django/ref_filters_first.html]
[www.w3schools.com/django/ref_filters_floatformat.html]
[www.w3schools.com/django/ref_filters_get_digit.html]
[www.w3schools.com/django/ref_filters_join.html]
[www.w3schools.com/django/ref_filters_json_script.html]
[www.w3schools.com/django/ref_filters_last.html]
[www.w3schools.com/django/ref_filters_length.html]
[www.w3schools.com/django/ref_filters_length_is.html]
[www.w3schools.com/django/ref_filters_linebreaks.html]
[www.w3schools.com/django/ref_filters_linebreaksbr.html]
[www.w3schools.com/django/ref_filters_linenumbers.html]
[www.w3schools.com/django/ref_filters_ljust.html]
[www.w3schools.com/django/ref_filters_lower.html]
[www.w3schools.com/django/ref_filters_make_list.html]
[www.w3schools.com/django/ref_filters_phone2numeric.html]
[www.w3schools.com/django/ref_filters_pluralize.html]
[www.w3schools.com/django/ref_filters_random.html]
[www.w3schools.com/django/ref_filters_rjust.html]
[www.w3schools.com/django/ref_filters_slice.html]
[www.w3schools.com/django/ref_filters_slugify.html]
[www.w3schools.com/django/ref_filters_striptags.html]
[www.w3schools.com/django/ref_filters_time.html]
[www.w3schools.com/django/ref_filters_timesince.html]
[www.w3schools.com/django/ref_filters_timeuntil.html]
[www.w3schools.com/django/ref_filters_title.html]
[www.w3schools.com/django/ref_filters_truncatechars.html]
[www.w3schools.com/django/ref_filters_truncatechars_html.html]
[www.w3schools.com/django/ref_filters_truncatewords.html]
[www.w3schools.com/django/ref_filters_truncatewords_html.html]
[www.w3schools.com/django/ref_filters_unordered_list.html]
[www.w3schools.com/django/django_ref_filter.html]
[www.w3schools.com/django/django_ref_field_lookups.html]
[www.w3schools.com/django/ref_filters_upper.html]
[www.w3schools.com/spaces/dynamicspaces.gif]
[www.w3schools.com/spaces/languages.png]
[www.w3schools.com/images/packages_spaces.png]
[www.w3schools.com/spaces/portfolio_template.png]
[www.w3schools.com/spaces/blog_template.png]
[www.w3schools.com/spaces/webshop_template.png]
[www.w3schools.com/spaces/tutor_template.png]
[www.w3schools.com/spaces/how-spaces-works3.png]
[www.w3schools.com/django/django_compiler.html]
[www.w3schools.com/django/exercisea564.html]
[www.w3schools.com/django/django_exercises.html]
[www.w3schools.com/django/django_quiz.html]
[www.w3schools.com/lib/w3schools27c633.css]
[www.w3schools.com/lib/codemirror.css]
[connect.facebook.net/nb_NO/sdk.js]
[www.w3schools.com/django/exercise4ec8.html]
[www.w3schools.com/django/exercisefd91.html]
[www.w3schools.com/django/exerciseada4.html]
[www.w3schools.com/django/exercisee27c.html]
[www.w3schools.com/django/exercised4e9.html]
[www.w3schools.com/django/exercisea727.html]
[www.w3schools.com/django/exercisefaf6.html]
[www.w3schools.com/django/exerciseb39a.html]
[www.w3schools.com/django/exercisec734.html]
[www.w3schools.com/django/exercise22e7.html]
[www.w3schools.com/django/exercise0ff8.html]
[www.w3schools.com/django/exercise734b.html]
[www.w3schools.com/django/exercise6b3c.html]
[www.w3schools.com/django/exercise926b.html]
[www.w3schools.com/django/exercise7100.html]
[www.w3schools.com/django/exercise95b3.html]
[www.w3schools.com/django/exercise7be6.html]
[www.w3schools.com/django/exercise5da3.html]
[www.w3schools.com/django/exercisef011.html]
[www.w3schools.com/django/exercise3b4a.html]
[www.w3schools.com/django/exercise2a25.html]
[www.w3schools.com/django/exercised023.html]
[www.w3schools.com/django/exercisee648.html]
[www.w3schools.com/django/exercisef6db.html]
[www.w3schools.com/django/exercise9770.html]
[www.w3schools.com/django/exercise1944.html]
[www.w3schools.com/django/exercise9206.html]
[www.w3schools.com/django/exercise4879.html]
[www.w3schools.com/django/exercise52f3.html]
[www.w3schools.com/lib/codemirror.js]
[www.w3schools.com/lib/codemirror_jsx.js]
[www.w3schools.com/django/exercise4d57.html]
[www.w3schools.com/django/demo_django_index.html]
[www.w3schools.com/django/showdjango497d.html]
[www.w3schools.com/django/React.html]
[www.w3schools.com/django/Node.html]
[www.w3schools.com/lib/fonts/source-code-pro-v14-latin-regular.svg]
[www.w3schools.com/lib/fonts/roboto-mono-v13-latin-500.svg]
[www.w3schools.com/lib/fonts/source-sans-pro-v14-latin-700.svg]
[www.w3schools.com/lib/fonts/source-sans-pro-v14-latin-600.svg]
[www.w3schools.com/lib/fonts/freckle-face-v9-latin-regular.svg]
[www.w3schools.com/lib/fonts/montserrat-v18-latin-regular.svg]
[www.w3schools.com/lib/fonts/fontawesome8deb.svg]
[www.w3schools.com/django/demo_prepare.html]
[www.w3schools.com/django/showdjangoa7fc.html]
[www.w3schools.com/django/demo_add_link_details.html]
[www.w3schools.com/django/showdjangob3be.html]
[www.w3schools.com/django/demo_master_index.html]
[www.w3schools.com/django/showdjangoc6cb.html]
[www.w3schools.com/django/demo_master_details1.html]
[www.w3schools.com/django/showdjangoe62c.html]
[www.w3schools.com/django/demo_add_main.html]
[www.w3schools.com/django/showdjangofb82.html]
[www.w3schools.com/django/demo_link_to_home.html]
[www.w3schools.com/django/showdjango2dec.html]
[www.w3schools.com/django/demo_templates_for.html]
[www.w3schools.com/django/showdjango3fe6.html]
[www.w3schools.com/django/demo_variables.html]
[www.w3schools.com/django/showdjangoc04f.html]
[www.w3schools.com/django/demo_variables2.html]
[www.w3schools.com/django/showdjango27d8.html]
[www.w3schools.com/django/demo_variables3.html]
[www.w3schools.com/django/showdjango6311.html]
[www.w3schools.com/django/demo_variables4.html]
[www.w3schools.com/django/showdjango86da.html]
[www.w3schools.com/django/demo_tags1.html]
[www.w3schools.com/django/showdjangoa58c.html]
[www.w3schools.com/django/showdjango3779.html]
[www.w3schools.com/django/ref_tags_autoescape.html]
[www.w3schools.com/django/showdjango098b.html]
[www.w3schools.com/django/showdjangoaa08.html]
[www.w3schools.com/django/ref_tags_block.html]
[www.w3schools.com/django/showdjangoa5d3.html]
[www.w3schools.com/django/showdjango7b56.html]
[www.w3schools.com/django/ref_tags_comment.html]
[www.w3schools.com/django/showdjango9d07.html]
[www.w3schools.com/django/showdjangoedb8.html]
[www.w3schools.com/django/ref_tags_cycle.html]
[www.w3schools.com/django/showdjangof1b4.html]
[www.w3schools.com/django/showdjangoebaf.html]
[www.w3schools.com/django/ref_tags_extends.html]
[www.w3schools.com/django/showdjango3e1d.html]
[www.w3schools.com/django/showdjangobc7f.html]
[www.w3schools.com/django/ref_tags_filter.html]
[www.w3schools.com/django/showdjango554b.html]
[www.w3schools.com/django/showdjango6d80.html]
[www.w3schools.com/django/ref_tags_firstof.html]
[www.w3schools.com/django/showdjangob31c.html]
[www.w3schools.com/django/showdjangoddb5.html]
[www.w3schools.com/django/showdjango323f.html]
[www.w3schools.com/django/showdjango6a37.html]
[www.w3schools.com/django/showdjango7d60.html]
[www.w3schools.com/django/showdjango8049.html]
[www.w3schools.com/django/showdjango0dc9.html]
[www.w3schools.com/django/showdjango549e.html]
[www.w3schools.com/django/ref_tags_for.html]
[www.w3schools.com/django/showdjangofd13.html]
[www.w3schools.com/django/showdjango6f7d.html]
[www.w3schools.com/django/showdjango7bce.html]
[www.w3schools.com/django/showdjango1be0.html]
[www.w3schools.com/django/showdjango4388.html]
[www.w3schools.com/django/showdjangoae33.html]
[www.w3schools.com/django/showdjango9ad2.html]
[www.w3schools.com/django/showdjangoab3c.html]
[www.w3schools.com/django/showdjango321e.html]
[www.w3schools.com/django/showdjango7d59.html]
[www.w3schools.com/django/showdjangobe3b.html]
[www.w3schools.com/django/showdjangobb0a.html]
[www.w3schools.com/django/showdjango9e58.html]
[www.w3schools.com/django/showdjangob7c5.html]
[www.w3schools.com/django/showdjangocfd9.html]
[www.w3schools.com/django/ref_tags_if.html]
[www.w3schools.com/django/showdjangob3df.html]
[www.w3schools.com/django/showdjangoafd7.html]
[www.w3schools.com/django/showdjango47ad.html]
[www.w3schools.com/django/ref_tags_ifchanged.html]
[www.w3schools.com/django/showdjango778a.html]
[www.w3schools.com/django/showdjango5354.html]
[www.w3schools.com/django/ref_tags_include.html]
[www.w3schools.com/django/showdjango1f58.html]
[www.w3schools.com/django/showdjangof259.html]
[www.w3schools.com/django/showdjangocd37.html]
[www.w3schools.com/django/ref_tags_lorem.html]
[www.w3schools.com/django/showdjangofd48.html]
[www.w3schools.com/django/ref_tags_now.html]
[www.w3schools.com/django/showdjango0c74.html]
[www.w3schools.com/django/ref_tags_regroup.html]
[www.w3schools.com/django/showdjangof6ee.html]
[www.w3schools.com/django/showdjangof940.html]
[www.w3schools.com/django/ref_tags_resetcycle.html]
[www.w3schools.com/django/showdjango6420.html]
[www.w3schools.com/django/ref_tags_spaceless.html]
[www.w3schools.com/django/showdjangob330.html]
[www.w3schools.com/django/showdjango934f.html]
[www.w3schools.com/django/ref_tags_templatetag.html]
[www.w3schools.com/django/showdjangoe86a.html]
[www.w3schools.com/django/ref_tags_verbatim.html]
[www.w3schools.com/django/showdjango07de.html]
[www.w3schools.com/django/showdjangoff04.html]
[www.w3schools.com/django/showdjango7941.html]
[www.w3schools.com/django/ref_tags_with.html]
[www.w3schools.com/django/demo_templates_if.html]
[www.w3schools.com/django/showdjango0dcc.html]
[www.w3schools.com/django/demo_templates_elif.html]
[www.w3schools.com/django/showdjangodf71.html]
[www.w3schools.com/django/demo_templates_else.html]
[www.w3schools.com/django/showdjango4aa8.html]
[www.w3schools.com/django/demo_templates_operator.html]
[www.w3schools.com/django/showdjangofa3f.html]
[www.w3schools.com/django/demo_templates_operator_equal.html]
[www.w3schools.com/django/showdjango51b4.html]
[www.w3schools.com/django/demo_templates_operator_notequal.html]
[www.w3schools.com/django/showdjango96d0.html]
[www.w3schools.com/django/demo_templates_operator_lessthan.html]
[www.w3schools.com/django/showdjango9062.html]
[www.w3schools.com/django/demo_templates_operator_lessthan_eq.html]
[www.w3schools.com/django/showdjango2376.html]
[www.w3schools.com/django/demo_templates_operator_gt.html]
[www.w3schools.com/django/showdjango98aa.html]
[www.w3schools.com/django/demo_templates_operator_gt_eq.html]
[www.w3schools.com/django/showdjango89a6.html]
[www.w3schools.com/django/demo_templates_operator_and.html]
[www.w3schools.com/django/showdjango7682.html]
[www.w3schools.com/django/demo_templates_operator_or.html]
[www.w3schools.com/django/showdjango59c1.html]
[www.w3schools.com/django/demo_templates_operator_andor.html]
[www.w3schools.com/django/showdjangob097.html]
[www.w3schools.com/django/demo_templates_operator_in.html]
[www.w3schools.com/django/showdjango46be.html]
[www.w3schools.com/django/demo_templates_operator_notin.html]
[www.w3schools.com/django/showdjango37bc.html]
[www.w3schools.com/django/demo_templates_operator_is1.html]
[www.w3schools.com/django/showdjango1d07.html]
[www.w3schools.com/django/demo_templates_operator_is2.html]
[www.w3schools.com/django/showdjangoe12e.html]
[www.w3schools.com/django/demo_templates_operator_is3.html]
[www.w3schools.com/django/showdjango8a36.html]
[www.w3schools.com/django/demo_templates_operator_isnot.html]
[www.w3schools.com/django/showdjango98d7.html]
[www.w3schools.com/django/demo_templates_for2.html]
[www.w3schools.com/django/showdjango12f0.html]
[www.w3schools.com/django/demo_templates_for3.html]
[www.w3schools.com/django/showdjango337d.html]
[www.w3schools.com/django/demo_templates_for_reversed.html]
[www.w3schools.com/django/showdjango348a.html]
[www.w3schools.com/django/demo_templates_for_empty.html]
[www.w3schools.com/django/showdjango0ec3.html]
[www.w3schools.com/django/demo_templates_for_empty2.html]
[www.w3schools.com/django/showdjango1477.html]
[www.w3schools.com/django/demo_templates_for_counter.html]
[www.w3schools.com/django/showdjango6313.html]
[www.w3schools.com/django/demo_templates_for_counter0.html]
[www.w3schools.com/django/showdjango3633.html]
[www.w3schools.com/django/demo_templates_for_first.html]
[www.w3schools.com/django/showdjango719f.html]
[www.w3schools.com/django/demo_templates_for_last.html]
[www.w3schools.com/django/showdjangoe5ce.html]
[www.w3schools.com/django/demo_templates_for_revcounter.html]
[www.w3schools.com/django/showdjango234f.html]
[www.w3schools.com/django/demo_templates_for_revcounter0.html]
[www.w3schools.com/django/showdjango32c2.html]
[www.w3schools.com/django/demo_templates_comment1.html]
[www.w3schools.com/django/showdjango86b6.html]
[www.w3schools.com/django/demo_templates_comment2.html]
[www.w3schools.com/django/showdjangoeb6c.html]
[www.w3schools.com/django/demo_templates_comment3.html]
[www.w3schools.com/django/showdjangoe592.html]
[www.w3schools.com/django/demo_templates_comment4.html]
[www.w3schools.com/django/showdjango02ed.html]
[www.w3schools.com/django/demo_templates_include.html]
[www.w3schools.com/django/showdjango7779.html]
[www.w3schools.com/django/demo_templates_include2.html]
[www.w3schools.com/django/showdjango3117.html]
[www.w3schools.com/django/demo_queryset.html]
[www.w3schools.com/django/showdjango4129.html]
[www.w3schools.com/django/demo_queryset_get.html]
[www.w3schools.com/django/showdjangoaeb0.html]
[www.w3schools.com/django/demo_queryset_get2.html]
[www.w3schools.com/django/showdjangob461.html]
[www.w3schools.com/django/demo_queryset_get3.html]
[www.w3schools.com/django/showdjango0b94.html]
[www.w3schools.com/django/demo_queryset_filter.html]
[www.w3schools.com/django/showdjango0b56.html]
[www.w3schools.com/django/demo_queryset_filter_or.html]
[www.w3schools.com/django/showdjangof680.html]
[www.w3schools.com/django/demo_queryset_filter_q.html]
[www.w3schools.com/django/showdjangoa976.html]
[www.w3schools.com/django/demo_queryset_filter_startswith.html]
[www.w3schools.com/django/showdjango2f69.html]
[www.w3schools.com/django/ref_lookups_contains.html]
[www.w3schools.com/django/showdjango1849.html]
[www.w3schools.com/django/ref_lookups_icontains.html]
[www.w3schools.com/django/showdjangoa9ed.html]
[www.w3schools.com/django/showdjango0db8.html]
[www.w3schools.com/django/ref_lookups_endswith.html]
[www.w3schools.com/django/ref_lookups_iendswith.html]
[www.w3schools.com/django/showdjango6d89.html]
[www.w3schools.com/django/ref_lookups_exact.html]
[www.w3schools.com/django/ref_lookups_iexact.html]
[www.w3schools.com/django/showdjangod356.html]
[www.w3schools.com/django/ref_lookups_in.html]
[www.w3schools.com/django/showdjango84a8.html]
[www.w3schools.com/django/showdjangoea94.html]
[www.w3schools.com/django/ref_lookups_gt.html]
[www.w3schools.com/django/showdjangoa374.html]
[www.w3schools.com/django/ref_lookups_gte.html]
[www.w3schools.com/django/ref_lookups_lt.html]
[www.w3schools.com/django/showdjango0e5d.html]
[www.w3schools.com/django/ref_lookups_lte.html]
[www.w3schools.com/django/showdjango3ed4.html]
[www.w3schools.com/django/showdjango54aa.html]
[www.w3schools.com/django/ref_lookups_range.html]
[www.w3schools.com/django/showdjango888c.html]
[www.w3schools.com/django/showdjango045d.html]
[www.w3schools.com/django/ref_lookups_startswith.html]
[www.w3schools.com/django/ref_lookups_istartswith.html]
[www.w3schools.com/django/showdjangod9c5.html]
[www.w3schools.com/django/demo_queryset_orderby.html]
[www.w3schools.com/django/showdjango85dc.html]
[www.w3schools.com/django/demo_queryset_orderby2.html]
[www.w3schools.com/django/showdjango5113.html]
[www.w3schools.com/django/demo_queryset_orderby3.html]
[www.w3schools.com/django/showdjangof03e.html]
[www.w3schools.com/django/demo_static_css.html]
[www.w3schools.com/django/showdjango3f1c.html]
[www.w3schools.com/django/demo_static_css_global.html]
[www.w3schools.com/django/showdjangoe5df.html]
[www.w3schools.com/django/demo_add_css_to_project.html]
[www.w3schools.com/django/showdjango1891.html]
[www.w3schools.com/django/demo_add_css_to_project2.html]
[www.w3schools.com/django/showdjango63be.html]
[www.w3schools.com/django/showdjango2e4e.html]
[www.w3schools.com/django/showdjangoe90a.html]
[www.w3schools.com/django/ref_filters_add.html]
[www.w3schools.com/django/showdjangoc46d.html]
[www.w3schools.com/django/showdjangod393.html]
[www.w3schools.com/django/ref_filters_addslashes.html]
[www.w3schools.com/django/showdjango8abe.html]
[www.w3schools.com/django/ref_filters_capfirst.html]
[www.w3schools.com/django/showdjango82d1.html]
[www.w3schools.com/django/ref_filters_center.html]
[www.w3schools.com/django/showdjango10fe.html]
[www.w3schools.com/django/showdjangofa30.html]
[www.w3schools.com/django/ref_filters_cut.html]
[www.w3schools.com/django/showdjango76c8.html]
[www.w3schools.com/django/showdjangobd47.html]
[www.w3schools.com/django/ref_filters_default.html]
[www.w3schools.com/django/ref_filters_default_if_none.html]
[www.w3schools.com/django/showdjango973a.html]
[www.w3schools.com/django/ref_filters_dictsort.html]
[www.w3schools.com/django/showdjangofbcf.html]
[www.w3schools.com/django/ref_filters_dictsortreversed.html]
[www.w3schools.com/django/showdjangoa9c2.html]
[www.w3schools.com/django/showdjango82f0.html]
[www.w3schools.com/django/ref_filters_divisibleby.html]
[www.w3schools.com/django/showdjangoc077.html]
[www.w3schools.com/django/ref_filters_escape.html]
[www.w3schools.com/django/showdjangod5d4.html]
[www.w3schools.com/django/ref_filters_escapejs.html]
[www.w3schools.com/django/showdjango277d.html]
[www.w3schools.com/django/ref_filters_filesizeformat.html]
[www.w3schools.com/django/showdjango9802.html]
[www.w3schools.com/django/showdjango6b81.html]
[www.w3schools.com/django/ref_filters_first.html]
[www.w3schools.com/django/showdjangoc6e0.html]
[www.w3schools.com/django/showdjango037b.html]
[www.w3schools.com/django/showdjango9f9c.html]
[www.w3schools.com/django/showdjango6475.html]
[www.w3schools.com/django/ref_filters_floatformat.html]
[www.w3schools.com/django/showdjango8821.html]
[www.w3schools.com/django/ref_filters_get_digit.html]
[www.w3schools.com/django/showdjango2bd5.html]
[www.w3schools.com/django/ref_filters_join.html]
[www.w3schools.com/django/showdjango379b.html]
[www.w3schools.com/django/ref_filters_json_script.html]
[www.w3schools.com/django/showdjango8527.html]
[www.w3schools.com/django/showdjangod5ad.html]
[www.w3schools.com/django/ref_filters_last.html]
[www.w3schools.com/django/showdjango7d74.html]
[www.w3schools.com/django/showdjango27bc.html]
[www.w3schools.com/django/ref_filters_length.html]
[www.w3schools.com/django/showdjangoe80f.html]
[www.w3schools.com/django/showdjangof822.html]
[www.w3schools.com/django/ref_filters_length_is.html]
[www.w3schools.com/django/showdjango0a22.html]
[www.w3schools.com/django/ref_filters_linebreaks.html]
[www.w3schools.com/django/showdjango7f03.html]
[www.w3schools.com/django/ref_filters_linebreaksbr.html]
[www.w3schools.com/django/showdjango537e.html]
[www.w3schools.com/django/ref_filters_linenumbers.html]
[www.w3schools.com/django/showdjango9ff1.html]
[www.w3schools.com/django/ref_filters_ljust.html]
[www.w3schools.com/django/showdjangof5d7.html]
[www.w3schools.com/django/ref_filters_lower.html]
[www.w3schools.com/django/showdjangoe655.html]
[www.w3schools.com/django/showdjango787d.html]
[www.w3schools.com/django/ref_filters_make_list.html]
[www.w3schools.com/django/ref_filters_phone2numeric.html]
[www.w3schools.com/django/showdjangoe9b4.html]
[www.w3schools.com/django/showdjangoa6fa.html]
[www.w3schools.com/django/showdjangoc3b7.html]
[www.w3schools.com/django/ref_filters_pluralize.html]
[www.w3schools.com/django/showdjango400a.html]
[www.w3schools.com/django/ref_filters_random.html]
[www.w3schools.com/django/showdjango0bc8.html]
[www.w3schools.com/django/ref_filters_rjust.html]
[www.w3schools.com/django/showdjangoff40.html]
[www.w3schools.com/django/ref_filters_slice.html]
[www.w3schools.com/django/showdjango0232.html]
[www.w3schools.com/django/showdjangodcd3.html]
[www.w3schools.com/django/ref_filters_slugify.html]
[www.w3schools.com/django/showdjangofe36.html]
[www.w3schools.com/django/showdjangof138.html]
[www.w3schools.com/django/ref_filters_striptags.html]
[www.w3schools.com/django/showdjango80a9.html]
[www.w3schools.com/django/ref_filters_time.html]
[www.w3schools.com/django/showdjangoac44.html]
[www.w3schools.com/django/showdjangoe871.html]
[www.w3schools.com/django/showdjango255e.html]
[www.w3schools.com/django/ref_filters_timesince.html]
[www.w3schools.com/django/showdjango8818.html]
[www.w3schools.com/django/showdjangoabe0.html]
[www.w3schools.com/django/ref_filters_timeuntil.html]
[www.w3schools.com/django/showdjango2472.html]
[www.w3schools.com/django/ref_filters_title.html]
[www.w3schools.com/django/showdjangof441.html]
[www.w3schools.com/django/showdjango912c.html]
[www.w3schools.com/django/ref_filters_truncatechars.html]
[www.w3schools.com/django/ref_filters_truncatechars_html.html]
[www.w3schools.com/django/showdjango7417.html]
[www.w3schools.com/django/ref_filters_truncatewords.html]
[www.w3schools.com/django/showdjangoe4fe.html]
[www.w3schools.com/django/ref_filters_truncatewords_html.html]
[www.w3schools.com/django/showdjango14e3.html]
[www.w3schools.com/django/showdjangoe06e.html]
[www.w3schools.com/django/ref_filters_unordered_list.html]
[www.w3schools.com/django/showdjango3758.html]
[www.w3schools.com/django/ref_filters_upper.html]
[www.w3schools.com/django/exercisea564.html]
[www.w3schools.com/lib/w3schools27c633.css]
[www.w3schools.com/lib/codemirror.css]
[www.w3schools.com/django/api.exercise.html]
[connect.facebook.net/nb_NO/sdk.js]
[www.w3schools.com/django/exercise4ec8.html]
[www.w3schools.com/django/exercisefd91.html]
[www.w3schools.com/django/exerciseada4.html]
[www.w3schools.com/django/exercisee27c.html]
[www.w3schools.com/django/exercised4e9.html]
[www.w3schools.com/django/showdjango657c.html]
[www.w3schools.com/django/exercisea727.html]
[www.w3schools.com/django/exercisefaf6.html]
[www.w3schools.com/django/exerciseb39a.html]
[www.w3schools.com/django/exercisec734.html]
[www.w3schools.com/django/exercise22e7.html]
[www.w3schools.com/django/exercise0ff8.html]
[www.w3schools.com/django/exercise734b.html]
[www.w3schools.com/django/exercise6b3c.html]
[www.w3schools.com/django/exercise926b.html]
[www.w3schools.com/django/exercise7100.html]
[www.w3schools.com/django/exercise95b3.html]
[www.w3schools.com/django/exercise7be6.html]
[www.w3schools.com/django/exercise5da3.html]
[www.w3schools.com/django/exercisef011.html]
[www.w3schools.com/django/exercise3b4a.html]
[www.w3schools.com/django/exercise2a25.html]
[www.w3schools.com/django/exercised023.html]
[www.w3schools.com/django/exercisee648.html]
[www.w3schools.com/django/exercisef6db.html]
[www.w3schools.com/django/exercise9770.html]
[www.w3schools.com/django/exercise1944.html]
[www.w3schools.com/django/exercise9206.html]
[www.w3schools.com/django/exercise4879.html]
[www.w3schools.com/django/exercise52f3.html]
[www.w3schools.com/django/demo_django_index.html]
[www.w3schools.com/django/demo_prepare.html]
[www.w3schools.com/django/showdjangof87c.html]
[www.w3schools.com/django/showdjango6a68.html]
[www.w3schools.com/django/showdjango105f.html]
[www.w3schools.com/django/showdjango13e2.html]
[www.w3schools.com/django/demo_add_link_details.html]
[www.w3schools.com/django/showdjangod813.html]
[www.w3schools.com/django/showdjangoc2a8.html]
[www.w3schools.com/django/showdjangod9e3.html]
[www.w3schools.com/django/showdjangod382.html]
[www.w3schools.com/django/showdjango9c16.html]
[www.w3schools.com/django/demo_master_index.html]
[www.w3schools.com/django/demo_master_details1.html]
[www.w3schools.com/django/demo_add_main.html]
[www.w3schools.com/django/showdjangoe1ee.html]
[www.w3schools.com/django/showdjango3911.html]
[www.w3schools.com/django/showdjangoa44c.html]
[www.w3schools.com/django/showdjango69ff.html]
[www.w3schools.com/django/showdjango4817.html]
[www.w3schools.com/django/demo_link_to_home.html]
[www.w3schools.com/django/demo_templates_for.html]
[www.w3schools.com/django/demo_variables.html]
[www.w3schools.com/django/demo_variables2.html]
[www.w3schools.com/django/demo_variables3.html]
[www.w3schools.com/django/demo_variables4.html]
[www.w3schools.com/django/demo_tags1.html]
[www.w3schools.com/django/showdjango85dd.html]
[www.w3schools.com/django/demo_tags_autoescape_off.html]
[www.w3schools.com/django/showdjango3779.html]
[www.w3schools.com/django/demo_tags_autoescape_on.html]
[www.w3schools.com/django/showdjango098b.html]
[www.w3schools.com/django/demo_tags_block.html]
[www.w3schools.com/django/showdjangoaa08.html]
[www.w3schools.com/django/demo_tags_block2.html]
[www.w3schools.com/django/showdjangoa5d3.html]
[www.w3schools.com/django/demo_tags_comment.html]
[www.w3schools.com/django/showdjango7b56.html]
[www.w3schools.com/django/demo_tags_comment2.html]
[www.w3schools.com/django/showdjango9d07.html]
[www.w3schools.com/django/demo_tags_cycle.html]
[www.w3schools.com/django/showdjangoedb8.html]
[www.w3schools.com/django/demo_tags_cycle2.html]
[www.w3schools.com/django/showdjangof1b4.html]
[www.w3schools.com/django/demo_tags_extends.html]
[www.w3schools.com/django/showdjangoebaf.html]
[www.w3schools.com/django/demo_tags_extends2.html]
[www.w3schools.com/django/showdjango3e1d.html]
[www.w3schools.com/django/demo_tags_filter.html]
[www.w3schools.com/django/showdjangobc7f.html]
[www.w3schools.com/django/demo_tags_firstof.html]
[www.w3schools.com/django/showdjango554b.html]
[www.w3schools.com/django/demo_tags_firstof2.html]
[www.w3schools.com/django/showdjango6d80.html]
[www.w3schools.com/django/demo_tags_for.html]
[www.w3schools.com/django/showdjangob31c.html]
[www.w3schools.com/django/demo_tags_for2.html]
[www.w3schools.com/django/showdjangoddb5.html]
[www.w3schools.com/django/demo_tags_forloop_counter.html]
[www.w3schools.com/django/showdjango323f.html]
[www.w3schools.com/django/demo_tags_forloop_counter0.html]
[www.w3schools.com/django/showdjango6a37.html]
[www.w3schools.com/django/demo_tags_forloop_first.html]
[www.w3schools.com/django/showdjango7d60.html]
[www.w3schools.com/django/demo_tags_forloop_last.html]
[www.w3schools.com/django/showdjango8049.html]
[www.w3schools.com/django/demo_tags_forloop_parentloop.html]
[www.w3schools.com/django/showdjango0dc9.html]
[www.w3schools.com/django/demo_tags_forloop_revcounter.html]
[www.w3schools.com/django/showdjango549e.html]
[www.w3schools.com/django/demo_tags_forloop_revcounter0.html]
[www.w3schools.com/django/showdjangofd13.html]
[www.w3schools.com/django/demo_tags_if.html]
[www.w3schools.com/django/showdjango6f7d.html]
[www.w3schools.com/django/demo_tags_if2.html]
[www.w3schools.com/django/showdjango7bce.html]
[www.w3schools.com/django/demo_tags_if3.html]
[www.w3schools.com/django/showdjango1be0.html]
[www.w3schools.com/django/demo_tags_if_equal.html]
[www.w3schools.com/django/showdjango4388.html]
[www.w3schools.com/django/demo_tags_if_notequal.html]
[www.w3schools.com/django/showdjangoae33.html]
[www.w3schools.com/django/demo_tags_if_lessthan.html]
[www.w3schools.com/django/showdjango9ad2.html]
[www.w3schools.com/django/demo_tags_if_lessthan2.html]
[www.w3schools.com/django/showdjangoab3c.html]
[www.w3schools.com/django/demo_tags_if_greaterthan.html]
[www.w3schools.com/django/showdjango321e.html]
[www.w3schools.com/django/demo_tags_if_greaterthan2.html]
[www.w3schools.com/django/showdjango7d59.html]
[www.w3schools.com/django/demo_tags_if_and.html]
[www.w3schools.com/django/showdjangobe3b.html]
[www.w3schools.com/django/demo_tags_if_or.html]
[www.w3schools.com/django/showdjangobb0a.html]
[www.w3schools.com/django/demo_tags_if_in.html]
[www.w3schools.com/django/showdjango9e58.html]
[www.w3schools.com/django/demo_tags_if_is.html]
[www.w3schools.com/django/showdjangob7c5.html]
[www.w3schools.com/django/demo_tags_if_is_not.html]
[www.w3schools.com/django/showdjangocfd9.html]
[www.w3schools.com/django/demo_tags_if_not_in.html]
[www.w3schools.com/django/showdjangob3df.html]
[www.w3schools.com/django/demo_tags_ifchanged.html]
[www.w3schools.com/django/showdjangoafd7.html]
[www.w3schools.com/django/demo_tags_ifchanged2.html]
[www.w3schools.com/django/showdjango47ad.html]
[www.w3schools.com/django/demo_tags_ifchanged3.html]
[www.w3schools.com/django/showdjango778a.html]
[www.w3schools.com/django/demo_tags_include.html]
[www.w3schools.com/django/showdjango5354.html]
[www.w3schools.com/django/demo_tags_include2.html]
[www.w3schools.com/django/showdjango1f58.html]
[www.w3schools.com/django/demo_tags_lorum.html]
[www.w3schools.com/django/showdjangof259.html]
[www.w3schools.com/django/demo_tags_lorum2.html]
[www.w3schools.com/django/showdjangocd37.html]
[www.w3schools.com/django/demo_tags_now.html]
[www.w3schools.com/django/showdjangofd48.html]
[www.w3schools.com/django/demo_tags_now2.html]
[www.w3schools.com/django/showdjango0c74.html]
[www.w3schools.com/django/demo_tags_regroup.html]
[www.w3schools.com/django/showdjangof6ee.html]
[www.w3schools.com/django/demo_tags_resetcycle.html]
[www.w3schools.com/django/showdjangof940.html]
[www.w3schools.com/django/demo_tags_resetcycle2.html]
[www.w3schools.com/django/showdjango6420.html]
[www.w3schools.com/django/demo_tags_spaceless.html]
[www.w3schools.com/django/showdjangob330.html]
[www.w3schools.com/django/demo_tags_templatetag.html]
[www.w3schools.com/django/showdjango934f.html]
[www.w3schools.com/django/demo_tags_verbatim.html]
[www.w3schools.com/django/showdjangoe86a.html]
[www.w3schools.com/django/demo_tags_verbatim2.html]
[www.w3schools.com/django/showdjango07de.html]
[www.w3schools.com/django/showdjangoff04.html]
[www.w3schools.com/django/demo_tags_with2.html]
[www.w3schools.com/django/showdjango7941.html]
[www.w3schools.com/django/demo_templates_if.html]
[www.w3schools.com/django/demo_templates_elif.html]
[www.w3schools.com/django/demo_templates_else.html]
[www.w3schools.com/django/demo_templates_operator.html]
[www.w3schools.com/django/demo_templates_operator_equal.html]
[www.w3schools.com/django/demo_templates_operator_notequal.html]
[www.w3schools.com/django/demo_templates_operator_lessthan.html]
[www.w3schools.com/django/demo_templates_operator_lessthan_eq.html]
[www.w3schools.com/django/demo_templates_operator_gt.html]
[www.w3schools.com/django/demo_templates_operator_gt_eq.html]
[www.w3schools.com/django/demo_templates_operator_and.html]
[www.w3schools.com/django/demo_templates_operator_or.html]
[www.w3schools.com/django/demo_templates_operator_andor.html]
[www.w3schools.com/django/demo_templates_operator_in.html]
[www.w3schools.com/django/demo_templates_operator_notin.html]
[www.w3schools.com/django/demo_templates_operator_is1.html]
[www.w3schools.com/django/demo_templates_operator_is2.html]
[www.w3schools.com/django/demo_templates_operator_is3.html]
[www.w3schools.com/django/demo_templates_operator_isnot.html]
[www.w3schools.com/django/demo_templates_for2.html]
[www.w3schools.com/django/demo_templates_for3.html]
[www.w3schools.com/django/demo_templates_for_reversed.html]
[www.w3schools.com/django/demo_templates_for_empty.html]
[www.w3schools.com/django/demo_templates_for_empty2.html]
[www.w3schools.com/django/demo_templates_for_counter.html]
[www.w3schools.com/django/demo_templates_for_counter0.html]
[www.w3schools.com/django/demo_templates_for_first.html]
[www.w3schools.com/django/demo_templates_for_last.html]
[www.w3schools.com/django/demo_templates_for_revcounter.html]
[www.w3schools.com/django/demo_templates_for_revcounter0.html]
[www.w3schools.com/django/demo_templates_comment1.html]
[www.w3schools.com/django/demo_templates_comment2.html]
[www.w3schools.com/django/demo_templates_comment3.html]
[www.w3schools.com/django/demo_templates_comment4.html]
[www.w3schools.com/django/demo_templates_include.html]
[www.w3schools.com/django/demo_templates_include2.html]
[www.w3schools.com/django/demo_queryset.html]
[www.w3schools.com/django/demo_queryset_get.html]
[www.w3schools.com/django/demo_queryset_get2.html]
[www.w3schools.com/django/demo_queryset_get3.html]
[www.w3schools.com/django/demo_queryset_filter.html]
[www.w3schools.com/django/demo_queryset_filter_or.html]
[www.w3schools.com/django/demo_queryset_filter_q.html]
[www.w3schools.com/django/demo_queryset_filter_startswith.html]
[www.w3schools.com/django/demo_lookups_contains.html]
[www.w3schools.com/django/showdjango1849.html]
[www.w3schools.com/django/demo_lookups_icontains.html]
[www.w3schools.com/django/showdjangoa9ed.html]
[www.w3schools.com/django/demo_lookups_endswith.html]
[www.w3schools.com/django/showdjango0db8.html]
[www.w3schools.com/django/demo_lookups_iendswith.html]
[www.w3schools.com/django/showdjango6d89.html]
[www.w3schools.com/django/demo_lookups_exact.html]
[www.w3schools.com/django/showdjangod356.html]
[www.w3schools.com/django/demo_lookups_in.html]
[www.w3schools.com/django/showdjango84a8.html]
[www.w3schools.com/django/demo_lookups_gt.html]
[www.w3schools.com/django/showdjangoea94.html]
[www.w3schools.com/django/demo_lookups_gte.html]
[www.w3schools.com/django/showdjangoa374.html]
[www.w3schools.com/django/demo_lookups_lt.html]
[www.w3schools.com/django/showdjango0e5d.html]
[www.w3schools.com/django/demo_lookups_lte.html]
[www.w3schools.com/django/showdjango3ed4.html]
[www.w3schools.com/django/demo_lookups_range.html]
[www.w3schools.com/django/showdjango54aa.html]
[www.w3schools.com/django/demo_lookups_range2.html]
[www.w3schools.com/django/showdjango888c.html]
[www.w3schools.com/django/demo_lookups_startswith.html]
[www.w3schools.com/django/showdjango045d.html]
[www.w3schools.com/django/demo_lookups_istartswith.html]
[www.w3schools.com/django/showdjangod9c5.html]
[www.w3schools.com/django/demo_queryset_orderby.html]
[www.w3schools.com/django/demo_queryset_orderby2.html]
[www.w3schools.com/django/demo_queryset_orderby3.html]
[www.w3schools.com/django/static/myfirst.css]
[www.w3schools.com/django/demo_static_css.html]
[www.w3schools.com/django/mystaticfiles/myglobal.css]
[www.w3schools.com/django/demo_static_css_global.html]
[www.w3schools.com/django/mystaticfiles/mystyles.css]
[www.w3schools.com/django/showdjango6137.html]
[www.w3schools.com/django/showdjango38cc.html]
[www.w3schools.com/django/showdjango3eb8.html]
[www.w3schools.com/django/showdjango7014.html]
[www.w3schools.com/django/showdjango36f6.html]
[www.w3schools.com/django/demo_add_css_to_project.html]
[www.w3schools.com/django/showdjangofb45.html]
[www.w3schools.com/django/mystaticfiles/mystyles2.css]
[www.w3schools.com/django/showdjango2b51.html]
[www.w3schools.com/django/showdjango0f0a.html]
[www.w3schools.com/django/showdjango4adc.html]
[www.w3schools.com/django/showdjango1f3b.html]
[www.w3schools.com/django/showdjango6263.html]
[www.w3schools.com/django/demo_add_css_to_project2.html]
[www.w3schools.com/django/showdjango0f3c.html]
[www.w3schools.com/django/demo_filters_add.html]
[www.w3schools.com/django/showdjango2e4e.html]
[www.w3schools.com/django/demo_filters_add2.html]
[www.w3schools.com/django/showdjangoe90a.html]
[www.w3schools.com/django/demo_filters_add3.html]
[www.w3schools.com/django/showdjangoc46d.html]
[www.w3schools.com/django/demo_filters_addslashes.html]
[www.w3schools.com/django/showdjangod393.html]
[www.w3schools.com/django/demo_filters_addslashes2.html]
[www.w3schools.com/django/showdjango8abe.html]
[www.w3schools.com/django/demo_filters_capfirst.html]
[www.w3schools.com/django/showdjango82d1.html]
[www.w3schools.com/django/demo_filters_center.html]
[www.w3schools.com/django/showdjango10fe.html]
[www.w3schools.com/django/demo_filters_cut.html]
[www.w3schools.com/django/showdjangofa30.html]
[www.w3schools.com/django/demo_filters_cut2.html]
[www.w3schools.com/django/showdjango76c8.html]
[www.w3schools.com/django/demo_filters_default.html]
[www.w3schools.com/django/showdjangobd47.html]
[www.w3schools.com/django/demo_filters_default_if_none.html]
[www.w3schools.com/django/showdjango973a.html]
[www.w3schools.com/django/demo_filters_dictsort.html]
[www.w3schools.com/django/showdjangofbcf.html]
[www.w3schools.com/django/demo_filters_dictsortreversed.html]
[www.w3schools.com/django/showdjangoa9c2.html]
[www.w3schools.com/django/demo_filters_divisibleby.html]
[www.w3schools.com/django/showdjango82f0.html]
[www.w3schools.com/django/demo_filters_divisibleby2.html]
[www.w3schools.com/django/showdjangoc077.html]
[www.w3schools.com/django/demo_filters_escape.html]
[www.w3schools.com/django/showdjangod5d4.html]
[www.w3schools.com/django/demo_filters_escapejs.html]
[www.w3schools.com/django/showdjango277d.html]
[www.w3schools.com/django/demo_filters_filesizeformat.html]
[www.w3schools.com/django/showdjango9802.html]
[www.w3schools.com/django/demo_filters_first.html]
[www.w3schools.com/django/showdjango6b81.html]
[www.w3schools.com/django/demo_filters_first2.html]
[www.w3schools.com/django/showdjangoc6e0.html]
[www.w3schools.com/django/demo_filters_floatformat.html]
[www.w3schools.com/django/showdjango037b.html]
[www.w3schools.com/django/demo_filters_floatformat2.html]
[www.w3schools.com/django/showdjango9f9c.html]
[www.w3schools.com/django/demo_filters_floatformat3.html]
[www.w3schools.com/django/showdjango6475.html]
[www.w3schools.com/django/demo_filters_floatformat4.html]
[www.w3schools.com/django/showdjango8821.html]
[www.w3schools.com/django/demo_filters_get_digit.html]
[www.w3schools.com/django/showdjango2bd5.html]
[www.w3schools.com/django/demo_filters_join.html]
[www.w3schools.com/django/showdjango379b.html]
[www.w3schools.com/django/demo_filters_json_script.html]
[www.w3schools.com/django/showdjango8527.html]
[www.w3schools.com/django/demo_filters_last.html]
[www.w3schools.com/django/showdjangod5ad.html]
[www.w3schools.com/django/demo_filters_last2.html]
[www.w3schools.com/django/showdjango7d74.html]
[www.w3schools.com/django/demo_filters_length.html]
[www.w3schools.com/django/showdjango27bc.html]
[www.w3schools.com/django/demo_filters_length2.html]
[www.w3schools.com/django/showdjangoe80f.html]
[www.w3schools.com/django/demo_filters_length_is.html]
[www.w3schools.com/django/showdjangof822.html]
[www.w3schools.com/django/demo_filters_length_is2.html]
[www.w3schools.com/django/showdjango0a22.html]
[www.w3schools.com/django/demo_filters_linebreaks.html]
[www.w3schools.com/django/showdjango7f03.html]
[www.w3schools.com/django/demo_filters_linebreaksbr.html]
[www.w3schools.com/django/showdjango537e.html]
[www.w3schools.com/django/demo_filters_linenumbers.html]
[www.w3schools.com/django/showdjango9ff1.html]
[www.w3schools.com/django/demo_filters_ljust.html]
[www.w3schools.com/django/showdjangof5d7.html]
[www.w3schools.com/django/demo_filters_lower.html]
[www.w3schools.com/django/showdjangoe655.html]
[www.w3schools.com/django/demo_filters_make_list.html]
[www.w3schools.com/django/showdjango787d.html]
[www.w3schools.com/django/demo_filters_phone2numeric.html]
[www.w3schools.com/django/showdjangoe9b4.html]
[www.w3schools.com/django/demo_filters_pluralize.html]
[www.w3schools.com/django/showdjangoa6fa.html]
[www.w3schools.com/django/demo_filters_pluralize2.html]
[www.w3schools.com/django/showdjangoc3b7.html]
[www.w3schools.com/django/demo_filters_pluralize3.html]
[www.w3schools.com/django/showdjango400a.html]
[www.w3schools.com/django/demo_filters_random.html]
[www.w3schools.com/django/showdjango0bc8.html]
[www.w3schools.com/django/demo_filters_rjust.html]
[www.w3schools.com/django/showdjangoff40.html]
[www.w3schools.com/django/demo_filters_slice.html]
[www.w3schools.com/django/showdjango0232.html]
[www.w3schools.com/django/demo_filters_slugify.html]
[www.w3schools.com/django/showdjangodcd3.html]
[www.w3schools.com/django/showdjangofe36.html]
[www.w3schools.com/django/demo_filters_striptags.html]
[www.w3schools.com/django/showdjangof138.html]
[www.w3schools.com/django/demo_filters_time.html]
[www.w3schools.com/django/showdjango80a9.html]
[www.w3schools.com/django/demo_filters_timesince.html]
[www.w3schools.com/django/showdjangoac44.html]
[www.w3schools.com/django/demo_filters_timesince2.html]
[www.w3schools.com/django/showdjangoe871.html]
[www.w3schools.com/django/demo_filters_timesince3.html]
[www.w3schools.com/django/showdjango255e.html]
[www.w3schools.com/django/demo_filters_timeuntil.html]
[www.w3schools.com/django/showdjango8818.html]
[www.w3schools.com/django/demo_filters_timeuntil2.html]
[www.w3schools.com/django/showdjangoabe0.html]
[www.w3schools.com/django/demo_filters_timeuntil3.html]
[www.w3schools.com/django/showdjango2472.html]
[www.w3schools.com/django/demo_filters_title.html]
[www.w3schools.com/django/showdjangof441.html]
[www.w3schools.com/django/demo_filters_truncatechars.html]
[www.w3schools.com/django/showdjango912c.html]
[www.w3schools.com/django/demo_filters_truncatechars_html.html]
[www.w3schools.com/django/showdjango7417.html]
[www.w3schools.com/django/demo_filters_truncatewords.html]
[www.w3schools.com/django/showdjangoe4fe.html]
[www.w3schools.com/django/demo_filters_truncatewords_html.html]
[www.w3schools.com/django/showdjango14e3.html]
[www.w3schools.com/django/demo_filters_unordered_list.html]
[www.w3schools.com/django/showdjangoe06e.html]
[www.w3schools.com/django/demo_filters_unordered_list2.html]
[www.w3schools.com/django/showdjango3758.html]
[www.w3schools.com/django/demo_filters_upper.html]
[www.w3schools.com/django/showdjango657c.html]
[www.w3schools.com/django/demo_add_link_details1.html]
[www.w3schools.com/django/showdjangof87c.html]
[www.w3schools.com/django/demo_add_link_details2.html]
[www.w3schools.com/django/showdjango6a68.html]
[www.w3schools.com/django/demo_add_link_details3.html]
[www.w3schools.com/django/showdjango105f.html]
[www.w3schools.com/django/demo_add_link_details4.html]
[www.w3schools.com/django/showdjango13e2.html]
[www.w3schools.com/django/demo_add_link_details5.html]
[www.w3schools.com/django/showdjangod813.html]
[www.w3schools.com/django/demo_master_details2.html]
[www.w3schools.com/django/showdjangoc2a8.html]
[www.w3schools.com/django/demo_master_details3.html]
[www.w3schools.com/django/showdjangod9e3.html]
[www.w3schools.com/django/demo_master_details4.html]
[www.w3schools.com/django/showdjangod382.html]
[www.w3schools.com/django/demo_master_details5.html]
[www.w3schools.com/django/showdjango9c16.html]
[www.w3schools.com/django/demo_add_main2.html]
[www.w3schools.com/django/showdjangoe1ee.html]
[www.w3schools.com/django/demo_master_home_details1.html]
[www.w3schools.com/django/showdjango3911.html]
[www.w3schools.com/django/demo_master_home_details2.html]
[www.w3schools.com/django/showdjangoa44c.html]
[www.w3schools.com/django/demo_master_home_details3.html]
[www.w3schools.com/django/showdjango69ff.html]
[www.w3schools.com/django/demo_master_home_details4.html]
[www.w3schools.com/django/showdjango4817.html]
[www.w3schools.com/django/demo_master_home_details5.html]
[www.w3schools.com/django/showdjango85dd.html]
[www.w3schools.com/django/demo_tags_autoescape_off.html]
[www.w3schools.com/django/demo_tags_autoescape_on.html]
[www.w3schools.com/django/demo_tags_block.html]
[www.w3schools.com/django/demo_tags_block2.html]
[www.w3schools.com/django/demo_tags_comment.html]
[www.w3schools.com/django/demo_tags_comment2.html]
[www.w3schools.com/django/demo_tags_cycle.html]
[www.w3schools.com/django/demo_tags_cycle2.html]
[www.w3schools.com/django/demo_tags_extends.html]
[www.w3schools.com/django/demo_tags_extends2.html]
[www.w3schools.com/django/demo_tags_filter.html]
[www.w3schools.com/django/demo_tags_firstof.html]
[www.w3schools.com/django/demo_tags_firstof2.html]
[www.w3schools.com/django/demo_tags_for.html]
[www.w3schools.com/django/demo_tags_for2.html]
[www.w3schools.com/django/demo_tags_forloop_counter.html]
[www.w3schools.com/django/demo_tags_forloop_counter0.html]
[www.w3schools.com/django/demo_tags_forloop_first.html]
[www.w3schools.com/django/demo_tags_forloop_last.html]
[www.w3schools.com/django/demo_tags_forloop_parentloop.html]
[www.w3schools.com/django/demo_tags_forloop_revcounter.html]
[www.w3schools.com/django/demo_tags_forloop_revcounter0.html]
[www.w3schools.com/django/demo_tags_if.html]
[www.w3schools.com/django/demo_tags_if2.html]
[www.w3schools.com/django/demo_tags_if3.html]
[www.w3schools.com/django/demo_tags_if_equal.html]
[www.w3schools.com/django/demo_tags_if_notequal.html]
[www.w3schools.com/django/demo_tags_if_lessthan.html]
[www.w3schools.com/django/demo_tags_if_lessthan2.html]
[www.w3schools.com/django/demo_tags_if_greaterthan.html]
[www.w3schools.com/django/demo_tags_if_greaterthan2.html]
[www.w3schools.com/django/demo_tags_if_and.html]
[www.w3schools.com/django/demo_tags_if_or.html]
[www.w3schools.com/django/demo_tags_if_in.html]
[www.w3schools.com/django/demo_tags_if_is.html]
[www.w3schools.com/django/demo_tags_if_is_not.html]
[www.w3schools.com/django/demo_tags_if_not_in.html]
[www.w3schools.com/django/demo_tags_ifchanged.html]
[www.w3schools.com/django/demo_tags_ifchanged2.html]
[www.w3schools.com/django/demo_tags_ifchanged3.html]
[www.w3schools.com/django/demo_tags_include.html]
[www.w3schools.com/django/demo_tags_include2.html]
[www.w3schools.com/django/demo_tags_lorum.html]
[www.w3schools.com/django/demo_tags_lorum2.html]
[www.w3schools.com/django/demo_tags_now.html]
[www.w3schools.com/django/demo_tags_now2.html]
[www.w3schools.com/django/demo_tags_regroup.html]
[www.w3schools.com/django/demo_tags_resetcycle.html]
[www.w3schools.com/django/demo_tags_resetcycle2.html]
[www.w3schools.com/django/demo_tags_spaceless.html]
[www.w3schools.com/django/demo_tags_templatetag.html]
[www.w3schools.com/django/demo_tags_verbatim.html]
[www.w3schools.com/django/demo_tags_verbatim2.html]
[www.w3schools.com/django/demo_tags_with.html]
[www.w3schools.com/django/demo_tags_with2.html]
[www.w3schools.com/django/demo_lookups_contains.html]
[www.w3schools.com/django/demo_lookups_icontains.html]
[www.w3schools.com/django/demo_lookups_endswith.html]
[www.w3schools.com/django/demo_lookups_iendswith.html]
[www.w3schools.com/django/demo_lookups_exact.html]
[www.w3schools.com/django/demo_lookups_in.html]
[www.w3schools.com/django/demo_lookups_gt.html]
[www.w3schools.com/django/demo_lookups_gte.html]
[www.w3schools.com/django/demo_lookups_lt.html]
[www.w3schools.com/django/demo_lookups_lte.html]
[www.w3schools.com/django/demo_lookups_range.html]
[www.w3schools.com/django/demo_lookups_range2.html]
[www.w3schools.com/django/demo_lookups_startswith.html]
[www.w3schools.com/django/demo_lookups_istartswith.html]
[www.w3schools.com/django/static/myfirst.css]
[www.w3schools.com/django/mystaticfiles/myglobal.css]
[www.w3schools.com/django/mystaticfiles/mystyles.css]
[www.w3schools.com/django/demo_home_violet.html]
[www.w3schools.com/django/showdjango6137.html]
[www.w3schools.com/django/demo_add_css_to_project_details1.html]
[www.w3schools.com/django/showdjango38cc.html]
[www.w3schools.com/django/demo_add_css_to_project_details2.html]
[www.w3schools.com/django/showdjango3eb8.html]
[www.w3schools.com/django/demo_add_css_to_project_details3.html]
[www.w3schools.com/django/showdjango7014.html]
[www.w3schools.com/django/demo_add_css_to_project_details4.html]
[www.w3schools.com/django/showdjango36f6.html]
[www.w3schools.com/django/demo_add_css_to_project_details5.html]
[www.w3schools.com/django/showdjangofb45.html]
[www.w3schools.com/django/mystaticfiles/mystyles2.css]
[www.w3schools.com/django/demo_project_home.html]
[www.w3schools.com/django/showdjango2b51.html]
[www.w3schools.com/django/demo_add_css_to_project2_details1.html]
[www.w3schools.com/django/showdjango0f0a.html]
[www.w3schools.com/django/demo_add_css_to_project2_details2.html]
[www.w3schools.com/django/showdjango4adc.html]
[www.w3schools.com/django/demo_add_css_to_project2_details3.html]
[www.w3schools.com/django/showdjango1f3b.html]
[www.w3schools.com/django/demo_add_css_to_project2_details4.html]
[www.w3schools.com/django/showdjango6263.html]
[www.w3schools.com/django/demo_add_css_to_project2_details5.html]
[www.w3schools.com/django/showdjango0f3c.html]
[www.w3schools.com/django/demo_filters_add.html]
[www.w3schools.com/django/demo_filters_add2.html]
[www.w3schools.com/django/demo_filters_add3.html]
[www.w3schools.com/django/demo_filters_addslashes.html]
[www.w3schools.com/django/demo_filters_addslashes2.html]
[www.w3schools.com/django/demo_filters_capfirst.html]
[www.w3schools.com/django/demo_filters_center.html]
[www.w3schools.com/django/demo_filters_cut.html]
[www.w3schools.com/django/demo_filters_cut2.html]
[www.w3schools.com/django/demo_filters_default.html]
[www.w3schools.com/django/demo_filters_default_if_none.html]
[www.w3schools.com/django/demo_filters_dictsort.html]
[www.w3schools.com/django/demo_filters_dictsortreversed.html]
[www.w3schools.com/django/demo_filters_divisibleby.html]
[www.w3schools.com/django/demo_filters_divisibleby2.html]
[www.w3schools.com/django/demo_filters_escape.html]
[www.w3schools.com/django/demo_filters_escapejs.html]
[www.w3schools.com/django/demo_filters_filesizeformat.html]
[www.w3schools.com/django/demo_filters_first.html]
[www.w3schools.com/django/demo_filters_first2.html]
[www.w3schools.com/django/demo_filters_floatformat.html]
[www.w3schools.com/django/demo_filters_floatformat2.html]
[www.w3schools.com/django/demo_filters_floatformat3.html]
[www.w3schools.com/django/demo_filters_floatformat4.html]
[www.w3schools.com/django/demo_filters_get_digit.html]
[www.w3schools.com/django/demo_filters_join.html]
[www.w3schools.com/django/demo_filters_json_script.html]
[www.w3schools.com/django/demo_filters_last.html]
[www.w3schools.com/django/demo_filters_last2.html]
[www.w3schools.com/django/demo_filters_length.html]
[www.w3schools.com/django/demo_filters_length2.html]
[www.w3schools.com/django/demo_filters_length_is.html]
[www.w3schools.com/django/demo_filters_length_is2.html]
[www.w3schools.com/django/demo_filters_linebreaks.html]
[www.w3schools.com/django/demo_filters_linebreaksbr.html]
[www.w3schools.com/django/demo_filters_linenumbers.html]
[www.w3schools.com/django/demo_filters_ljust.html]
[www.w3schools.com/django/demo_filters_lower.html]
[www.w3schools.com/django/demo_filters_make_list.html]
[www.w3schools.com/django/demo_filters_phone2numeric.html]
[www.w3schools.com/django/demo_filters_pluralize.html]
[www.w3schools.com/django/demo_filters_pluralize2.html]
[www.w3schools.com/django/demo_filters_pluralize3.html]
[www.w3schools.com/django/demo_filters_random.html]
[www.w3schools.com/django/demo_filters_rjust.html]
[www.w3schools.com/django/demo_filters_slice.html]
[www.w3schools.com/django/demo_filters_slugify.html]
[www.w3schools.com/django/demo_filters_slugify2.html]
[www.w3schools.com/django/demo_filters_striptags.html]
[www.w3schools.com/django/demo_filters_time.html]
[www.w3schools.com/django/demo_filters_timesince.html]
[www.w3schools.com/django/demo_filters_timesince2.html]
[www.w3schools.com/django/demo_filters_timesince3.html]
[www.w3schools.com/django/demo_filters_timeuntil.html]
[www.w3schools.com/django/demo_filters_timeuntil2.html]
[www.w3schools.com/django/demo_filters_timeuntil3.html]
[www.w3schools.com/django/demo_filters_title.html]
[www.w3schools.com/django/demo_filters_truncatechars.html]
[www.w3schools.com/django/demo_filters_truncatechars_html.html]
[www.w3schools.com/django/demo_filters_truncatewords.html]
[www.w3schools.com/django/demo_filters_truncatewords_html.html]
[www.w3schools.com/django/demo_filters_unordered_list.html]
[www.w3schools.com/django/demo_filters_unordered_list2.html]
[www.w3schools.com/django/demo_filters_upper.html]
[www.w3schools.com/django/demo_add_link_details1.html]
[www.w3schools.com/django/demo_add_link_details2.html]
[www.w3schools.com/django/demo_add_link_details3.html]
[www.w3schools.com/django/demo_add_link_details4.html]
[www.w3schools.com/django/demo_add_link_details5.html]
[www.w3schools.com/django/demo_master_details2.html]
[www.w3schools.com/django/demo_master_details3.html]
[www.w3schools.com/django/demo_master_details4.html]
[www.w3schools.com/django/demo_master_details5.html]
[www.w3schools.com/django/demo_add_main2.html]
[www.w3schools.com/django/demo_master_home_details1.html]
[www.w3schools.com/django/demo_master_home_details2.html]
[www.w3schools.com/django/demo_master_home_details3.html]
[www.w3schools.com/django/demo_master_home_details4.html]
[www.w3schools.com/django/demo_master_home_details5.html]
[www.w3schools.com/django/demo_home_violet.html]
[www.w3schools.com/django/demo_add_css_to_project_details1.html]
[www.w3schools.com/django/demo_add_css_to_project_details2.html]
[www.w3schools.com/django/demo_add_css_to_project_details3.html]
[www.w3schools.com/django/demo_add_css_to_project_details4.html]
[www.w3schools.com/django/demo_add_css_to_project_details5.html]
[www.w3schools.com/django/demo_project_home.html]
[www.w3schools.com/django/demo_add_css_to_project2_details1.html]
[www.w3schools.com/django/demo_add_css_to_project2_details2.html]
[www.w3schools.com/django/demo_add_css_to_project2_details3.html]
[www.w3schools.com/django/demo_add_css_to_project2_details4.html]
[www.w3schools.com/django/demo_add_css_to_project2_details5.html]
