[www.w3schools.com/bootstrap4/default.html]
[backblue.gif]
[fade.gif]
[index.html]
[www.w3schools.com/lib/w3schools31.css]
[www.w3schools.com/lib/uic3447.js]
[cdn.snigelweb.com/adengine/w3schools.com/loader.js]
[www.w3schools.com/lib/common-depse209.js]
[www.w3schools.com/lib/user-session0ff5.js]
[www.w3schools.com/lib/my-learning248b.js]
[www.w3schools.com/bootstrap4/bootstrap_ref_all_classes.html]
[www.w3schools.com/bootstrap4/bootstrap_exercises.html]
[www.w3schools.com/bootstrap4/bootstrap_quiz.html]
[www.w3schools.com/bootstrap4/bootstrap_get_started.html]
[www.w3schools.com/bootstrap4/bootstrap_containers.html]
[www.w3schools.com/bootstrap4/bootstrap_grid_basic.html]
[www.w3schools.com/bootstrap4/bootstrap_typography.html]
[www.w3schools.com/bootstrap4/bootstrap_colors.html]
[www.w3schools.com/bootstrap4/bootstrap_tables.html]
[www.w3schools.com/bootstrap4/bootstrap_images.html]
[www.w3schools.com/bootstrap4/bootstrap_jumbotron.html]
[www.w3schools.com/bootstrap4/bootstrap_alerts.html]
[www.w3schools.com/bootstrap4/bootstrap_buttons.html]
[www.w3schools.com/bootstrap4/bootstrap_button_groups.html]
[www.w3schools.com/bootstrap4/bootstrap_badges.html]
[www.w3schools.com/bootstrap4/bootstrap_progressbars.html]
[www.w3schools.com/bootstrap4/bootstrap_spinners.html]
[www.w3schools.com/bootstrap4/bootstrap_pagination.html]
[www.w3schools.com/bootstrap4/bootstrap_list_groups.html]
[www.w3schools.com/bootstrap4/bootstrap_cards.html]
[www.w3schools.com/bootstrap4/bootstrap_dropdowns.html]
[www.w3schools.com/bootstrap4/bootstrap_navs.html]
[www.w3schools.com/bootstrap4/bootstrap_collapse.html]
[www.w3schools.com/bootstrap4/bootstrap_navbar.html]
[www.w3schools.com/bootstrap4/bootstrap_forms.html]
[www.w3schools.com/bootstrap4/bootstrap_forms_inputs.html]
[www.w3schools.com/bootstrap4/bootstrap_forms_input_group.html]
[www.w3schools.com/bootstrap4/bootstrap_forms_custom.html]
[www.w3schools.com/bootstrap4/bootstrap_carousel.html]
[www.w3schools.com/bootstrap4/bootstrap_modal.html]
[www.w3schools.com/bootstrap4/bootstrap_tooltip.html]
[www.w3schools.com/bootstrap4/bootstrap_popover.html]
[www.w3schools.com/bootstrap4/bootstrap_toast.html]
[www.w3schools.com/bootstrap4/bootstrap_scrollspy.html]
[www.w3schools.com/bootstrap4/bootstrap_utilities.html]
[www.w3schools.com/bootstrap4/bootstrap_flex.html]
[www.w3schools.com/bootstrap4/bootstrap_icons.html]
[www.w3schools.com/bootstrap4/bootstrap_media_objects.html]
[www.w3schools.com/bootstrap4/bootstrap_filters.html]
[www.w3schools.com/bootstrap4/bootstrap_grid_system.html]
[www.w3schools.com/bootstrap4/bootstrap_grid_stacked_to_horizontal.html]
[www.w3schools.com/bootstrap4/bootstrap_grid_xsmall.html]
[www.w3schools.com/bootstrap4/bootstrap_grid_small.html]
[www.w3schools.com/bootstrap4/bootstrap_grid_medium.html]
[www.w3schools.com/bootstrap4/bootstrap_grid_large.html]
[www.w3schools.com/bootstrap4/bootstrap_grid_xlarge.html]
[www.w3schools.com/bootstrap4/bootstrap_grid_examples.html]
[www.w3schools.com/bootstrap4/bootstrap_templates.html]
[www.w3schools.com/bootstrap4/bootstrap_exam.html]
[www.w3schools.com/bootstrap4/bootstrap_ref_js_alert.html]
[www.w3schools.com/bootstrap4/bootstrap_ref_js_button.html]
[www.w3schools.com/bootstrap4/bootstrap_ref_js_carousel.html]
[www.w3schools.com/bootstrap4/bootstrap_ref_js_collapse.html]
[www.w3schools.com/bootstrap4/bootstrap_ref_js_dropdown.html]
[www.w3schools.com/bootstrap4/bootstrap_ref_js_modal.html]
[www.w3schools.com/bootstrap4/bootstrap_ref_js_popover.html]
[www.w3schools.com/bootstrap4/bootstrap_ref_js_tab.html]
[www.w3schools.com/bootstrap4/bootstrap_ref_js_scrollspy.html]
[www.w3schools.com/bootstrap4/bootstrap_ref_js_toasts.html]
[www.w3schools.com/bootstrap4/bootstrap_ref_js_tooltip.html]
[www.w3schools.com/bootstrap4/imgdefault.jpg]
[www.w3schools.com/bootstrap4/tryit689b.html]
[www.w3schools.com/bootstrap4/trybs_template1.html]
[www.w3schools.com/bootstrap4/tryit0874.html]
[www.w3schools.com/bootstrap4/exercise_bs41d9b.html]
[www.w3schools.com/lib/w3schools_footer721a.js]
[www.w3schools.com/bootstrap4/default.html]
[www.w3schools.com/lib/fonts/source-code-pro-v14-latin-regular.eot]
[www.w3schools.com/lib/fonts/source-code-pro-v14-latin-regulard41d.eot]
[www.w3schools.com/lib/fonts/source-code-pro-v14-latin-regular.woff2]
[www.w3schools.com/lib/fonts/source-code-pro-v14-latin-regular.woff]
[www.w3schools.com/lib/fonts/source-code-pro-v14-latin-regular.ttf]
[www.w3schools.com/lib/fonts/source-code-pro-v14-latin-regular.svg]
[www.w3schools.com/lib/fonts/roboto-mono-v13-latin-500.eot]
[www.w3schools.com/lib/fonts/roboto-mono-v13-latin-500d41d.eot]
[www.w3schools.com/lib/fonts/roboto-mono-v13-latin-500.woff2]
[www.w3schools.com/lib/fonts/roboto-mono-v13-latin-500.woff]
[www.w3schools.com/lib/fonts/roboto-mono-v13-latin-500.ttf]
[www.w3schools.com/lib/fonts/roboto-mono-v13-latin-500.svg]
[www.w3schools.com/lib/fonts/source-sans-pro-v14-latin-700.eot]
[www.w3schools.com/lib/fonts/source-sans-pro-v14-latin-700d41d.eot]
[www.w3schools.com/lib/fonts/source-sans-pro-v14-latin-700.woff2]
[www.w3schools.com/lib/fonts/source-sans-pro-v14-latin-700.woff]
[www.w3schools.com/lib/fonts/source-sans-pro-v14-latin-700.ttf]
[www.w3schools.com/lib/fonts/source-sans-pro-v14-latin-700.svg]
[www.w3schools.com/lib/fonts/source-sans-pro-v14-latin-600.eot]
[www.w3schools.com/lib/fonts/source-sans-pro-v14-latin-600d41d.eot]
[www.w3schools.com/lib/fonts/source-sans-pro-v14-latin-600.woff2]
[www.w3schools.com/lib/fonts/source-sans-pro-v14-latin-600.woff]
[www.w3schools.com/lib/fonts/source-sans-pro-v14-latin-600.ttf]
[www.w3schools.com/lib/fonts/source-sans-pro-v14-latin-600.svg]
[www.w3schools.com/lib/fonts/freckle-face-v9-latin-regular.eot]
[www.w3schools.com/lib/fonts/freckle-face-v9-latin-regulard41d.eot]
[www.w3schools.com/lib/fonts/freckle-face-v9-latin-regular.woff2]
[www.w3schools.com/lib/fonts/freckle-face-v9-latin-regular.woff]
[www.w3schools.com/lib/fonts/freckle-face-v9-latin-regular.ttf]
[www.w3schools.com/lib/fonts/freckle-face-v9-latin-regular.svg]
[www.w3schools.com/lib/fonts/montserrat-v18-latin-regular.eot]
[www.w3schools.com/lib/fonts/montserrat-v18-latin-regulard41d.eot]
[www.w3schools.com/lib/fonts/montserrat-v18-latin-regular.woff2]
[www.w3schools.com/lib/fonts/montserrat-v18-latin-regular.woff]
[www.w3schools.com/lib/fonts/montserrat-v18-latin-regular.ttf]
[www.w3schools.com/lib/fonts/montserrat-v18-latin-regular.svg]
[www.w3schools.com/lib/fonts/fontawesome8deb.eot]
[www.w3schools.com/lib/fonts/fontawesome8deb.woff2]
[www.w3schools.com/lib/fonts/fontawesome8deb.woff]
[www.w3schools.com/lib/fonts/fontawesome8deb.ttf]
[www.w3schools.com/lib/w3schools31.css]
[www.googletagmanager.com/gtm5445.html]
[www.w3schools.com/bootstrap4/python/index.html]
[www.w3schools.com/bootstrap4/numpy/index.html]
[www.w3schools.com/bootstrap4/pandas/index.html]
[www.w3schools.com/bootstrap4/scipy/index.html]
[www.w3schools.com/lib/fonts/fontawesome8deb.svg]
[maxcdn.bootstrapcdn.com/bootstrap/4.2.1/css/bootstrap.min.css]
[ajax.googleapis.com/ajax/libs/jquery/3.3.1/jquery.min.js]
[maxcdn.bootstrapcdn.com/bootstrap/4.2.1/js/bootstrap.min.js]
[www.w3schools.com/bootstrap4/w3-fix.css]
[cdnjs.cloudflare.com/ajax/libs/font-awesome/4.7.0/css/font-awesome.min.css]
[www.w3schools.com/bootstrap4/tryit2582.html]
[www.w3schools.com/bootstrap4/tryitd069.html]
[www.w3schools.com/bootstrap4/tryit0b62.html]
[www.w3schools.com/bootstrap4/tryit1e14.html]
[www.w3schools.com/bootstrap4/tryit8d2c.html]
[www.w3schools.com/bootstrap4/tryit5d59.html]
[www.w3schools.com/bootstrap4/tryit8678.html]
[www.w3schools.com/bootstrap4/tryit4786.html]
[www.w3schools.com/bootstrap4/tryitf675.html]
[www.w3schools.com/bootstrap4/tryitf4f8.html]
[www.w3schools.com/bootstrap4/tryitc127.html]
[www.w3schools.com/bootstrap4/tryitcff1.html]
[www.w3schools.com/bootstrap4/tryitac8f.html]
[www.w3schools.com/bootstrap4/tryitf13f.html]
[www.w3schools.com/bootstrap4/tryitcaa5.html]
[www.w3schools.com/bootstrap4/tryitdcb8.html]
[www.w3schools.com/bootstrap4/tryitb879.html]
[www.w3schools.com/bootstrap4/tryitcf03.html]
[www.w3schools.com/bootstrap4/tryit4596.html]
[www.w3schools.com/bootstrap4/tryit5798.html]
[www.w3schools.com/bootstrap4/tryit4a3e.html]
[www.w3schools.com/bootstrap4/tryitc2a3.html]
[www.w3schools.com/bootstrap4/tryita6af.html]
[www.w3schools.com/bootstrap4/tryit7115.html]
[www.w3schools.com/bootstrap4/tryit36ec.html]
[www.w3schools.com/bootstrap4/tryit8366.html]
[www.w3schools.com/bootstrap4/tryitf850.html]
[www.w3schools.com/bootstrap4/tryitbfa0.html]
[www.w3schools.com/bootstrap4/tryit5eee.html]
[www.w3schools.com/bootstrap4/tryit359f.html]
[www.w3schools.com/bootstrap4/tryitabeb.html]
[www.w3schools.com/bootstrap4/tryit0ced.html]
[www.w3schools.com/bootstrap4/tryit87a3.html]
[www.w3schools.com/bootstrap4/tryit6c20.html]
[www.w3schools.com/bootstrap4/tryit7034.html]
[www.w3schools.com/bootstrap4/tryit27cd.html]
[www.w3schools.com/bootstrap4/tryit15f5.html]
[www.w3schools.com/bootstrap4/tryit2439.html]
[www.w3schools.com/bootstrap4/tryitd00f.html]
[www.w3schools.com/bootstrap4/tryit181c.html]
[www.w3schools.com/bootstrap4/tryit1f37.html]
[www.w3schools.com/bootstrap4/tryit55bb.html]
[www.w3schools.com/bootstrap4/tryit2f49.html]
[www.w3schools.com/bootstrap4/tryitd3a2.html]
[www.w3schools.com/bootstrap4/tryit9e3e.html]
[www.w3schools.com/bootstrap4/tryitce9f.html]
[www.w3schools.com/bootstrap4/tryit5f81.html]
[www.w3schools.com/bootstrap4/tryit5da9.html]
[www.w3schools.com/bootstrap4/tryit6995.html]
[www.w3schools.com/bootstrap4/tryit2afa.html]
[www.w3schools.com/bootstrap4/tryit4bde.html]
[www.w3schools.com/bootstrap4/tryitdc01.html]
[www.w3schools.com/bootstrap4/tryitce9e.html]
[www.w3schools.com/bootstrap4/tryit4600.html]
[www.w3schools.com/bootstrap4/tryit7c15.html]
[www.w3schools.com/bootstrap4/tryit6e22.html]
[www.w3schools.com/bootstrap4/tryitb3bd.html]
[www.w3schools.com/bootstrap4/tryita832.html]
[www.w3schools.com/bootstrap4/tryit51ee.html]
[www.w3schools.com/bootstrap4/tryit4cad.html]
[www.w3schools.com/bootstrap4/tryit9841.html]
[www.w3schools.com/bootstrap4/tryit9cca.html]
[www.w3schools.com/bootstrap4/tryitfbae.html]
[www.w3schools.com/bootstrap4/tryit629d.html]
[www.w3schools.com/bootstrap4/tryit1d23.html]
[www.w3schools.com/bootstrap4/tryitcf8c.html]
[www.w3schools.com/bootstrap4/tryita784.html]
[www.w3schools.com/bootstrap4/tryit786f.html]
[www.w3schools.com/bootstrap4/tryitb386.html]
[www.w3schools.com/bootstrap4/tryit354d.html]
[www.w3schools.com/bootstrap4/tryitb17a.html]
[www.w3schools.com/bootstrap4/tryit5fa2.html]
[www.w3schools.com/bootstrap4/tryit2e06.html]
[www.w3schools.com/bootstrap4/tryitc77e.html]
[www.w3schools.com/bootstrap4/tryit7f6d.html]
[www.w3schools.com/bootstrap4/tryit8799.html]
[www.w3schools.com/bootstrap4/tryitca89.html]
[www.w3schools.com/bootstrap4/tryit3222.html]
[www.w3schools.com/bootstrap4/tryita01d.html]
[www.w3schools.com/bootstrap4/tryite577.html]
[www.w3schools.com/bootstrap4/tryit3c39.html]
[www.w3schools.com/bootstrap4/tryit54ff.html]
[www.w3schools.com/bootstrap4/tryit9d5c.html]
[www.w3schools.com/bootstrap4/tryitd3e8.html]
[www.w3schools.com/bootstrap4/tryitc326.html]
[www.w3schools.com/bootstrap4/tryitc38d.html]
[www.w3schools.com/bootstrap4/tryit224a.html]
[www.w3schools.com/bootstrap4/tryita8c3.html]
[www.w3schools.com/bootstrap4/tryit53e7.html]
[www.w3schools.com/bootstrap4/tryit4110.html]
[www.w3schools.com/bootstrap4/tryit3848.html]
[www.w3schools.com/bootstrap4/tryit6524.html]
[www.w3schools.com/bootstrap4/tryitc0f6.html]
[www.w3schools.com/bootstrap4/tryit0d02.html]
[www.w3schools.com/bootstrap4/tryit0ead.html]
[www.w3schools.com/bootstrap4/tryit9fff.html]
[www.w3schools.com/bootstrap4/tryit509b.html]
[www.w3schools.com/bootstrap4/tryiteaa4.html]
[www.w3schools.com/bootstrap4/tryit5057.html]
[www.w3schools.com/bootstrap4/tryitcb5d.html]
[www.w3schools.com/bootstrap4/tryit04fa.html]
[www.w3schools.com/bootstrap4/tryit89f9.html]
[www.w3schools.com/bootstrap4/tryit3b37.html]
[www.w3schools.com/bootstrap4/tryitbd1b.html]
[www.w3schools.com/bootstrap4/tryit44e5.html]
[www.w3schools.com/bootstrap4/tryitee3f.html]
[www.w3schools.com/bootstrap4/tryitdc53.html]
[www.w3schools.com/bootstrap4/tryit984c.html]
[www.w3schools.com/bootstrap4/tryitdfa7.html]
[www.w3schools.com/bootstrap4/tryit1827.html]
[www.w3schools.com/bootstrap4/tryit3d3e.html]
[www.w3schools.com/bootstrap4/tryitc4cc.html]
[www.w3schools.com/bootstrap4/tryita59e.html]
[www.w3schools.com/bootstrap4/tryite8bd.html]
[www.w3schools.com/bootstrap4/tryit6ee4.html]
[www.w3schools.com/bootstrap4/tryit69df.html]
[www.w3schools.com/bootstrap4/tryita92d.html]
[www.w3schools.com/bootstrap4/tryitc000.html]
[www.w3schools.com/bootstrap4/tryita8d5.html]
[www.w3schools.com/bootstrap4/tryitceee.html]
[www.w3schools.com/bootstrap4/tryitb8ec.html]
[www.w3schools.com/bootstrap4/tryit4d43.html]
[www.w3schools.com/bootstrap4/tryitf037.html]
[www.w3schools.com/bootstrap4/tryit1ddc.html]
[www.w3schools.com/bootstrap4/tryit205c.html]
[www.w3schools.com/bootstrap4/tryit90d0.html]
[www.w3schools.com/bootstrap4/tryit7026.html]
[www.w3schools.com/bootstrap4/tryita26b.html]
[www.w3schools.com/bootstrap4/tryit3d7a.html]
[www.w3schools.com/bootstrap4/tryit6ce8.html]
[www.w3schools.com/bootstrap4/tryitb000.html]
[www.w3schools.com/bootstrap4/tryitf306.html]
[www.w3schools.com/bootstrap4/tryit696c.html]
[www.w3schools.com/bootstrap4/tryit153e.html]
[www.w3schools.com/bootstrap4/tryitd083.html]
[www.w3schools.com/bootstrap4/tryite827.html]
[www.w3schools.com/bootstrap4/tryit1f51.html]
[www.w3schools.com/bootstrap4/tryit8c2c.html]
[www.w3schools.com/bootstrap4/tryit58f6.html]
[www.w3schools.com/bootstrap4/tryit3923.html]
[www.w3schools.com/bootstrap4/tryitb49d.html]
[www.w3schools.com/bootstrap4/tryit8525.html]
[www.w3schools.com/bootstrap4/tryitf55e.html]
[www.w3schools.com/bootstrap4/tryit9924.html]
[www.w3schools.com/bootstrap4/tryitd4ec.html]
[www.w3schools.com/bootstrap4/tryit95da.html]
[www.w3schools.com/bootstrap4/tryit737f.html]
[www.w3schools.com/bootstrap4/tryitc72c.html]
[www.w3schools.com/bootstrap4/tryit409b.html]
[www.w3schools.com/bootstrap4/tryit610a.html]
[www.w3schools.com/bootstrap4/tryitf651.html]
[www.w3schools.com/bootstrap4/tryitdd34.html]
[www.w3schools.com/bootstrap4/tryit40e2.html]
[www.w3schools.com/bootstrap4/tryit9840.html]
[www.w3schools.com/bootstrap4/tryita635.html]
[www.w3schools.com/bootstrap4/tryit80da.html]
[www.w3schools.com/bootstrap4/tryitb305.html]
[www.w3schools.com/bootstrap4/tryit9a5f.html]
[www.w3schools.com/bootstrap4/tryitc11b.html]
[www.w3schools.com/bootstrap4/tryit9ca7.html]
[www.w3schools.com/bootstrap4/tryit4ce5.html]
[www.w3schools.com/bootstrap4/tryitf321.html]
[www.w3schools.com/bootstrap4/tryitf725.html]
[www.w3schools.com/bootstrap4/tryit12f4.html]
[www.w3schools.com/bootstrap4/tryit372d.html]
[www.w3schools.com/bootstrap4/tryitd2b2.html]
[www.w3schools.com/bootstrap4/tryit7ad9.html]
[www.w3schools.com/bootstrap4/tryitdf5d.html]
[www.w3schools.com/bootstrap4/tryit5abe.html]
[www.w3schools.com/bootstrap4/tryitb6e4.html]
[www.w3schools.com/bootstrap4/tryitc5e3.html]
[www.w3schools.com/bootstrap4/tryit936d.html]
[www.w3schools.com/bootstrap4/tryita37b.html]
[www.w3schools.com/bootstrap4/tryita493.html]
[www.w3schools.com/bootstrap4/tryit24f6.html]
[www.w3schools.com/bootstrap4/tryite45d.html]
[www.w3schools.com/bootstrap4/tryitae2d.html]
[www.w3schools.com/bootstrap4/tryit6959.html]
[www.w3schools.com/bootstrap4/tryitf79c.html]
[www.w3schools.com/bootstrap4/tryitaaca.html]
[www.w3schools.com/bootstrap4/tryit33d5.html]
[www.w3schools.com/bootstrap4/tryitd52d.html]
[www.w3schools.com/bootstrap4/tryitfe3b.html]
[www.w3schools.com/bootstrap4/tryita7e3.html]
[www.w3schools.com/bootstrap4/tryit208f.html]
[www.w3schools.com/bootstrap4/tryitba77.html]
[www.w3schools.com/bootstrap4/tryit8324.html]
[www.w3schools.com/bootstrap4/tryit963a.html]
[www.w3schools.com/bootstrap4/tryitd12a.html]
[www.w3schools.com/bootstrap4/tryit7478.html]
[www.w3schools.com/bootstrap4/tryitfcfe.html]
[www.w3schools.com/bootstrap4/tryitf1b0.html]
[www.w3schools.com/bootstrap4/tryit3da0.html]
[www.w3schools.com/bootstrap4/tryitef9a.html]
[www.w3schools.com/bootstrap4/tryit96ac.html]
[www.w3schools.com/bootstrap4/tryita574.html]
[www.w3schools.com/bootstrap4/tryitbc6d.html]
[www.w3schools.com/bootstrap4/tryit5229.html]
[www.w3schools.com/bootstrap4/tryit67b7.html]
[www.w3schools.com/bootstrap4/tryitfb1e.html]
[www.w3schools.com/bootstrap4/tryitcd83.html]
[www.w3schools.com/bootstrap4/tryit30b5.html]
[www.w3schools.com/bootstrap4/tryite4cb.html]
[www.w3schools.com/bootstrap4/tryit5406.html]
[www.w3schools.com/bootstrap4/tryite1ce.html]
[www.w3schools.com/bootstrap4/tryit143f.html]
[www.w3schools.com/bootstrap4/tryitfe89.html]
[www.w3schools.com/bootstrap4/tryitb97a.html]
[www.w3schools.com/bootstrap4/tryit578c.html]
[www.w3schools.com/bootstrap4/tryit5095.html]
[www.w3schools.com/bootstrap4/tryit597f.html]
[www.w3schools.com/bootstrap4/tryit744d.html]
[www.w3schools.com/bootstrap4/tryit021d.html]
[www.w3schools.com/bootstrap4/tryite2ee.html]
[www.w3schools.com/bootstrap4/tryit8213.html]
[www.w3schools.com/bootstrap4/tryita59b.html]
[www.w3schools.com/bootstrap4/tryit362a.html]
[www.w3schools.com/bootstrap4/tryit3dfa.html]
[www.w3schools.com/bootstrap4/tryit589b.html]
[www.w3schools.com/bootstrap4/tryitf90b.html]
[www.w3schools.com/bootstrap4/tryit352c.html]
[www.w3schools.com/bootstrap4/tryitc378.html]
[www.w3schools.com/bootstrap4/tryitef52.html]
[www.w3schools.com/bootstrap4/tryitdab2.html]
[www.w3schools.com/bootstrap4/tryit9816.html]
[www.w3schools.com/bootstrap4/tryitbbdf.html]
[www.w3schools.com/bootstrap4/tryitaae2.html]
[www.w3schools.com/bootstrap4/tryit6ea4.html]
[www.w3schools.com/bootstrap4/tryit1941.html]
[www.w3schools.com/bootstrap4/tryitbb73.html]
[www.w3schools.com/bootstrap4/tryit4bee.html]
[www.w3schools.com/bootstrap4/tryit8e23.html]
[www.w3schools.com/bootstrap4/tryit99eb.html]
[www.w3schools.com/bootstrap4/bootstrap_ref_all_classes.html]
[www.w3schools.com/bootstrap4/bootstrap_exercises.html]
[www.w3schools.com/bootstrap4/bootstrap_quiz.html]
[www.w3schools.com/bootstrap4/exercise_bs4.html]
[www.w3schools.com/bootstrap4/bootstrap_get_started.html]
[www.w3schools.com/bootstrap4/tryitd4d9.html]
[maxcdn.bootstrapcdn.com/bootstrap/4.3.1/css/bootstrap.min.css]
[cdnjs.cloudflare.com/ajax/libs/popper.js/1.14.7/umd/popper.min.js]
[maxcdn.bootstrapcdn.com/bootstrap/4.3.1/js/bootstrap.min.js]
[www.w3schools.com/bootstrap4/tryit0a40.html]
[www.w3schools.com/bootstrap4/tryit274c.html]
[www.w3schools.com/bootstrap4/bootstrap_containers.html]
[www.w3schools.com/bootstrap4/tryita927.html]
[www.w3schools.com/bootstrap4/tryit98a6.html]
[www.w3schools.com/bootstrap4/tryitc236.html]
[www.w3schools.com/bootstrap4/bootstrap_grid_basic.html]
[www.w3schools.com/bootstrap4/tryite1a2.html]
[www.w3schools.com/bootstrap4/tryit7135.html]
[www.w3schools.com/bootstrap4/tryitc1d5.html]
[www.w3schools.com/bootstrap4/tryit149a.html]
[www.w3schools.com/bootstrap4/tryit1968.html]
[www.w3schools.com/bootstrap4/tryit44f5.html]
[www.w3schools.com/bootstrap4/tryit41b3.html]
[www.w3schools.com/bootstrap4/tryit762f.html]
[www.w3schools.com/bootstrap4/tryit259f.html]
[www.w3schools.com/bootstrap4/tryit27af.html]
[www.w3schools.com/bootstrap4/bootstrap_typography.html]
[www.w3schools.com/bootstrap4/tryit8c50.html]
[www.w3schools.com/bootstrap4/bootstrap_colors.html]
[www.w3schools.com/bootstrap4/tryit2134.html]
[www.w3schools.com/bootstrap4/tryit88b5.html]
[www.w3schools.com/bootstrap4/tryitf71a.html]
[www.w3schools.com/bootstrap4/tryit6955.html]
[www.w3schools.com/bootstrap4/tryitcbfc.html]
[www.w3schools.com/bootstrap4/trybs_table_responsive_ifr.html]
[www.w3schools.com/bootstrap4/tryitc80f.html]
[www.w3schools.com/bootstrap4/bootstrap_tables.html]
[www.w3schools.com/bootstrap4/tryita301.html]
[www.w3schools.com/bootstrap4/paris.jpg]
[www.w3schools.com/bootstrap4/newyork.jpg]
[www.w3schools.com/bootstrap4/sanfran.jpg]
[www.w3schools.com/bootstrap4/tryit5fdf.html]
[www.w3schools.com/bootstrap4/tryit6a64.html]
[www.w3schools.com/bootstrap4/tryit99a5.html]
[www.w3schools.com/bootstrap4/tryitbc9a.html]
[www.w3schools.com/bootstrap4/bootstrap_images.html]
[www.w3schools.com/bootstrap4/bootstrap_jumbotron.html]
[www.w3schools.com/bootstrap4/tryitb1db.html]
[www.w3schools.com/bootstrap4/tryiteb88.html]
[www.w3schools.com/bootstrap4/bootstrap_alerts.html]
[www.w3schools.com/bootstrap4/tryit8f86.html]
[www.w3schools.com/bootstrap4/tryit68f7.html]
[www.w3schools.com/bootstrap4/bootstrap_buttons.html]
[www.w3schools.com/bootstrap4/tryit31d7.html]
[www.w3schools.com/bootstrap4/tryit229b.html]
[www.w3schools.com/bootstrap4/tryit5751.html]
[www.w3schools.com/bootstrap4/tryit55b5.html]
[www.w3schools.com/bootstrap4/bootstrap_button_groups.html]
[www.w3schools.com/bootstrap4/tryitd7c4.html]
[www.w3schools.com/bootstrap4/bootstrap_badges.html]
[www.w3schools.com/bootstrap4/tryit6fe4.html]
[maxcdn.bootstrapcdn.com/bootstrap/4.1.3/css/bootstrap.min.css]
[cdnjs.cloudflare.com/ajax/libs/popper.js/1.14.3/umd/popper.min.js]
[maxcdn.bootstrapcdn.com/bootstrap/4.1.3/js/bootstrap.min.js]
[www.w3schools.com/bootstrap4/tryitd794.html]
[www.w3schools.com/bootstrap4/tryit46da.html]
[www.w3schools.com/bootstrap4/tryitb220.html]
[www.w3schools.com/bootstrap4/bootstrap_progressbars.html]
[www.w3schools.com/bootstrap4/tryit61d0.html]
[cdnjs.cloudflare.com/ajax/libs/popper.js/1.14.6/umd/popper.min.js]
[www.w3schools.com/bootstrap4/bootstrap_spinners.html]
[www.w3schools.com/bootstrap4/tryit0e63.html]
[www.w3schools.com/bootstrap4/bootstrap_pagination.html]
[www.w3schools.com/bootstrap4/tryit6bfb.html]
[www.w3schools.com/bootstrap4/tryitb2d2.html]
[www.w3schools.com/bootstrap4/bootstrap_list_groups.html]
[www.w3schools.com/bootstrap4/tryit45d9.html]
[www.w3schools.com/bootstrap4/img_avatar3.png]
[www.w3schools.com/bootstrap4/img_avatar1.png]
[www.w3schools.com/bootstrap4/img_avatar5.png]
[www.w3schools.com/bootstrap4/bootstrap_cards.html]
[www.w3schools.com/bootstrap4/bootstrap_dropdowns.html]
[www.w3schools.com/bootstrap4/tryit526d.html]
[www.w3schools.com/bootstrap4/tryit083a.html]
[www.w3schools.com/bootstrap4/bootstrap_collapse.html]
[www.w3schools.com/bootstrap4/tryit13ec.html]
[www.w3schools.com/bootstrap4/tryitbed2.html]
[www.w3schools.com/bootstrap4/tryitc4e6.html]
[www.w3schools.com/bootstrap4/tryit9ad0.html]
[www.w3schools.com/bootstrap4/tryit3bb8.html]
[www.w3schools.com/bootstrap4/tryitf8f8.html]
[www.w3schools.com/bootstrap4/bootstrap_navs.html]
[www.w3schools.com/bootstrap4/tryit86d5.html]
[www.w3schools.com/bootstrap4/tryite46b.html]
[www.w3schools.com/bootstrap4/tryit023e.html]
[www.w3schools.com/bootstrap4/bird.jpg]
[www.w3schools.com/bootstrap4/tryit7967.html]
[www.w3schools.com/bootstrap4/tryita18e.html]
[www.w3schools.com/bootstrap4/tryit7356.html]
[www.w3schools.com/bootstrap4/tryitdb4d.html]
[www.w3schools.com/bootstrap4/tryit7325.html]
[www.w3schools.com/bootstrap4/trybs_navbar_fixed.html]
[www.w3schools.com/bootstrap4/trybs_navbar_fixed_bottom.html]
[www.w3schools.com/bootstrap4/trybs_navbar_fixed_sticky.html]
[www.w3schools.com/bootstrap4/bootstrap_navbar.html]
[www.w3schools.com/bootstrap4/tryit9f3f.html]
[www.w3schools.com/bootstrap4/tryit5715.html]
[www.w3schools.com/bootstrap4/bootstrap_forms.html]
[www.w3schools.com/bootstrap4/tryitdca9.html]
[www.w3schools.com/bootstrap4/tryitd04d.html]
[www.w3schools.com/bootstrap4/tryitfcc3.html]
[www.w3schools.com/bootstrap4/tryit1460.html]
[www.w3schools.com/bootstrap4/tryit6f92.html]
[www.w3schools.com/bootstrap4/bootstrap_forms_inputs.html]
[www.w3schools.com/bootstrap4/tryit29cb.html]
[www.w3schools.com/bootstrap4/tryit9948.html]
[www.w3schools.com/bootstrap4/tryit9e87.html]
[www.w3schools.com/bootstrap4/tryit7af9.html]
[www.w3schools.com/bootstrap4/tryit395e.html]
[www.w3schools.com/bootstrap4/bootstrap_forms_input_group.html]
[www.w3schools.com/bootstrap4/bootstrap_forms_custom.html]
[www.w3schools.com/bootstrap4/tryite2c6.html]
[www.w3schools.com/bootstrap4/la.jpg]
[www.w3schools.com/bootstrap4/chicago.jpg]
[www.w3schools.com/bootstrap4/ny.jpg]
[www.w3schools.com/bootstrap4/tryitd733.html]
[www.w3schools.com/bootstrap4/bootstrap_carousel.html]
[www.w3schools.com/bootstrap4/tryitfe14.html]
[www.w3schools.com/bootstrap4/tryit850a.html]
[www.w3schools.com/bootstrap4/tryit113f.html]
[www.w3schools.com/bootstrap4/tryitbd51.html]
[www.w3schools.com/bootstrap4/bootstrap_modal.html]
[www.w3schools.com/bootstrap4/tryit495c.html]
[www.w3schools.com/bootstrap4/tryitcdd0.html]
[www.w3schools.com/bootstrap4/bootstrap_tooltip.html]
[www.w3schools.com/bootstrap4/tryit0336.html]
[www.w3schools.com/bootstrap4/tryit748d.html]
[www.w3schools.com/bootstrap4/tryit69d2.html]
[www.w3schools.com/bootstrap4/bootstrap_popover.html]
[www.w3schools.com/bootstrap4/tryitb4cf.html]
[www.w3schools.com/bootstrap4/tryit59dd.html]
[www.w3schools.com/bootstrap4/bootstrap_toast.html]
[www.w3schools.com/bootstrap4/trybs_scrollspy.html]
[www.w3schools.com/bootstrap4/tryita7e1.html]
[www.w3schools.com/bootstrap4/trybs_scrollspy2.html]
[www.w3schools.com/bootstrap4/bootstrap_scrollspy.html]
[www.w3schools.com/bootstrap4/tryit25b3.html]
[www.w3schools.com/bootstrap4/tryit8503.html]
[www.w3schools.com/bootstrap4/tryitea55.html]
[www.w3schools.com/bootstrap4/tryit32da.html]
[www.w3schools.com/bootstrap4/bootstrap_utilities.html]
[www.w3schools.com/bootstrap4/tryit4e5d.html]
[www.w3schools.com/bootstrap4/tryit5519.html]
[www.w3schools.com/bootstrap4/tryitf409.html]
[www.w3schools.com/bootstrap4/tryitf2d0.html]
[www.w3schools.com/bootstrap4/tryit60fd.html]
[www.w3schools.com/bootstrap4/tryit82bf.html]
[www.w3schools.com/bootstrap4/tryit07dc.html]
[www.w3schools.com/bootstrap4/tryit2218.html]
[www.w3schools.com/bootstrap4/tryitee1c.html]
[www.w3schools.com/bootstrap4/tryit516d.html]
[www.w3schools.com/bootstrap4/tryitf016.html]
[www.w3schools.com/bootstrap4/tryit535e.html]
[www.w3schools.com/bootstrap4/tryita0e0.html]
[www.w3schools.com/bootstrap4/tryitb13a.html]
[www.w3schools.com/bootstrap4/tryit083e.html]
[www.w3schools.com/bootstrap4/tryit6d0e.html]
[www.w3schools.com/bootstrap4/tryit243b.html]
[www.w3schools.com/bootstrap4/tryited15.html]
[www.w3schools.com/bootstrap4/tryit0c12.html]
[www.w3schools.com/bootstrap4/tryit97a1.html]
[www.w3schools.com/bootstrap4/bootstrap_flex.html]
[www.w3schools.com/bootstrap4/tryit2477.html]
[www.w3schools.com/bootstrap4/bootstrap_icons.html]
[www.w3schools.com/bootstrap4/tryit16ab.html]
[www.w3schools.com/bootstrap4/img_avatar4.png]
[www.w3schools.com/bootstrap4/tryit77b0.html]
[www.w3schools.com/bootstrap4/tryit77b8.html]
[www.w3schools.com/bootstrap4/tryit2302.html]
[www.w3schools.com/bootstrap4/bootstrap_media_objects.html]
[www.w3schools.com/bootstrap4/tryitaa18.html]
[www.w3schools.com/bootstrap4/tryit19a8.html]
[www.w3schools.com/bootstrap4/tryita804.html]
[www.w3schools.com/bootstrap4/bootstrap_filters.html]
[www.w3schools.com/bootstrap4/tryitdafe.html]
[www.w3schools.com/bootstrap4/bootstrap_grid_system.html]
[www.w3schools.com/bootstrap4/tryitabd1.html]
[www.w3schools.com/bootstrap4/tryitf4dc.html]
[www.w3schools.com/bootstrap4/bootstrap_grid_stacked_to_horizontal.html]
[www.w3schools.com/bootstrap4/tryita8f5.html]
[www.w3schools.com/bootstrap4/tryit2e27.html]
[www.w3schools.com/bootstrap4/tryitc622.html]
[www.w3schools.com/bootstrap4/bootstrap_grid_xsmall.html]
[www.w3schools.com/bootstrap4/tryita4e9.html]
[www.w3schools.com/bootstrap4/bootstrap_grid_small.html]
[www.w3schools.com/bootstrap4/tryitbd5a.html]
[www.w3schools.com/bootstrap4/tryit28f2.html]
[www.w3schools.com/bootstrap4/bootstrap_grid_medium.html]
[www.w3schools.com/bootstrap4/tryitd08a.html]
[www.w3schools.com/bootstrap4/tryit3ba0.html]
[www.w3schools.com/bootstrap4/bootstrap_grid_large.html]
[www.w3schools.com/bootstrap4/tryitd3ea.html]
[www.w3schools.com/bootstrap4/tryit1540.html]
[www.w3schools.com/bootstrap4/tryit25f3.html]
[www.w3schools.com/bootstrap4/bootstrap_grid_xlarge.html]
[maxcdn.bootstrapcdn.com/bootstrap/4.4.1/css/bootstrap.min.css]
[maxcdn.bootstrapcdn.com/bootstrap/4.4.1/js/bootstrap.min.js]
[www.w3schools.com/bootstrap4/tryitdc4d.html]
[www.w3schools.com/bootstrap4/tryite2a9.html]
[www.w3schools.com/bootstrap4/tryit66a7.html]
[www.w3schools.com/bootstrap4/tryit95c2.html]
[www.w3schools.com/bootstrap4/tryit2b7d.html]
[www.w3schools.com/bootstrap4/tryit62e1.html]
[www.w3schools.com/bootstrap4/tryit6afd.html]
[www.w3schools.com/bootstrap4/tryit7c95.html]
[www.w3schools.com/bootstrap4/tryitf541.html]
[www.w3schools.com/bootstrap4/tryit92e2.html]
[www.w3schools.com/bootstrap4/bootstrap_grid_examples.html]
[www.w3schools.com/bootstrap4/bootstrap_templates.html]
[www.w3schools.com/bootstrap4/tryit4f37.html]
[maxcdn.bootstrapcdn.com/bootstrap/4.1.0/css/bootstrap.min.css]
[www.w3schools.com/bootstrap4/bootstrap_exam.html]
[maxcdn.bootstrapcdn.com/bootstrap/4.1.0/js/bootstrap.min.js]
[www.w3schools.com/bootstrap4/tryitd671.html]
[www.w3schools.com/bootstrap4/tryit88f6.html]
[www.w3schools.com/bootstrap4/tryit322a.html]
[www.w3schools.com/bootstrap4/bootstrap_ref_js_alert.html]
[www.w3schools.com/bootstrap4/tryit7673.html]
[www.w3schools.com/bootstrap4/tryit5042.html]
[www.w3schools.com/bootstrap4/tryitd383.html]
[www.w3schools.com/bootstrap4/tryit763a.html]
[www.w3schools.com/bootstrap4/tryitf6fe.html]
[www.w3schools.com/bootstrap4/tryit3e34.html]
[www.w3schools.com/bootstrap4/tryitacfe.html]
[www.w3schools.com/bootstrap4/tryit5f6c.html]
[www.w3schools.com/bootstrap4/tryit6a3e.html]
[www.w3schools.com/bootstrap4/tryit588f.html]
[www.w3schools.com/bootstrap4/tryit3ec9.html]
[www.w3schools.com/bootstrap4/tryitdb23.html]
[www.w3schools.com/bootstrap4/bootstrap_ref_js_button.html]
[www.w3schools.com/bootstrap4/tryit55e2.html]
[www.w3schools.com/bootstrap4/tryit858a.html]
[www.w3schools.com/bootstrap4/tryitb547.html]
[www.w3schools.com/bootstrap4/tryitb5e5.html]
[www.w3schools.com/bootstrap4/tryitfa5c.html]
[www.w3schools.com/bootstrap4/tryit40d6.html]
[www.w3schools.com/bootstrap4/tryitdbff.html]
[www.w3schools.com/bootstrap4/tryitb120.html]
[www.w3schools.com/bootstrap4/tryit732a.html]
[www.w3schools.com/bootstrap4/tryit11d1.html]
[www.w3schools.com/bootstrap4/tryitab31.html]
[www.w3schools.com/bootstrap4/tryit0f41.html]
[www.w3schools.com/bootstrap4/tryit8715.html]
[www.w3schools.com/bootstrap4/tryit6b3a.html]
[www.w3schools.com/bootstrap4/tryit45c8.html]
[www.w3schools.com/bootstrap4/tryitb024.html]
[www.w3schools.com/bootstrap4/tryit5ecf.html]
[www.w3schools.com/bootstrap4/bootstrap_ref_js_carousel.html]
[www.w3schools.com/bootstrap4/tryit20e2.html]
[www.w3schools.com/bootstrap4/tryit5136.html]
[www.w3schools.com/bootstrap4/tryit1e21.html]
[www.w3schools.com/bootstrap4/tryit340d.html]
[www.w3schools.com/bootstrap4/tryit9a54.html]
[www.w3schools.com/bootstrap4/tryitfb9e.html]
[www.w3schools.com/bootstrap4/bootstrap_ref_js_collapse.html]
[www.w3schools.com/bootstrap4/tryit8524.html]
[www.w3schools.com/bootstrap4/tryit8205.html]
[www.w3schools.com/bootstrap4/tryit667c.html]
[www.w3schools.com/bootstrap4/tryit2a1d.html]
[www.w3schools.com/bootstrap4/tryitc5f2.html]
[www.w3schools.com/bootstrap4/tryit4dfb.html]
[www.w3schools.com/bootstrap4/tryitcbc4.html]
[www.w3schools.com/bootstrap4/tryit8d83.html]
[www.w3schools.com/bootstrap4/tryitdebd.html]
[www.w3schools.com/bootstrap4/tryitf947.html]
[www.w3schools.com/bootstrap4/tryit32d2.html]
[www.w3schools.com/bootstrap4/bootstrap_ref_js_dropdown.html]
[www.w3schools.com/bootstrap4/tryit9c98.html]
[www.w3schools.com/bootstrap4/tryit2d30.html]
[www.w3schools.com/bootstrap4/tryit4b02.html]
[www.w3schools.com/bootstrap4/tryitfbcd.html]
[www.w3schools.com/bootstrap4/tryit3547.html]
[www.w3schools.com/bootstrap4/tryitc60a.html]
[www.w3schools.com/bootstrap4/tryit82c5.html]
[www.w3schools.com/bootstrap4/tryitac10.html]
[www.w3schools.com/bootstrap4/tryita6d7.html]
[www.w3schools.com/bootstrap4/tryit093d.html]
[www.w3schools.com/bootstrap4/tryit5d78.html]
[www.w3schools.com/bootstrap4/tryit23d0.html]
[www.w3schools.com/bootstrap4/tryit00e0.html]
[www.w3schools.com/bootstrap4/tryit6475.html]
[www.w3schools.com/bootstrap4/tryitee71.html]
[www.w3schools.com/bootstrap4/tryit4e49.html]
[www.w3schools.com/bootstrap4/bootstrap_ref_js_modal.html]
[www.w3schools.com/bootstrap4/tryit6e06.html]
[www.w3schools.com/bootstrap4/tryit0473.html]
[www.w3schools.com/bootstrap4/tryit5213.html]
[www.w3schools.com/bootstrap4/tryitcd0b.html]
[www.w3schools.com/bootstrap4/tryit5643.html]
[www.w3schools.com/bootstrap4/tryit1bd8.html]
[www.w3schools.com/bootstrap4/tryit8d55.html]
[www.w3schools.com/bootstrap4/tryitc5ff.html]
[www.w3schools.com/bootstrap4/tryit8cf6.html]
[www.w3schools.com/bootstrap4/tryit1f1f.html]
[www.w3schools.com/bootstrap4/tryit450b.html]
[www.w3schools.com/bootstrap4/bootstrap_ref_js_popover.html]
[www.w3schools.com/bootstrap4/tryit05c4.html]
[www.w3schools.com/bootstrap4/tryit8b72.html]
[www.w3schools.com/bootstrap4/bootstrap_ref_js_scrollspy.html]
[www.w3schools.com/bootstrap4/tryitca51.html]
[www.w3schools.com/bootstrap4/tryit20f8.html]
[www.w3schools.com/bootstrap4/tryitcebe.html]
[www.w3schools.com/bootstrap4/tryit8a3a.html]
[www.w3schools.com/bootstrap4/tryita7da.html]
[www.w3schools.com/bootstrap4/tryit610b.html]
[www.w3schools.com/bootstrap4/tryit3261.html]
[www.w3schools.com/bootstrap4/tryit1bbb.html]
[www.w3schools.com/bootstrap4/bootstrap_ref_js_tab.html]
[www.w3schools.com/bootstrap4/tryitee61.html]
[www.w3schools.com/bootstrap4/tryit42f6.html]
[www.w3schools.com/bootstrap4/tryitf049.html]
[www.w3schools.com/bootstrap4/tryit587e.html]
[www.w3schools.com/bootstrap4/tryit4c46.html]
[www.w3schools.com/bootstrap4/tryite73e.html]
[www.w3schools.com/bootstrap4/tryit81a4.html]
[www.w3schools.com/bootstrap4/bootstrap_ref_js_toasts.html]
[www.w3schools.com/bootstrap4/tryit1a55.html]
[www.w3schools.com/bootstrap4/tryit578a.html]
[www.w3schools.com/bootstrap4/tryit72ff.html]
[www.w3schools.com/bootstrap4/tryitac4e.html]
[www.w3schools.com/bootstrap4/tryit67bd.html]
[www.w3schools.com/bootstrap4/tryitf434.html]
[www.w3schools.com/bootstrap4/tryit2f3b.html]
[www.w3schools.com/bootstrap4/tryit325f.html]
[www.w3schools.com/bootstrap4/tryitdc16.html]
[www.w3schools.com/bootstrap4/tryit3177.html]
[www.w3schools.com/bootstrap4/tryita81e.html]
[www.w3schools.com/bootstrap4/bootstrap_ref_js_tooltip.html]
[www.w3schools.com/bootstrap4/tryitece1.html]
[www.w3schools.com/lib/codemirror.css]
[www.w3schools.com/lib/codemirror.js]
[www.w3schools.com/lib/codemirror_jsx.js]
[cdn.jsdelivr.net/npm/bootstrap@4.6.2/dist/css/bootstrap.min.css]
[cdn.jsdelivr.net/npm/jquery@3.6.3/dist/jquery.slim.min.js]
[cdn.jsdelivr.net/npm/popper.js@1.16.1/dist/umd/popper.min.js]
[cdn.jsdelivr.net/npm/bootstrap@4.6.2/dist/js/bootstrap.bundle.min.js]
[www.w3schools.com/lib/spaceit2c70.js]
[www.w3schools.com/lib/spaceit.css]
[www.w3schools.com/bootstrap4/tryit689b.html]
[www.w3schools.com/bootstrap4/trybs_template1.html]
[www.w3schools.com/bootstrap4/tryit0874.html]
[connect.facebook.net/nb_NO/sdk.js]
[www.w3schools.com/bootstrap4/exercise_bs40849.html]
[www.w3schools.com/bootstrap4/exercise_bs478d4.html]
[www.w3schools.com/bootstrap4/exercise_bs4d0c4.html]
[www.w3schools.com/bootstrap4/exercise_bs424fa.html]
[www.w3schools.com/bootstrap4/exercise_bs4d76e.html]
[www.w3schools.com/bootstrap4/exercise_bs440d1.html]
[www.w3schools.com/bootstrap4/exercise_bs43d67.html]
[www.w3schools.com/bootstrap4/exercise_bs4f43a.html]
[www.w3schools.com/bootstrap4/exercise_bs4ca26.html]
[www.w3schools.com/bootstrap4/exercise_bs4ab9d.html]
[www.w3schools.com/bootstrap4/exercise_bs48cab.html]
[www.w3schools.com/bootstrap4/exercise_bs4836d.html]
[www.w3schools.com/bootstrap4/exercise_bs4fab1.html]
[www.w3schools.com/bootstrap4/exercise_bs4ef25.html]
[www.w3schools.com/bootstrap4/exercise_bs4eaa7.html]
[www.w3schools.com/bootstrap4/exercise_bs4f2cd.html]
[www.w3schools.com/bootstrap4/exercise_bs466fd.html]
[www.w3schools.com/bootstrap4/exercise_bs48b3b.html]
[www.w3schools.com/bootstrap4/exercise_bs45afd.html]
[www.w3schools.com/bootstrap4/exercise_bs448cf.html]
[www.w3schools.com/bootstrap4/exercise_bs44e92.html]
[www.w3schools.com/bootstrap4/exercise_bs42d49.html]
[www.w3schools.com/bootstrap4/exercise_bs4e3a0.html]
[www.w3schools.com/bootstrap4/exercise_bs4b9eb.html]
[www.w3schools.com/bootstrap4/exercise_bs4fc33.html]
[www.w3schools.com/bootstrap4/exercise_bs453cb.html]
[www.w3schools.com/bootstrap4/exercise_bs4218b.html]
[www.w3schools.com/bootstrap4/exercise_bs44f56.html]
[www.w3schools.com/bootstrap4/exercise_bs49786.html]
[www.w3schools.com/bootstrap4/exercise_bs4ae0c.html]
[www.w3schools.com/bootstrap4/exercise_bs49964.html]
[www.w3schools.com/bootstrap4/exercise_bs47971.html]
[www.w3schools.com/bootstrap4/exercise_bs433c5.html]
[www.w3schools.com/bootstrap4/exercise_bs4ca24.html]
[www.w3schools.com/bootstrap4/exercise_bs4285b.html]
[www.w3schools.com/bootstrap4/exercise_bs44382.html]
[www.w3schools.com/bootstrap4/exercise_bs40676.html]
[www.w3schools.com/bootstrap4/exercise_bs44832.html]
[www.w3schools.com/bootstrap4/exercise_bs43287.html]
[www.w3schools.com/bootstrap4/exercise_bs4c18d.html]
[www.w3schools.com/bootstrap4/exercise_bs4a7ea.html]
[www.w3schools.com/bootstrap4/exercise_bs46c6f.html]
[www.w3schools.com/bootstrap4/exercise_bs47951.html]
[www.w3schools.com/bootstrap4/exercise_bs4267c.html]
[www.w3schools.com/bootstrap4/exercise_bs40af5.html]
[www.w3schools.com/bootstrap4/exercise_bs44660.html]
[www.w3schools.com/bootstrap4/exercise_bs41e99.html]
[www.w3schools.com/bootstrap4/exercise_bs4bcaf.html]
[www.w3schools.com/bootstrap4/exercise_bs41d9b.html]
[www.w3schools.com/bootstrap4/React.html]
[www.w3schools.com/bootstrap4/Node.html]
[www.w3schools.com/lib/fonts/source-code-pro-v14-latin-regular.svg]
[www.w3schools.com/lib/fonts/roboto-mono-v13-latin-500.svg]
[www.w3schools.com/lib/fonts/source-sans-pro-v14-latin-700.svg]
[www.w3schools.com/lib/fonts/source-sans-pro-v14-latin-600.svg]
[www.w3schools.com/lib/fonts/freckle-face-v9-latin-regular.svg]
[www.w3schools.com/lib/fonts/montserrat-v18-latin-regular.svg]
[www.w3schools.com/lib/fonts/fontawesome8deb.svg]
[maxcdn.bootstrapcdn.com/bootstrap/4.2.1/css/bootstrap.min.css]
[www.w3schools.com/bootstrap4/w3-fix.css]
[cdnjs.cloudflare.com/ajax/libs/font-awesome/4.7.0/css/font-awesome.min.css]
[www.w3schools.com/bootstrap4/tryit2582.html]
[www.w3schools.com/bootstrap4/tryitd069.html]
[www.w3schools.com/bootstrap4/tryit0b62.html]
[www.w3schools.com/bootstrap4/tryit1e14.html]
[www.w3schools.com/bootstrap4/tryit8d2c.html]
[www.w3schools.com/bootstrap4/tryit5d59.html]
[www.w3schools.com/bootstrap4/tryit8678.html]
[www.w3schools.com/bootstrap4/tryit4786.html]
[www.w3schools.com/bootstrap4/tryitf675.html]
[www.w3schools.com/bootstrap4/tryitf4f8.html]
[www.w3schools.com/bootstrap4/tryitc127.html]
[www.w3schools.com/bootstrap4/tryitcff1.html]
[www.w3schools.com/bootstrap4/tryitac8f.html]
[www.w3schools.com/bootstrap4/tryitf13f.html]
[www.w3schools.com/bootstrap4/tryitcaa5.html]
[www.w3schools.com/bootstrap4/tryitdcb8.html]
[www.w3schools.com/bootstrap4/tryitb879.html]
[www.w3schools.com/bootstrap4/tryitcf03.html]
[www.w3schools.com/bootstrap4/tryit4596.html]
[www.w3schools.com/bootstrap4/tryit5798.html]
[www.w3schools.com/bootstrap4/tryit4a3e.html]
[www.w3schools.com/bootstrap4/tryitc2a3.html]
[www.w3schools.com/bootstrap4/tryita6af.html]
[www.w3schools.com/bootstrap4/tryit7115.html]
[www.w3schools.com/bootstrap4/tryit36ec.html]
[www.w3schools.com/bootstrap4/tryit8366.html]
[www.w3schools.com/bootstrap4/tryitf850.html]
[www.w3schools.com/bootstrap4/tryitbfa0.html]
[www.w3schools.com/bootstrap4/tryit5eee.html]
[www.w3schools.com/bootstrap4/tryit359f.html]
[www.w3schools.com/bootstrap4/tryitabeb.html]
[www.w3schools.com/bootstrap4/tryit0ced.html]
[www.w3schools.com/bootstrap4/tryit87a3.html]
[www.w3schools.com/bootstrap4/tryit6c20.html]
[www.w3schools.com/bootstrap4/tryit7034.html]
[www.w3schools.com/bootstrap4/tryit27cd.html]
[www.w3schools.com/bootstrap4/tryit15f5.html]
[www.w3schools.com/bootstrap4/tryit2439.html]
[www.w3schools.com/bootstrap4/tryitd00f.html]
[www.w3schools.com/bootstrap4/tryit181c.html]
[www.w3schools.com/bootstrap4/tryit1f37.html]
[www.w3schools.com/bootstrap4/tryit55bb.html]
[www.w3schools.com/bootstrap4/tryit2f49.html]
[www.w3schools.com/bootstrap4/tryitd3a2.html]
[www.w3schools.com/bootstrap4/tryit9e3e.html]
[www.w3schools.com/bootstrap4/tryitce9f.html]
[www.w3schools.com/bootstrap4/tryit5f81.html]
[www.w3schools.com/bootstrap4/tryit5da9.html]
[www.w3schools.com/bootstrap4/tryit6995.html]
[www.w3schools.com/bootstrap4/tryit2afa.html]
[www.w3schools.com/bootstrap4/tryit4bde.html]
[www.w3schools.com/bootstrap4/tryitdc01.html]
[www.w3schools.com/bootstrap4/exercise_bs41e90.html]
[www.w3schools.com/bootstrap4/img_avatar6.png]
[www.w3schools.com/bootstrap4/tryitce9e.html]
[www.w3schools.com/bootstrap4/tryit4600.html]
[www.w3schools.com/bootstrap4/tryit7c15.html]
[www.w3schools.com/bootstrap4/tryit6e22.html]
[www.w3schools.com/bootstrap4/tryitb3bd.html]
[www.w3schools.com/bootstrap4/tryita832.html]
[www.w3schools.com/bootstrap4/bootstrap_utilites.html]
[www.w3schools.com/bootstrap4/tryit51ee.html]
[www.w3schools.com/bootstrap4/tryit4cad.html]
[www.w3schools.com/bootstrap4/tryit9841.html]
[www.w3schools.com/bootstrap4/tryit9cca.html]
[www.w3schools.com/bootstrap4/tryitfbae.html]
[www.w3schools.com/bootstrap4/tryit629d.html]
[www.w3schools.com/bootstrap4/tryit1d23.html]
[www.w3schools.com/bootstrap4/tryitcf8c.html]
[www.w3schools.com/bootstrap4/tryita784.html]
[www.w3schools.com/bootstrap4/tryit786f.html]
[www.w3schools.com/bootstrap4/tryitb386.html]
[maxcdn.bootstrapcdn.com/bootstrap/4.5.0/css/bootstrap.min.css]
[ajax.googleapis.com/ajax/libs/jquery/3.5.1/jquery.min.js]
[www.w3schools.com/bootstrap4/tryit354d.html]
[www.w3schools.com/bootstrap4/tryitb17a.html]
[www.w3schools.com/bootstrap4/tryit5fa2.html]
[www.w3schools.com/bootstrap4/tryit2e06.html]
[www.w3schools.com/bootstrap4/tryitc77e.html]
[www.w3schools.com/bootstrap4/tryit7f6d.html]
[www.w3schools.com/bootstrap4/tryit8799.html]
[www.w3schools.com/bootstrap4/tryitca89.html]
[www.w3schools.com/bootstrap4/tryit3222.html]
[www.w3schools.com/bootstrap4/tryita01d.html]
[www.w3schools.com/bootstrap4/tryite577.html]
[www.w3schools.com/bootstrap4/tryit3c39.html]
[www.w3schools.com/bootstrap4/tryit54ff.html]
[www.w3schools.com/bootstrap4/tryit9d5c.html]
[www.w3schools.com/bootstrap4/tryitd3e8.html]
[www.w3schools.com/bootstrap4/tryitc326.html]
[www.w3schools.com/bootstrap4/tryitc38d.html]
[www.w3schools.com/bootstrap4/tryit224a.html]
[www.w3schools.com/bootstrap4/tryita8c3.html]
[www.w3schools.com/bootstrap4/tryit53e7.html]
[www.w3schools.com/bootstrap4/tryit4110.html]
[www.w3schools.com/bootstrap4/tryit3848.html]
[www.w3schools.com/bootstrap4/tryit6524.html]
[www.w3schools.com/bootstrap4/tryitc0f6.html]
[www.w3schools.com/bootstrap4/tryit0d02.html]
[www.w3schools.com/bootstrap4/tryit0ead.html]
[www.w3schools.com/bootstrap4/tryit9fff.html]
[www.w3schools.com/bootstrap4/tryit509b.html]
[www.w3schools.com/bootstrap4/tryiteaa4.html]
[www.w3schools.com/bootstrap4/tryit5057.html]
[www.w3schools.com/bootstrap4/tryitcb5d.html]
[www.w3schools.com/bootstrap4/tryit04fa.html]
[www.w3schools.com/bootstrap4/tryit89f9.html]
[www.w3schools.com/bootstrap4/tryit3b37.html]
[www.w3schools.com/bootstrap4/tryitbd1b.html]
[www.w3schools.com/bootstrap4/tryit44e5.html]
[www.w3schools.com/bootstrap4/tryitee3f.html]
[www.w3schools.com/bootstrap4/tryitdc53.html]
[www.w3schools.com/bootstrap4/tryit984c.html]
[www.w3schools.com/bootstrap4/tryitdfa7.html]
[www.w3schools.com/bootstrap4/tryit1827.html]
[www.w3schools.com/bootstrap4/tryit3d3e.html]
[www.w3schools.com/bootstrap4/tryitc4cc.html]
[www.w3schools.com/bootstrap4/tryita59e.html]
[www.w3schools.com/bootstrap4/tryite8bd.html]
[www.w3schools.com/bootstrap4/tryit6ee4.html]
[www.w3schools.com/bootstrap4/tryit69df.html]
[www.w3schools.com/bootstrap4/tryita92d.html]
[www.w3schools.com/bootstrap4/tryitc000.html]
[www.w3schools.com/bootstrap4/tryita8d5.html]
[www.w3schools.com/bootstrap4/tryitceee.html]
[www.w3schools.com/bootstrap4/tryitb8ec.html]
[www.w3schools.com/bootstrap4/tryit4d43.html]
[www.w3schools.com/bootstrap4/tryitf037.html]
[www.w3schools.com/bootstrap4/tryit1ddc.html]
[www.w3schools.com/bootstrap4/tryit205c.html]
[www.w3schools.com/bootstrap4/tryit90d0.html]
[www.w3schools.com/bootstrap4/tryit7026.html]
[www.w3schools.com/bootstrap4/tryita26b.html]
[www.w3schools.com/bootstrap4/tryit3d7a.html]
[www.w3schools.com/bootstrap4/tryit6ce8.html]
[www.w3schools.com/bootstrap4/tryitb000.html]
[www.w3schools.com/bootstrap4/tryitf306.html]
[www.w3schools.com/bootstrap4/tryit696c.html]
[www.w3schools.com/bootstrap4/tryit153e.html]
[www.w3schools.com/bootstrap4/tryitd083.html]
[www.w3schools.com/bootstrap4/tryite827.html]
[maxcdn.bootstrapcdn.com/bootstrap/4.5.0/js/bootstrap.min.js]
[www.w3schools.com/bootstrap4/img_chania.jpg]
[www.w3schools.com/bootstrap4/tryit1f51.html]
[www.w3schools.com/bootstrap4/cinqueterre.jpg]
[www.w3schools.com/bootstrap4/tryit8c2c.html]
[www.w3schools.com/bootstrap4/tryit58f6.html]
[www.w3schools.com/bootstrap4/tryit3923.html]
[www.w3schools.com/bootstrap4/tryitb49d.html]
[www.w3schools.com/bootstrap4/tryit8525.html]
[www.w3schools.com/bootstrap4/tryitf55e.html]
[www.w3schools.com/bootstrap4/tryit9924.html]
[www.w3schools.com/bootstrap4/tryitd4ec.html]
[www.w3schools.com/bootstrap4/tryit95da.html]
[www.w3schools.com/bootstrap4/tryit737f.html]
[www.w3schools.com/bootstrap4/tryitc72c.html]
[www.w3schools.com/bootstrap4/tryit409b.html]
[www.w3schools.com/bootstrap4/tryit610a.html]
[www.w3schools.com/bootstrap4/tryitf651.html]
[www.w3schools.com/bootstrap4/tryitdd34.html]
[www.w3schools.com/bootstrap4/tryit40e2.html]
[www.w3schools.com/bootstrap4/tryit9840.html]
[www.w3schools.com/bootstrap4/tryita635.html]
[www.w3schools.com/bootstrap4/tryit80da.html]
[www.w3schools.com/bootstrap4/tryitb305.html]
[www.w3schools.com/bootstrap4/tryit9a5f.html]
[www.w3schools.com/bootstrap4/tryitc11b.html]
[www.w3schools.com/bootstrap4/tryit9ca7.html]
[www.w3schools.com/bootstrap4/tryit4ce5.html]
[www.w3schools.com/bootstrap4/tryitf321.html]
[www.w3schools.com/bootstrap4/tryitf725.html]
[www.w3schools.com/bootstrap4/tryit12f4.html]
[www.w3schools.com/bootstrap4/tryit372d.html]
[www.w3schools.com/bootstrap4/tryitd2b2.html]
[www.w3schools.com/bootstrap4/tryit7ad9.html]
[www.w3schools.com/bootstrap4/tryitdf5d.html]
[www.w3schools.com/bootstrap4/tryit5abe.html]
[www.w3schools.com/bootstrap4/tryitb6e4.html]
[www.w3schools.com/bootstrap4/tryitc5e3.html]
[www.w3schools.com/bootstrap4/tryit936d.html]
[www.w3schools.com/bootstrap4/tryita37b.html]
[www.w3schools.com/bootstrap4/tryita493.html]
[www.w3schools.com/bootstrap4/tryit24f6.html]
[www.w3schools.com/bootstrap4/tryite45d.html]
[www.w3schools.com/bootstrap4/tryitae2d.html]
[www.w3schools.com/bootstrap4/tryit6959.html]
[www.w3schools.com/bootstrap4/tryitf79c.html]
[www.w3schools.com/bootstrap4/tryitaaca.html]
[www.w3schools.com/bootstrap4/tryit33d5.html]
[www.w3schools.com/bootstrap4/tryitd52d.html]
[www.w3schools.com/bootstrap4/tryitfe3b.html]
[www.w3schools.com/bootstrap4/tryita7e3.html]
[www.w3schools.com/bootstrap4/tryit208f.html]
[www.w3schools.com/bootstrap4/tryitba77.html]
[www.w3schools.com/bootstrap4/tryit8324.html]
[www.w3schools.com/bootstrap4/tryit963a.html]
[www.w3schools.com/bootstrap4/tryitd12a.html]
[www.w3schools.com/bootstrap4/tryit7478.html]
[www.w3schools.com/bootstrap4/tryitfcfe.html]
[www.w3schools.com/bootstrap4/bootstrap_ref_css_helpers.html]
[www.w3schools.com/bootstrap4/tryitf1b0.html]
[www.w3schools.com/bootstrap4/tryit3da0.html]
[www.w3schools.com/bootstrap4/tryitef9a.html]
[www.w3schools.com/bootstrap4/tryit96ac.html]
[www.w3schools.com/bootstrap4/tryita574.html]
[www.w3schools.com/bootstrap4/tryitbc6d.html]
[www.w3schools.com/bootstrap4/tryit5229.html]
[www.w3schools.com/bootstrap4/tryit67b7.html]
[www.w3schools.com/bootstrap4/tryitfb1e.html]
[www.w3schools.com/bootstrap4/tryitcd83.html]
[www.w3schools.com/bootstrap4/tryit30b5.html]
[www.w3schools.com/bootstrap4/tryite4cb.html]
[www.w3schools.com/bootstrap4/tryit5406.html]
[www.w3schools.com/bootstrap4/tryite1ce.html]
[www.w3schools.com/bootstrap4/tryit143f.html]
[www.w3schools.com/bootstrap4/tryitfe89.html]
[www.w3schools.com/bootstrap4/tryitb97a.html]
[www.w3schools.com/bootstrap4/tryit578c.html]
[www.w3schools.com/bootstrap4/tryit5095.html]
[www.w3schools.com/bootstrap4/tryit597f.html]
[www.w3schools.com/bootstrap4/tryit744d.html]
[www.w3schools.com/bootstrap4/tryit021d.html]
[www.w3schools.com/bootstrap4/tryite2ee.html]
[www.w3schools.com/bootstrap4/tryit8213.html]
[www.w3schools.com/bootstrap4/tryita59b.html]
[www.w3schools.com/bootstrap4/tryit362a.html]
[www.w3schools.com/bootstrap4/tryit3dfa.html]
[www.w3schools.com/bootstrap4/tryit589b.html]
[www.w3schools.com/bootstrap4/tryitf90b.html]
[www.w3schools.com/bootstrap4/tryit352c.html]
[www.w3schools.com/bootstrap4/tryitc378.html]
[www.w3schools.com/bootstrap4/tryitef52.html]
[www.w3schools.com/bootstrap4/tryitdab2.html]
[www.w3schools.com/bootstrap4/tryit9816.html]
[www.w3schools.com/bootstrap4/tryitbbdf.html]
[www.w3schools.com/bootstrap4/tryitaae2.html]
[www.w3schools.com/bootstrap4/tryit6ea4.html]
[www.w3schools.com/bootstrap4/tryit1941.html]
[www.w3schools.com/bootstrap4/tryitbb73.html]
[www.w3schools.com/bootstrap4/tryit4bee.html]
[www.w3schools.com/bootstrap4/tryit8e23.html]
[www.w3schools.com/bootstrap4/tryit99eb.html]
[www.w3schools.com/bootstrap4/exercise_bs4.html]
[www.w3schools.com/bootstrap4/tryitd4d9.html]
[maxcdn.bootstrapcdn.com/bootstrap/4.3.1/css/bootstrap.min.css]
[www.w3schools.com/bootstrap4/tryit0a40.html]
[www.w3schools.com/bootstrap4/tryit274c.html]
[www.w3schools.com/bootstrap4/tryita927.html]
[www.w3schools.com/bootstrap4/tryit98a6.html]
[www.w3schools.com/bootstrap4/tryitc236.html]
[www.w3schools.com/bootstrap4/tryite1a2.html]
[www.w3schools.com/bootstrap4/tryit7135.html]
[www.w3schools.com/bootstrap4/tryitc1d5.html]
[www.w3schools.com/bootstrap4/tryit149a.html]
[www.w3schools.com/bootstrap4/tryit1968.html]
[www.w3schools.com/bootstrap4/tryit44f5.html]
[www.w3schools.com/bootstrap4/tryit41b3.html]
[www.w3schools.com/bootstrap4/tryit762f.html]
[www.w3schools.com/bootstrap4/tryit259f.html]
[www.w3schools.com/bootstrap4/tryit27af.html]
[www.w3schools.com/bootstrap4/tryit8c50.html]
[www.w3schools.com/bootstrap4/tryit2134.html]
[www.w3schools.com/bootstrap4/tryit88b5.html]
[www.w3schools.com/bootstrap4/tryitf71a.html]
[www.w3schools.com/bootstrap4/tryit6955.html]
[www.w3schools.com/bootstrap4/tryitcbfc.html]
[www.w3schools.com/bootstrap4/trybs_table_responsive_ifr.html]
[www.w3schools.com/bootstrap4/tryitc80f.html]
[www.w3schools.com/bootstrap4/tryita301.html]
[www.w3schools.com/bootstrap4/tryit5fdf.html]
[www.w3schools.com/bootstrap4/tryit6a64.html]
[www.w3schools.com/bootstrap4/tryit99a5.html]
[www.w3schools.com/bootstrap4/tryitbc9a.html]
[www.w3schools.com/bootstrap4/tryitb1db.html]
[www.w3schools.com/bootstrap4/tryiteb88.html]
[www.w3schools.com/bootstrap4/tryit8f86.html]
[www.w3schools.com/bootstrap4/tryit68f7.html]
[www.w3schools.com/bootstrap4/tryit31d7.html]
[www.w3schools.com/bootstrap4/tryit229b.html]
[www.w3schools.com/bootstrap4/tryit5751.html]
[www.w3schools.com/bootstrap4/tryit55b5.html]
[www.w3schools.com/bootstrap4/tryitd7c4.html]
[www.w3schools.com/bootstrap4/tryit6fe4.html]
[maxcdn.bootstrapcdn.com/bootstrap/4.1.3/css/bootstrap.min.css]
[www.w3schools.com/bootstrap4/tryitd794.html]
[www.w3schools.com/bootstrap4/tryit46da.html]
[www.w3schools.com/bootstrap4/tryitb220.html]
[www.w3schools.com/bootstrap4/tryit61d0.html]
[www.w3schools.com/bootstrap4/tryit0e63.html]
[www.w3schools.com/bootstrap4/tryit6bfb.html]
[www.w3schools.com/bootstrap4/tryitb2d2.html]
[www.w3schools.com/bootstrap4/tryit45d9.html]
[www.w3schools.com/bootstrap4/tryit526d.html]
[www.w3schools.com/bootstrap4/tryit083a.html]
[www.w3schools.com/bootstrap4/tryit13ec.html]
[www.w3schools.com/bootstrap4/tryitbed2.html]
[www.w3schools.com/bootstrap4/tryitc4e6.html]
[www.w3schools.com/bootstrap4/tryit9ad0.html]
[www.w3schools.com/bootstrap4/tryit3bb8.html]
[www.w3schools.com/bootstrap4/tryitf8f8.html]
[www.w3schools.com/bootstrap4/tryit86d5.html]
[www.w3schools.com/bootstrap4/tryite46b.html]
[www.w3schools.com/bootstrap4/tryit023e.html]
[www.w3schools.com/bootstrap4/tryit7967.html]
[www.w3schools.com/bootstrap4/tryita18e.html]
[www.w3schools.com/bootstrap4/tryit7356.html]
[www.w3schools.com/bootstrap4/tryitdb4d.html]
[www.w3schools.com/bootstrap4/tryit7325.html]
[www.w3schools.com/bootstrap4/trybs_navbar_fixed.html]
[www.w3schools.com/bootstrap4/trybs_navbar_fixed_bottom.html]
[www.w3schools.com/bootstrap4/trybs_navbar_fixed_sticky.html]
[www.w3schools.com/bootstrap4/tryit9f3f.html]
[www.w3schools.com/bootstrap4/tryit5715.html]
[www.w3schools.com/bootstrap4/tryitdca9.html]
[www.w3schools.com/bootstrap4/tryitd04d.html]
[www.w3schools.com/bootstrap4/tryitfcc3.html]
[www.w3schools.com/bootstrap4/tryit1460.html]
[www.w3schools.com/bootstrap4/tryit6f92.html]
[www.w3schools.com/bootstrap4/tryit29cb.html]
[www.w3schools.com/bootstrap4/tryit9948.html]
[www.w3schools.com/bootstrap4/tryit9e87.html]
[www.w3schools.com/bootstrap4/tryit7af9.html]
[www.w3schools.com/bootstrap4/tryit395e.html]
[www.w3schools.com/bootstrap4/tryite2c6.html]
[www.w3schools.com/bootstrap4/tryitd733.html]
[www.w3schools.com/bootstrap4/tryitfe14.html]
[www.w3schools.com/bootstrap4/tryit850a.html]
[www.w3schools.com/bootstrap4/tryit113f.html]
[www.w3schools.com/bootstrap4/tryitbd51.html]
[www.w3schools.com/bootstrap4/tryit495c.html]
[www.w3schools.com/bootstrap4/tryitcdd0.html]
[www.w3schools.com/bootstrap4/tryit0336.html]
[www.w3schools.com/bootstrap4/tryit748d.html]
[www.w3schools.com/bootstrap4/tryit69d2.html]
[www.w3schools.com/bootstrap4/tryitb4cf.html]
[www.w3schools.com/bootstrap4/tryit59dd.html]
[www.w3schools.com/bootstrap4/trybs_scrollspy.html]
[www.w3schools.com/bootstrap4/tryita7e1.html]
[www.w3schools.com/bootstrap4/trybs_scrollspy2.html]
[www.w3schools.com/bootstrap4/tryit25b3.html]
[www.w3schools.com/bootstrap4/tryit8503.html]
[www.w3schools.com/bootstrap4/tryitea55.html]
[www.w3schools.com/bootstrap4/tryit32da.html]
[www.w3schools.com/bootstrap4/tryit4e5d.html]
[www.w3schools.com/bootstrap4/tryit5519.html]
[www.w3schools.com/bootstrap4/tryitf409.html]
[www.w3schools.com/bootstrap4/tryitf2d0.html]
[www.w3schools.com/bootstrap4/tryit60fd.html]
[www.w3schools.com/bootstrap4/tryit82bf.html]
[www.w3schools.com/bootstrap4/tryit07dc.html]
[www.w3schools.com/bootstrap4/tryit2218.html]
[www.w3schools.com/bootstrap4/tryitee1c.html]
[www.w3schools.com/bootstrap4/tryit516d.html]
[www.w3schools.com/bootstrap4/tryitf016.html]
[www.w3schools.com/bootstrap4/tryit535e.html]
[www.w3schools.com/bootstrap4/tryita0e0.html]
[www.w3schools.com/bootstrap4/tryitb13a.html]
[www.w3schools.com/bootstrap4/tryit083e.html]
[www.w3schools.com/bootstrap4/tryit6d0e.html]
[www.w3schools.com/bootstrap4/tryit243b.html]
[www.w3schools.com/bootstrap4/tryited15.html]
[www.w3schools.com/bootstrap4/tryit0c12.html]
[www.w3schools.com/bootstrap4/tryit97a1.html]
[www.w3schools.com/bootstrap4/tryit2477.html]
[use.fontawesome.com/releases/v5.6.3/css/all.css]
[www.w3schools.com/bootstrap4/tryit16ab.html]
[www.w3schools.com/bootstrap4/tryit77b0.html]
[cdnjs.cloudflare.com/ajax/libs/popper.js/1.16.0/umd/popper.min.js]
[www.w3schools.com/bootstrap4/img_avatar2.png]
[www.w3schools.com/bootstrap4/tryit77b8.html]
[www.w3schools.com/bootstrap4/tryit2302.html]
[www.w3schools.com/bootstrap4/tryitaa18.html]
[www.w3schools.com/bootstrap4/tryit19a8.html]
[www.w3schools.com/bootstrap4/tryita804.html]
[www.w3schools.com/bootstrap4/tryitdafe.html]
[www.w3schools.com/bootstrap4/tryitabd1.html]
[www.w3schools.com/bootstrap4/tryitf4dc.html]
[www.w3schools.com/bootstrap4/tryita8f5.html]
[www.w3schools.com/bootstrap4/tryit2e27.html]
[www.w3schools.com/bootstrap4/tryitc622.html]
[www.w3schools.com/bootstrap4/tryita4e9.html]
[www.w3schools.com/bootstrap4/tryitbd5a.html]
[www.w3schools.com/bootstrap4/tryit28f2.html]
[www.w3schools.com/bootstrap4/tryitd08a.html]
[www.w3schools.com/bootstrap4/tryit3ba0.html]
[www.w3schools.com/bootstrap4/tryitd3ea.html]
[www.w3schools.com/bootstrap4/tryit1540.html]
[www.w3schools.com/bootstrap4/tryit25f3.html]
[maxcdn.bootstrapcdn.com/bootstrap/4.4.1/css/bootstrap.min.css]
[www.w3schools.com/bootstrap4/tryitdc4d.html]
[www.w3schools.com/bootstrap4/tryite2a9.html]
[www.w3schools.com/bootstrap4/tryit66a7.html]
[www.w3schools.com/bootstrap4/tryit95c2.html]
[www.w3schools.com/bootstrap4/tryit2b7d.html]
[www.w3schools.com/bootstrap4/tryit62e1.html]
[www.w3schools.com/bootstrap4/tryit6afd.html]
[www.w3schools.com/bootstrap4/tryit7c95.html]
[www.w3schools.com/bootstrap4/tryitf541.html]
[www.w3schools.com/bootstrap4/tryit92e2.html]
[www.w3schools.com/bootstrap4/tryit4f37.html]
[maxcdn.bootstrapcdn.com/bootstrap/4.1.0/css/bootstrap.min.css]
[www.w3schools.com/bootstrap4/tryitd671.html]
[www.w3schools.com/bootstrap4/tryit88f6.html]
[www.w3schools.com/bootstrap4/tryit322a.html]
[www.w3schools.com/bootstrap4/tryit7673.html]
[www.w3schools.com/bootstrap4/tryit5042.html]
[www.w3schools.com/bootstrap4/tryitd383.html]
[www.w3schools.com/bootstrap4/tryit763a.html]
[www.w3schools.com/bootstrap4/tryitf6fe.html]
[www.w3schools.com/bootstrap4/tryit3e34.html]
[www.w3schools.com/bootstrap4/tryitacfe.html]
[www.w3schools.com/bootstrap4/tryit5f6c.html]
[www.w3schools.com/bootstrap4/tryit6a3e.html]
[www.w3schools.com/bootstrap4/tryit588f.html]
[www.w3schools.com/bootstrap4/tryit3ec9.html]
[www.w3schools.com/bootstrap4/tryitdb23.html]
[www.w3schools.com/bootstrap4/tryit55e2.html]
[www.w3schools.com/bootstrap4/tryit858a.html]
[www.w3schools.com/bootstrap4/tryitb547.html]
[www.w3schools.com/bootstrap4/tryitb5e5.html]
[www.w3schools.com/bootstrap4/tryitfa5c.html]
[www.w3schools.com/bootstrap4/tryit40d6.html]
[www.w3schools.com/bootstrap4/tryitdbff.html]
[www.w3schools.com/bootstrap4/tryitb120.html]
[www.w3schools.com/bootstrap4/tryit732a.html]
[www.w3schools.com/bootstrap4/tryit11d1.html]
[www.w3schools.com/bootstrap4/tryitab31.html]
[www.w3schools.com/bootstrap4/tryit0f41.html]
[www.w3schools.com/bootstrap4/tryit8715.html]
[www.w3schools.com/bootstrap4/tryit6b3a.html]
[www.w3schools.com/bootstrap4/tryit45c8.html]
[www.w3schools.com/bootstrap4/tryitb024.html]
[www.w3schools.com/bootstrap4/tryit5ecf.html]
[www.w3schools.com/bootstrap4/tryit20e2.html]
[www.w3schools.com/bootstrap4/tryit5136.html]
[www.w3schools.com/bootstrap4/tryit1e21.html]
[www.w3schools.com/bootstrap4/tryit340d.html]
[www.w3schools.com/bootstrap4/tryit9a54.html]
[www.w3schools.com/bootstrap4/tryitfb9e.html]
[www.w3schools.com/bootstrap4/tryit8524.html]
[www.w3schools.com/bootstrap4/tryit8205.html]
[www.w3schools.com/bootstrap4/tryit667c.html]
[www.w3schools.com/bootstrap4/tryit2a1d.html]
[www.w3schools.com/bootstrap4/tryitc5f2.html]
[www.w3schools.com/bootstrap4/tryit4dfb.html]
[www.w3schools.com/bootstrap4/tryitcbc4.html]
[www.w3schools.com/bootstrap4/tryit8d83.html]
[www.w3schools.com/bootstrap4/tryitdebd.html]
[www.w3schools.com/bootstrap4/tryitf947.html]
[www.w3schools.com/bootstrap4/tryit32d2.html]
[www.w3schools.com/bootstrap4/tryit9c98.html]
[www.w3schools.com/bootstrap4/tryit2d30.html]
[www.w3schools.com/bootstrap4/tryit4b02.html]
[www.w3schools.com/bootstrap4/tryitfbcd.html]
[www.w3schools.com/bootstrap4/tryit3547.html]
[www.w3schools.com/bootstrap4/tryitc60a.html]
[www.w3schools.com/bootstrap4/tryit82c5.html]
[www.w3schools.com/bootstrap4/tryitac10.html]
[www.w3schools.com/bootstrap4/tryita6d7.html]
[www.w3schools.com/bootstrap4/tryit093d.html]
[www.w3schools.com/bootstrap4/tryit5d78.html]
[www.w3schools.com/bootstrap4/tryit23d0.html]
[www.w3schools.com/bootstrap4/tryit00e0.html]
[www.w3schools.com/bootstrap4/tryit6475.html]
[www.w3schools.com/bootstrap4/tryitee71.html]
[www.w3schools.com/bootstrap4/tryit4e49.html]
[www.w3schools.com/bootstrap4/tryit6e06.html]
[www.w3schools.com/bootstrap4/tryit0473.html]
[www.w3schools.com/bootstrap4/tryit5213.html]
[www.w3schools.com/bootstrap4/tryitcd0b.html]
[www.w3schools.com/bootstrap4/tryit5643.html]
[www.w3schools.com/bootstrap4/tryit1bd8.html]
[www.w3schools.com/bootstrap4/tryit8d55.html]
[www.w3schools.com/bootstrap4/tryitc5ff.html]
[www.w3schools.com/bootstrap4/tryit8cf6.html]
[www.w3schools.com/bootstrap4/tryit1f1f.html]
[www.w3schools.com/bootstrap4/tryit450b.html]
[www.w3schools.com/bootstrap4/tryit05c4.html]
[www.w3schools.com/bootstrap4/tryit8b72.html]
[www.w3schools.com/bootstrap4/tryitca51.html]
[www.w3schools.com/bootstrap4/tryit20f8.html]
[www.w3schools.com/bootstrap4/tryitcebe.html]
[www.w3schools.com/bootstrap4/tryit8a3a.html]
[www.w3schools.com/bootstrap4/tryita7da.html]
[www.w3schools.com/bootstrap4/tryit610b.html]
[www.w3schools.com/bootstrap4/tryit3261.html]
[www.w3schools.com/bootstrap4/tryit1bbb.html]
[www.w3schools.com/bootstrap4/tryitee61.html]
[www.w3schools.com/bootstrap4/tryit42f6.html]
[www.w3schools.com/bootstrap4/tryitf049.html]
[www.w3schools.com/bootstrap4/tryit587e.html]
[www.w3schools.com/bootstrap4/tryit4c46.html]
[www.w3schools.com/bootstrap4/tryite73e.html]
[www.w3schools.com/bootstrap4/tryit81a4.html]
[www.w3schools.com/bootstrap4/tryit1a55.html]
[www.w3schools.com/bootstrap4/tryit578a.html]
[www.w3schools.com/bootstrap4/tryit72ff.html]
[www.w3schools.com/bootstrap4/tryitac4e.html]
[www.w3schools.com/bootstrap4/tryit67bd.html]
[www.w3schools.com/bootstrap4/tryitf434.html]
[www.w3schools.com/bootstrap4/tryit2f3b.html]
[www.w3schools.com/bootstrap4/tryit325f.html]
[www.w3schools.com/bootstrap4/tryitdc16.html]
[www.w3schools.com/bootstrap4/tryit3177.html]
[www.w3schools.com/bootstrap4/tryita81e.html]
[www.w3schools.com/bootstrap4/tryitece1.html]
[www.w3schools.com/lib/codemirror.css]
[cdn.jsdelivr.net/npm/bootstrap@4.6.2/dist/css/bootstrap.min.css]
[www.w3schools.com/lib/spaceit.css]
[www.w3schools.com/bootstrap4/api.exercise.html]
[connect.facebook.net/nb_NO/sdk.js]
[www.w3schools.com/bootstrap4/exercise_bs44ec8.html]
[www.w3schools.com/bootstrap4/exercise_bs40849.html]
[www.w3schools.com/bootstrap4/exercise_bs478d4.html]
[www.w3schools.com/bootstrap4/exercise_bs4d0c4.html]
[www.w3schools.com/bootstrap4/exercise_bs424fa.html]
[www.w3schools.com/bootstrap4/exercise_bs4d76e.html]
[www.w3schools.com/bootstrap4/exercise_bs440d1.html]
[www.w3schools.com/bootstrap4/exercise_bs43d67.html]
[www.w3schools.com/bootstrap4/exercise_bs4f43a.html]
[www.w3schools.com/bootstrap4/exercise_bs4ca26.html]
[www.w3schools.com/bootstrap4/exercise_bs4ab9d.html]
[www.w3schools.com/bootstrap4/exercise_bs48cab.html]
[www.w3schools.com/bootstrap4/exercise_bs4836d.html]
[www.w3schools.com/bootstrap4/exercise_bs4fab1.html]
[www.w3schools.com/bootstrap4/exercise_bs4ef25.html]
[www.w3schools.com/bootstrap4/exercise_bs4eaa7.html]
[www.w3schools.com/bootstrap4/exercise_bs4f2cd.html]
[www.w3schools.com/bootstrap4/exercise_bs466fd.html]
[maxcdn.bootstrapcdn.com/bootstrap/3.3.5/css/bootstrap.min.css]
[www.w3schools.com/bootstrap4/exercise_bs48b3b.html]
[www.w3schools.com/bootstrap4/exercise_bs45afd.html]
[www.w3schools.com/bootstrap4/exercise_bs448cf.html]
[www.w3schools.com/bootstrap4/exercise_bs44e92.html]
[www.w3schools.com/bootstrap4/exercise_bs42d49.html]
[www.w3schools.com/bootstrap4/exercise_bs4e3a0.html]
[www.w3schools.com/bootstrap4/exercise_bs4b9eb.html]
[www.w3schools.com/bootstrap4/exercise_bs4fc33.html]
[www.w3schools.com/bootstrap4/exercise_bs453cb.html]
[www.w3schools.com/bootstrap4/exercise_bs4218b.html]
[www.w3schools.com/bootstrap4/exercise_bs44f56.html]
[www.w3schools.com/bootstrap4/exercise_bs49786.html]
[www.w3schools.com/bootstrap4/exercise_bs4ae0c.html]
[www.w3schools.com/bootstrap4/exercise_bs49964.html]
[www.w3schools.com/bootstrap4/exercise_bs47971.html]
[www.w3schools.com/bootstrap4/exercise_bs433c5.html]
[www.w3schools.com/bootstrap4/exercise_bs4ca24.html]
[www.w3schools.com/bootstrap4/exercise_bs4285b.html]
[www.w3schools.com/bootstrap4/exercise_bs44382.html]
[www.w3schools.com/bootstrap4/exercise_bs40676.html]
[www.w3schools.com/bootstrap4/exercise_bs44832.html]
[www.w3schools.com/bootstrap4/exercise_bs43287.html]
[www.w3schools.com/bootstrap4/exercise_bs4c18d.html]
[www.w3schools.com/bootstrap4/exercise_bs4a7ea.html]
[www.w3schools.com/bootstrap4/exercise_bs46c6f.html]
[www.w3schools.com/bootstrap4/exercise_bs47951.html]
[www.w3schools.com/bootstrap4/exercise_bs4267c.html]
[www.w3schools.com/bootstrap4/exercise_bs40af5.html]
[www.w3schools.com/bootstrap4/exercise_bs44660.html]
[www.w3schools.com/bootstrap4/exercise_bs41e99.html]
[www.w3schools.com/bootstrap4/exercise_bs4bcaf.html]
[www.w3schools.com/bootstrap4/exercise_bs41e90.html]
[maxcdn.bootstrapcdn.com/bootstrap/4.5.0/css/bootstrap.min.css]
[use.fontawesome.com/releases/v5.6.3/css/all.css]
[maxcdn.bootstrapcdn.com/bootstrap/3.3.5/css/bootstrap.min.css]
